Archive member included to satisfy reference by file (symbol)

D:/GNU_Arm_Embedded_GCC/xpack-arm-none-eabi-gcc-13.2.1-1.1/bin/../lib/gcc/arm-none-eabi/13.2.1/thumb/v7e-m/nofp\libgcc.a(_arm_mulsf3.o)
                              CMakeFiles/PEC_2024.elf.dir/User/Device/deepmotor.c.obj (__aeabi_fmul)
D:/GNU_Arm_Embedded_GCC/xpack-arm-none-eabi-gcc-13.2.1-1.1/bin/../lib/gcc/arm-none-eabi/13.2.1/thumb/v7e-m/nofp\libgcc.a(_arm_addsubsf3.o)
                              CMakeFiles/PEC_2024.elf.dir/User/Device/deepmotor.c.obj (__aeabi_fadd)
D:/GNU_Arm_Embedded_GCC/xpack-arm-none-eabi-gcc-13.2.1-1.1/bin/../lib/gcc/arm-none-eabi/13.2.1/thumb/v7e-m/nofp\libgcc.a(_arm_muldivsf3.o)
                              CMakeFiles/PEC_2024.elf.dir/User/Device/deepmotor.c.obj (__aeabi_fdiv)
D:/GNU_Arm_Embedded_GCC/xpack-arm-none-eabi-gcc-13.2.1-1.1/bin/../lib/gcc/arm-none-eabi/13.2.1/thumb/v7e-m/nofp\libgcc.a(_arm_fixsfsi.o)
                              CMakeFiles/PEC_2024.elf.dir/User/Device/deepmotor.c.obj (__aeabi_f2iz)
D:/GNU_Arm_Embedded_GCC/xpack-arm-none-eabi-gcc-13.2.1-1.1/bin/../lib/gcc/arm-none-eabi/13.2.1/thumb/v7e-m/nofp\libgcc.a(_aeabi_uldivmod.o)
                              CMakeFiles/PEC_2024.elf.dir/Drivers/STM32G4xx_HAL_Driver/Src/stm32g4xx_hal_uart.c.obj (__aeabi_uldivmod)
D:/GNU_Arm_Embedded_GCC/xpack-arm-none-eabi-gcc-13.2.1-1.1/bin/../lib/gcc/arm-none-eabi/13.2.1/thumb/v7e-m/nofp\libgcc.a(_udivmoddi4.o)
                              D:/GNU_Arm_Embedded_GCC/xpack-arm-none-eabi-gcc-13.2.1-1.1/bin/../lib/gcc/arm-none-eabi/13.2.1/thumb/v7e-m/nofp\libgcc.a(_aeabi_uldivmod.o) (__udivmoddi4)
D:/GNU_Arm_Embedded_GCC/xpack-arm-none-eabi-gcc-13.2.1-1.1/bin/../lib/gcc/arm-none-eabi/13.2.1/thumb/v7e-m/nofp\libgcc.a(_dvmd_tls.o)
                              D:/GNU_Arm_Embedded_GCC/xpack-arm-none-eabi-gcc-13.2.1-1.1/bin/../lib/gcc/arm-none-eabi/13.2.1/thumb/v7e-m/nofp\libgcc.a(_aeabi_uldivmod.o) (__aeabi_ldiv0)
D:/GNU_Arm_Embedded_GCC/xpack-arm-none-eabi-gcc-13.2.1-1.1/bin/../lib/gcc/arm-none-eabi/13.2.1/../../../../arm-none-eabi/lib/thumb/v7e-m/nofp\libg.a(libc_a-atexit.o)
                              D:/GNU_Arm_Embedded_GCC/xpack-arm-none-eabi-gcc-13.2.1-1.1/bin/../lib/gcc/arm-none-eabi/13.2.1/../../../../arm-none-eabi/lib/thumb/v7e-m/nofp/crt0.o (atexit)
D:/GNU_Arm_Embedded_GCC/xpack-arm-none-eabi-gcc-13.2.1-1.1/bin/../lib/gcc/arm-none-eabi/13.2.1/../../../../arm-none-eabi/lib/thumb/v7e-m/nofp\libg.a(libc_a-exit.o)
                              D:/GNU_Arm_Embedded_GCC/xpack-arm-none-eabi-gcc-13.2.1-1.1/bin/../lib/gcc/arm-none-eabi/13.2.1/../../../../arm-none-eabi/lib/thumb/v7e-m/nofp/crt0.o (exit)
D:/GNU_Arm_Embedded_GCC/xpack-arm-none-eabi-gcc-13.2.1-1.1/bin/../lib/gcc/arm-none-eabi/13.2.1/../../../../arm-none-eabi/lib/thumb/v7e-m/nofp\libg.a(libc_a-findfp.o)
                              D:/GNU_Arm_Embedded_GCC/xpack-arm-none-eabi-gcc-13.2.1-1.1/bin/../lib/gcc/arm-none-eabi/13.2.1/../../../../arm-none-eabi/lib/thumb/v7e-m/nofp\libg.a(libc_a-exit.o) (__stdio_exit_handler)
D:/GNU_Arm_Embedded_GCC/xpack-arm-none-eabi-gcc-13.2.1-1.1/bin/../lib/gcc/arm-none-eabi/13.2.1/../../../../arm-none-eabi/lib/thumb/v7e-m/nofp\libg.a(libc_a-fwalk.o)
                              D:/GNU_Arm_Embedded_GCC/xpack-arm-none-eabi-gcc-13.2.1-1.1/bin/../lib/gcc/arm-none-eabi/13.2.1/../../../../arm-none-eabi/lib/thumb/v7e-m/nofp\libg.a(libc_a-findfp.o) (_fwalk_sglue)
D:/GNU_Arm_Embedded_GCC/xpack-arm-none-eabi-gcc-13.2.1-1.1/bin/../lib/gcc/arm-none-eabi/13.2.1/../../../../arm-none-eabi/lib/thumb/v7e-m/nofp\libg.a(libc_a-stdio.o)
                              D:/GNU_Arm_Embedded_GCC/xpack-arm-none-eabi-gcc-13.2.1-1.1/bin/../lib/gcc/arm-none-eabi/13.2.1/../../../../arm-none-eabi/lib/thumb/v7e-m/nofp\libg.a(libc_a-findfp.o) (__sread)
D:/GNU_Arm_Embedded_GCC/xpack-arm-none-eabi-gcc-13.2.1-1.1/bin/../lib/gcc/arm-none-eabi/13.2.1/../../../../arm-none-eabi/lib/thumb/v7e-m/nofp\libg.a(libc_a-memset.o)
                              D:/GNU_Arm_Embedded_GCC/xpack-arm-none-eabi-gcc-13.2.1-1.1/bin/../lib/gcc/arm-none-eabi/13.2.1/../../../../arm-none-eabi/lib/thumb/v7e-m/nofp/crt0.o (memset)
D:/GNU_Arm_Embedded_GCC/xpack-arm-none-eabi-gcc-13.2.1-1.1/bin/../lib/gcc/arm-none-eabi/13.2.1/../../../../arm-none-eabi/lib/thumb/v7e-m/nofp\libg.a(libc_a-closer.o)
                              D:/GNU_Arm_Embedded_GCC/xpack-arm-none-eabi-gcc-13.2.1-1.1/bin/../lib/gcc/arm-none-eabi/13.2.1/../../../../arm-none-eabi/lib/thumb/v7e-m/nofp\libg.a(libc_a-stdio.o) (_close_r)
D:/GNU_Arm_Embedded_GCC/xpack-arm-none-eabi-gcc-13.2.1-1.1/bin/../lib/gcc/arm-none-eabi/13.2.1/../../../../arm-none-eabi/lib/thumb/v7e-m/nofp\libg.a(libc_a-reent.o)
                              D:/GNU_Arm_Embedded_GCC/xpack-arm-none-eabi-gcc-13.2.1-1.1/bin/../lib/gcc/arm-none-eabi/13.2.1/../../../../arm-none-eabi/lib/thumb/v7e-m/nofp\libg.a(libc_a-closer.o) (errno)
[...]
Memory Configuration

Name             Origin             Length             Attributes
RAM              0x20000000         0x00020000         xrw
FLASH            0x08000000         0x00080000         xr
*default*        0x00000000         0xffffffff

Linker script and memory map

LOAD D:/GNU_Arm_Embedded_GCC/xpack-arm-none-eabi-gcc-13.2.1-1.1/bin/../lib/gcc/arm-none-eabi/13.2.1/thumb/v7e-m/nofp/crti.o
LOAD D:/GNU_Arm_Embedded_GCC/xpack-arm-none-eabi-gcc-13.2.1-1.1/bin/../lib/gcc/arm-none-eabi/13.2.1/thumb/v7e-m/nofp/crtbegin.o
LOAD D:/GNU_Arm_Embedded_GCC/xpack-arm-none-eabi-gcc-13.2.1-1.1/bin/../lib/gcc/arm-none-eabi/13.2.1/../../../../arm-none-eabi/lib/thumb/v7e-m/nofp/crt0.o
LOAD CMakeFiles/PEC_2024.elf.dir/Core/Src/dma.c.obj
LOAD CMakeFiles/PEC_2024.elf.dir/Core/Src/fdcan.c.obj
LOAD CMakeFiles/PEC_2024.elf.dir/Core/Src/gpio.c.obj
LOAD CMakeFiles/PEC_2024.elf.dir/Core/Src/main.c.obj
LOAD CMakeFiles/PEC_2024.elf.dir/Core/Src/stm32g4xx_hal_msp.c.obj
LOAD CMakeFiles/PEC_2024.elf.dir/Core/Src/stm32g4xx_it.c.obj
LOAD CMakeFiles/PEC_2024.elf.dir/Core/Src/syscalls.c.obj
LOAD CMakeFiles/PEC_2024.elf.dir/Core/Src/sysmem.c.obj
LOAD CMakeFiles/PEC_2024.elf.dir/Core/Src/system_stm32g4xx.c.obj
LOAD CMakeFiles/PEC_2024.elf.dir/Core/Src/usart.c.obj
LOAD CMakeFiles/PEC_2024.elf.dir/Core/Startup/startup_stm32g474vetx.s.obj
LOAD CMakeFiles/PEC_2024.elf.dir/Drivers/STM32G4xx_HAL_Driver/Src/stm32g4xx_hal.c.obj
LOAD CMakeFiles/PEC_2024.elf.dir/Drivers/STM32G4xx_HAL_Driver/Src/stm32g4xx_hal_cortex.c.obj
LOAD CMakeFiles/PEC_2024.elf.dir/Drivers/STM32G4xx_HAL_Driver/Src/stm32g4xx_hal_dma.c.obj
LOAD CMakeFiles/PEC_2024.elf.dir/Drivers/STM32G4xx_HAL_Driver/Src/stm32g4xx_hal_dma_ex.c.obj
LOAD CMakeFiles/PEC_2024.elf.dir/Drivers/STM32G4xx_HAL_Driver/Src/stm32g4xx_hal_exti.c.obj
LOAD CMakeFiles/PEC_2024.elf.dir/Drivers/STM32G4xx_HAL_Driver/Src/stm32g4xx_hal_fdcan.c.obj
LOAD CMakeFiles/PEC_2024.elf.dir/Drivers/STM32G4xx_HAL_Driver/Src/stm32g4xx_hal_flash.c.obj
LOAD CMakeFiles/PEC_2024.elf.dir/Drivers/STM32G4xx_HAL_Driver/Src/stm32g4xx_hal_flash_ex.c.obj
LOAD CMakeFiles/PEC_2024.elf.dir/Drivers/STM32G4xx_HAL_Driver/Src/stm32g4xx_hal_flash_ramfunc.c.obj
LOAD CMakeFiles/PEC_2024.elf.dir/Drivers/STM32G4xx_HAL_Driver/Src/stm32g4xx_hal_gpio.c.obj
LOAD CMakeFiles/PEC_2024.elf.dir/Drivers/STM32G4xx_HAL_Driver/Src/stm32g4xx_hal_pwr.c.obj
LOAD CMakeFiles/PEC_2024.elf.dir/Drivers/STM32G4xx_HAL_Driver/Src/stm32g4xx_hal_pwr_ex.c.obj
LOAD CMakeFiles/PEC_2024.elf.dir/Drivers/STM32G4xx_HAL_Driver/Src/stm32g4xx_hal_rcc.c.obj
LOAD CMakeFiles/PEC_2024.elf.dir/Drivers/STM32G4xx_HAL_Driver/Src/stm32g4xx_hal_rcc_ex.c.obj
LOAD CMakeFiles/PEC_2024.elf.dir/Drivers/STM32G4xx_HAL_Driver/Src/stm32g4xx_hal_tim.c.obj
LOAD CMakeFiles/PEC_2024.elf.dir/Drivers/STM32G4xx_HAL_Driver/Src/stm32g4xx_hal_tim_ex.c.obj
LOAD CMakeFiles/PEC_2024.elf.dir/Drivers/STM32G4xx_HAL_Driver/Src/stm32g4xx_hal_uart.c.obj
LOAD CMakeFiles/PEC_2024.elf.dir/Drivers/STM32G4xx_HAL_Driver/Src/stm32g4xx_hal_uart_ex.c.obj
LOAD CMakeFiles/PEC_2024.elf.dir/User/BSP/MyCan.c.obj
LOAD CMakeFiles/PEC_2024.elf.dir/User/BSP/VisionUnpack.c.obj
LOAD CMakeFiles/PEC_2024.elf.dir/User/Device/M2006.c.obj
LOAD CMakeFiles/PEC_2024.elf.dir/User/Device/Vision.c.obj
LOAD CMakeFiles/PEC_2024.elf.dir/User/Device/deepmotor.c.obj
LOAD CMakeFiles/PEC_2024.elf.dir/User/Device/magnet.c.obj
LOAD CMakeFiles/PEC_2024.elf.dir/User/FSM/Place.c.obj
LOAD CMakeFiles/PEC_2024.elf.dir/User/FSM/Reset.c.obj
LOAD CMakeFiles/PEC_2024.elf.dir/User/Task/fsm_main.c.obj
START GROUP
LOAD D:/GNU_Arm_Embedded_GCC/xpack-arm-none-eabi-gcc-13.2.1-1.1/bin/../lib/gcc/arm-none-eabi/13.2.1/thumb/v7e-m/nofp\libgcc.a
LOAD D:/GNU_Arm_Embedded_GCC/xpack-arm-none-eabi-gcc-13.2.1-1.1/bin/../lib/gcc/arm-none-eabi/13.2.1/../../../../arm-none-eabi/lib/thumb/v7e-m/nofp\libg.a
LOAD D:/GNU_Arm_Embedded_GCC/xpack-arm-none-eabi-gcc-13.2.1-1.1/bin/../lib/gcc/arm-none-eabi/13.2.1/../../../../arm-none-eabi/lib/thumb/v7e-m/nofp\libc.a
END GROUP
LOAD D:/GNU_Arm_Embedded_GCC/xpack-arm-none-eabi-gcc-13.2.1-1.1/bin/../lib/gcc/arm-none-eabi/13.2.1/thumb/v7e-m/nofp/crtend.o
LOAD D:/GNU_Arm_Embedded_GCC/xpack-arm-none-eabi-gcc-13.2.1-1.1/bin/../lib/gcc/arm-none-eabi/13.2.1/thumb/v7e-m/nofp/crtn.o
                0x20020000                        _estack = (ORIGIN (RAM) + LENGTH (RAM))
                0x00000200                        _Min_Heap_Size = 0x200
                0x00000400                        _Min_Stack_Size = 0x400

.isr_vector     0x08000000      0x1d8
                0x08000000                        . = ALIGN (0x4)
 *(.isr_vector)
 .isr_vector    0x08000000      0x1d8 CMakeFiles/PEC_2024.elf.dir/Core/Startup/startup_stm32g474vetx.s.obj
                0x08000000                g_pfnVectors
                0x080001d8                        . = ALIGN (0x4)

.text           0x080001d8     0x3828
                0x080001d8                        . = ALIGN (0x4)
 *(.text)
 .text          0x080001d8      0x21c D:/GNU_Arm_Embedded_GCC/xpack-arm-none-eabi-gcc-13.2.1-1.1/bin/../lib/gcc/arm-none-eabi/13.2.1/thumb/v7e-m/nofp\libgcc.a(_arm_addsubsf3.o)
                0x080001d8                __aeabi_frsub
                0x080001e0                __subsf3
                0x080001e0                __aeabi_fsub
                0x080001e4                __aeabi_fadd
                0x080001e4                __addsf3
                0x08000344                __aeabi_ui2f
                0x08000344                __floatunsisf
                0x0800034c                __aeabi_i2f
                0x0800034c                __floatsisf
                0x08000368                __aeabi_ul2f
                0x08000368                __floatundisf
                0x08000378                __aeabi_l2f
                0x08000378                __floatdisf
 .text          0x080003f4      0x2a0 D:/GNU_Arm_Embedded_GCC/xpack-arm-none-eabi-gcc-13.2.1-1.1/bin/../lib/gcc/arm-none-eabi/13.2.1/thumb/v7e-m/nofp\libgcc.a(_arm_muldivsf3.o)
                0x080003f4                __mulsf3
                0x080003f4                __aeabi_fmul
                0x0800055c                __aeabi_fdiv
                0x0800055c                __divsf3
 .text          0x08000694       0x4c D:/GNU_Arm_Embedded_GCC/xpack-arm-none-eabi-gcc-13.2.1-1.1/bin/../lib/gcc/arm-none-eabi/13.2.1/thumb/v7e-m/nofp\libgcc.a(_arm_fixsfsi.o)
                0x08000694                __aeabi_f2iz
                0x08000694                __fixsfsi
 .text          0x080006e0       0x30 D:/GNU_Arm_Embedded_GCC/xpack-arm-none-eabi-gcc-13.2.1-1.1/bin/../lib/gcc/arm-none-eabi/13.2.1/thumb/v7e-m/nofp\libgcc.a(_aeabi_uldivmod.o)
                0x080006e0                __aeabi_uldivmod
 .text          0x08000710        0x4 D:/GNU_Arm_Embedded_GCC/xpack-arm-none-eabi-gcc-13.2.1-1.1/bin/../lib/gcc/arm-none-eabi/13.2.1/thumb/v7e-m/nofp\libgcc.a(_dvmd_tls.o)
                0x08000710                __aeabi_idiv0
                0x08000710                __aeabi_ldiv0
 *(.text*)
 .text.__do_global_dtors_aux
                0x08000714       0x24 D:/GNU_Arm_Embedded_GCC/xpack-arm-none-eabi-gcc-13.2.1-1.1/bin/../lib/gcc/arm-none-eabi/13.2.1/thumb/v7e-m/nofp/crtbegin.o
 .text.frame_dummy
                0x08000738       0x1c D:/GNU_Arm_Embedded_GCC/xpack-arm-none-eabi-gcc-13.2.1-1.1/bin/../lib/gcc/arm-none-eabi/13.2.1/thumb/v7e-m/nofp/crtbegin.o
 .text.MX_DMA_Init
                0x08000754       0x54 CMakeFiles/PEC_2024.elf.dir/Core/Src/dma.c.obj
                0x08000754                MX_DMA_Init
 .text.MX_FDCAN1_Init
                0x080007a8       0x48 CMakeFiles/PEC_2024.elf.dir/Core/Src/fdcan.c.obj
                0x080007a8                MX_FDCAN1_Init
 .text.HAL_FDCAN_MspInit
                0x080007f0       0x90 CMakeFiles/PEC_2024.elf.dir/Core/Src/fdcan.c.obj
                0x080007f0                HAL_FDCAN_MspInit
 .text.MX_GPIO_Init
                0x08000880       0x8c CMakeFiles/PEC_2024.elf.dir/Core/Src/gpio.c.obj
                0x08000880                MX_GPIO_Init
 .text.Error_Handler
                0x0800090c        0x4 CMakeFiles/PEC_2024.elf.dir/Core/Src/main.c.obj
                0x0800090c                Error_Handler
 .text.SystemClock_Config
                0x08000910       0x70 CMakeFiles/PEC_2024.elf.dir/Core/Src/main.c.obj
                0x08000910                SystemClock_Config
 .text.main     0x08000980       0x28 CMakeFiles/PEC_2024.elf.dir/Core/Src/main.c.obj
                0x08000980                main
 .text.HAL_MspInit
                0x080009a8       0x38 CMakeFiles/PEC_2024.elf.dir/Core/Src/stm32g4xx_hal_msp.c.obj
                0x080009a8                HAL_MspInit
 .text.NMI_Handler
                0x080009e0        0x2 CMakeFiles/PEC_2024.elf.dir/Core/Src/stm32g4xx_it.c.obj
                0x080009e0                NMI_Handler
 .text.HardFault_Handler
                0x080009e2        0x2 CMakeFiles/PEC_2024.elf.dir/Core/Src/stm32g4xx_it.c.obj
                0x080009e2                HardFault_Handler
 .text.MemManage_Handler
                0x080009e4        0x2 CMakeFiles/PEC_2024.elf.dir/Core/Src/stm32g4xx_it.c.obj
                0x080009e4                MemManage_Handler
 .text.BusFault_Handler
                0x080009e6        0x2 CMakeFiles/PEC_2024.elf.dir/Core/Src/stm32g4xx_it.c.obj
                0x080009e6                BusFault_Handler
 .text.UsageFault_Handler
                0x080009e8        0x2 CMakeFiles/PEC_2024.elf.dir/Core/Src/stm32g4xx_it.c.obj
                0x080009e8                UsageFault_Handler
 .text.SVC_Handler
                0x080009ea        0x2 CMakeFiles/PEC_2024.elf.dir/Core/Src/stm32g4xx_it.c.obj
                0x080009ea                SVC_Handler
 .text.DebugMon_Handler
                0x080009ec        0x2 CMakeFiles/PEC_2024.elf.dir/Core/Src/stm32g4xx_it.c.obj
                0x080009ec                DebugMon_Handler
 .text.PendSV_Handler
                0x080009ee        0x2 CMakeFiles/PEC_2024.elf.dir/Core/Src/stm32g4xx_it.c.obj
                0x080009ee                PendSV_Handler
 .text.SysTick_Handler
                0x080009f0        0x8 CMakeFiles/PEC_2024.elf.dir/Core/Src/stm32g4xx_it.c.obj
                0x080009f0                SysTick_Handler
 .text.DMA1_Channel1_IRQHandler
                0x080009f8       0x10 CMakeFiles/PEC_2024.elf.dir/Core/Src/stm32g4xx_it.c.obj
                0x080009f8                DMA1_Channel1_IRQHandler
 .text.DMA1_Channel2_IRQHandler
                0x08000a08       0x10 CMakeFiles/PEC_2024.elf.dir/Core/Src/stm32g4xx_it.c.obj
                0x08000a08                DMA1_Channel2_IRQHandler
 .text.USART2_IRQHandler
                0x08000a18       0x10 CMakeFiles/PEC_2024.elf.dir/Core/Src/stm32g4xx_it.c.obj
                0x08000a18                USART2_IRQHandler
 .text.SystemInit
                0x08000a28        0x2 CMakeFiles/PEC_2024.elf.dir/Core/Src/system_stm32g4xx.c.obj
                0x08000a28                SystemInit
 *fill*         0x08000a2a        0x2 
 .text.MX_USART1_UART_Init
                0x08000a2c       0x68 CMakeFiles/PEC_2024.elf.dir/Core/Src/usart.c.obj
                0x08000a2c                MX_USART1_UART_Init
 .text.MX_USART2_UART_Init
                0x08000a94       0x68 CMakeFiles/PEC_2024.elf.dir/Core/Src/usart.c.obj
                0x08000a94                MX_USART2_UART_Init
 .text.HAL_UART_MspInit
                0x08000afc      0x168 CMakeFiles/PEC_2024.elf.dir/Core/Src/usart.c.obj
                0x08000afc                HAL_UART_MspInit
 .text.Reset_Handler
                0x08000c64       0x50 CMakeFiles/PEC_2024.elf.dir/Core/Startup/startup_stm32g474vetx.s.obj
                0x08000c64                Reset_Handler
 .text.Default_Handler
                0x08000cb4        0x2 CMakeFiles/PEC_2024.elf.dir/Core/Startup/startup_stm32g474vetx.s.obj
                0x08000cb4                RTC_Alarm_IRQHandler
                0x08000cb4                EXTI2_IRQHandler
                0x08000cb4                TIM8_TRG_COM_IRQHandler
                0x08000cb4                TIM8_CC_IRQHandler
                0x08000cb4                HRTIM1_Master_IRQHandler
                0x08000cb4                SPI4_IRQHandler
                0x08000cb4                FDCAN3_IT0_IRQHandler
                0x08000cb4                TIM1_CC_IRQHandler
                0x08000cb4                HRTIM1_FLT_IRQHandler
                0x08000cb4                HRTIM1_TIMF_IRQHandler
                0x08000cb4                USB_HP_IRQHandler
                0x08000cb4                CORDIC_IRQHandler
                0x08000cb4                HRTIM1_TIMD_IRQHandler
                0x08000cb4                DMA2_Channel8_IRQHandler
                0x08000cb4                EXTI3_IRQHandler
                0x08000cb4                I2C3_ER_IRQHandler
                0x08000cb4                EXTI0_IRQHandler
                0x08000cb4                I2C2_EV_IRQHandler
                0x08000cb4                FPU_IRQHandler
                0x08000cb4                FDCAN1_IT1_IRQHandler
                0x08000cb4                TIM1_UP_TIM16_IRQHandler
                0x08000cb4                ADC1_2_IRQHandler
                0x08000cb4                HRTIM1_TIME_IRQHandler
                0x08000cb4                SPI1_IRQHandler
                0x08000cb4                TIM6_DAC_IRQHandler
                0x08000cb4                HRTIM1_TIMC_IRQHandler
                0x08000cb4                TIM8_UP_IRQHandler
                0x08000cb4                DMA2_Channel2_IRQHandler
                0x08000cb4                DMA1_Channel4_IRQHandler
                0x08000cb4                TIM20_TRG_COM_IRQHandler
                0x08000cb4                USART3_IRQHandler
                0x08000cb4                DMA1_Channel7_IRQHandler
                0x08000cb4                UART5_IRQHandler
                0x08000cb4                ADC3_IRQHandler
                0x08000cb4                TIM4_IRQHandler
                0x08000cb4                DMA2_Channel1_IRQHandler
                0x08000cb4                QUADSPI_IRQHandler
                0x08000cb4                I2C1_EV_IRQHandler
                0x08000cb4                DMA1_Channel6_IRQHandler
                0x08000cb4                UART4_IRQHandler
                0x08000cb4                DMA2_Channel4_IRQHandler
                0x08000cb4                TIM3_IRQHandler
                0x08000cb4                RCC_IRQHandler
                0x08000cb4                TIM20_UP_IRQHandler
                0x08000cb4                Default_Handler
                0x08000cb4                DMA2_Channel7_IRQHandler
                0x08000cb4                RTC_TAMP_LSECSS_IRQHandler
                0x08000cb4                FMAC_IRQHandler
                0x08000cb4                EXTI15_10_IRQHandler
                0x08000cb4                DMA1_Channel8_IRQHandler
                0x08000cb4                HRTIM1_TIMA_IRQHandler
                0x08000cb4                TIM7_DAC_IRQHandler
                0x08000cb4                FDCAN3_IT1_IRQHandler
                0x08000cb4                TIM5_IRQHandler
                0x08000cb4                UCPD1_IRQHandler
                0x08000cb4                I2C3_EV_IRQHandler
                0x08000cb4                EXTI9_5_IRQHandler
                0x08000cb4                RTC_WKUP_IRQHandler
                0x08000cb4                PVD_PVM_IRQHandler
                0x08000cb4                SPI2_IRQHandler
                0x08000cb4                ADC5_IRQHandler
                0x08000cb4                DMA2_Channel5_IRQHandler
                0x08000cb4                CRS_IRQHandler
                0x08000cb4                DMA1_Channel5_IRQHandler
                0x08000cb4                USB_LP_IRQHandler
                0x08000cb4                EXTI4_IRQHandler
                0x08000cb4                RNG_IRQHandler
                0x08000cb4                HRTIM1_TIMB_IRQHandler
                0x08000cb4                TIM1_TRG_COM_TIM17_IRQHandler
                0x08000cb4                FDCAN2_IT1_IRQHandler
                0x08000cb4                DMA1_Channel3_IRQHandler
                0x08000cb4                ADC4_IRQHandler
                0x08000cb4                WWDG_IRQHandler
                0x08000cb4                I2C4_EV_IRQHandler
                0x08000cb4                FDCAN2_IT0_IRQHandler
                0x08000cb4                LPUART1_IRQHandler
                0x08000cb4                DMA2_Channel6_IRQHandler
                0x08000cb4                FDCAN1_IT0_IRQHandler
                0x08000cb4                TIM2_IRQHandler
                0x08000cb4                COMP7_IRQHandler
                0x08000cb4                COMP1_2_3_IRQHandler
                0x08000cb4                EXTI1_IRQHandler
                0x08000cb4                COMP4_5_6_IRQHandler
                0x08000cb4                TIM20_BRK_IRQHandler
                0x08000cb4                I2C2_ER_IRQHandler
                0x08000cb4                TIM8_BRK_IRQHandler
                0x08000cb4                FLASH_IRQHandler
                0x08000cb4                TIM20_CC_IRQHandler
                0x08000cb4                USART1_IRQHandler
                0x08000cb4                SPI3_IRQHandler
                0x08000cb4                I2C1_ER_IRQHandler
                0x08000cb4                FMC_IRQHandler
                0x08000cb4                LPTIM1_IRQHandler
                0x08000cb4                DMAMUX_OVR_IRQHandler
                0x08000cb4                I2C4_ER_IRQHandler
                0x08000cb4                USBWakeUp_IRQHandler
                0x08000cb4                SAI1_IRQHandler
                0x08000cb4                DMA2_Channel3_IRQHandler
                0x08000cb4                TIM1_BRK_TIM15_IRQHandler
 *fill*         0x08000cb6        0x2 
 .text.HAL_InitTick
                0x08000cb8       0x50 CMakeFiles/PEC_2024.elf.dir/Drivers/STM32G4xx_HAL_Driver/Src/stm32g4xx_hal.c.obj
                0x08000cb8                HAL_InitTick
 .text.HAL_Init
                0x08000d08       0x1e CMakeFiles/PEC_2024.elf.dir/Drivers/STM32G4xx_HAL_Driver/Src/stm32g4xx_hal.c.obj
                0x08000d08                HAL_Init
 *fill*         0x08000d26        0x2 
 .text.HAL_IncTick
                0x08000d28       0x18 CMakeFiles/PEC_2024.elf.dir/Drivers/STM32G4xx_HAL_Driver/Src/stm32g4xx_hal.c.obj
                0x08000d28                HAL_IncTick
 .text.HAL_GetTick
                0x08000d40        0xc CMakeFiles/PEC_2024.elf.dir/Drivers/STM32G4xx_HAL_Driver/Src/stm32g4xx_hal.c.obj
                0x08000d40                HAL_GetTick
 .text.HAL_Delay
                0x08000d4c       0x28 CMakeFiles/PEC_2024.elf.dir/Drivers/STM32G4xx_HAL_Driver/Src/stm32g4xx_hal.c.obj
                0x08000d4c                HAL_Delay
 .text.__NVIC_EnableIRQ
                0x08000d74       0x1c CMakeFiles/PEC_2024.elf.dir/Drivers/STM32G4xx_HAL_Driver/Src/stm32g4xx_hal_cortex.c.obj
 .text.__NVIC_SetPriority
                0x08000d90       0x28 CMakeFiles/PEC_2024.elf.dir/Drivers/STM32G4xx_HAL_Driver/Src/stm32g4xx_hal_cortex.c.obj
 .text.NVIC_EncodePriority
                0x08000db8       0x3e CMakeFiles/PEC_2024.elf.dir/Drivers/STM32G4xx_HAL_Driver/Src/stm32g4xx_hal_cortex.c.obj
 *fill*         0x08000df6        0x2 
 .text.HAL_NVIC_SetPriorityGrouping
                0x08000df8       0x24 CMakeFiles/PEC_2024.elf.dir/Drivers/STM32G4xx_HAL_Driver/Src/stm32g4xx_hal_cortex.c.obj
                0x08000df8                HAL_NVIC_SetPriorityGrouping
 .text.HAL_NVIC_SetPriority
                0x08000e1c       0x20 CMakeFiles/PEC_2024.elf.dir/Drivers/STM32G4xx_HAL_Driver/Src/stm32g4xx_hal_cortex.c.obj
                0x08000e1c                HAL_NVIC_SetPriority
 .text.HAL_NVIC_EnableIRQ
                0x08000e3c        0x8 CMakeFiles/PEC_2024.elf.dir/Drivers/STM32G4xx_HAL_Driver/Src/stm32g4xx_hal_cortex.c.obj
                0x08000e3c                HAL_NVIC_EnableIRQ
 .text.HAL_SYSTICK_Config
                0x08000e44       0x28 CMakeFiles/PEC_2024.elf.dir/Drivers/STM32G4xx_HAL_Driver/Src/stm32g4xx_hal_cortex.c.obj
                0x08000e44                HAL_SYSTICK_Config
 .text.DMA_SetConfig
                0x08000e6c       0x4e CMakeFiles/PEC_2024.elf.dir/Drivers/STM32G4xx_HAL_Driver/Src/stm32g4xx_hal_dma.c.obj
 *fill*         0x08000eba        0x2 
 .text.DMA_CalcDMAMUXChannelBaseAndMask
                0x08000ebc       0x48 CMakeFiles/PEC_2024.elf.dir/Drivers/STM32G4xx_HAL_Driver/Src/stm32g4xx_hal_dma.c.obj
 .text.DMA_CalcDMAMUXRequestGenBaseAndMask
                0x08000f04       0x28 CMakeFiles/PEC_2024.elf.dir/Drivers/STM32G4xx_HAL_Driver/Src/stm32g4xx_hal_dma.c.obj
 .text.HAL_DMA_Init
                0x08000f2c       0xd4 CMakeFiles/PEC_2024.elf.dir/Drivers/STM32G4xx_HAL_Driver/Src/stm32g4xx_hal_dma.c.obj
                0x08000f2c                HAL_DMA_Init
 .text.HAL_DMA_Start_IT
                0x08001000       0x94 CMakeFiles/PEC_2024.elf.dir/Drivers/STM32G4xx_HAL_Driver/Src/stm32g4xx_hal_dma.c.obj
                0x08001000                HAL_DMA_Start_IT
 .text.HAL_DMA_Abort
                0x08001094       0x6c CMakeFiles/PEC_2024.elf.dir/Drivers/STM32G4xx_HAL_Driver/Src/stm32g4xx_hal_dma.c.obj
                0x08001094                HAL_DMA_Abort
 .text.HAL_DMA_Abort_IT
                0x08001100       0x7e CMakeFiles/PEC_2024.elf.dir/Drivers/STM32G4xx_HAL_Driver/Src/stm32g4xx_hal_dma.c.obj
                0x08001100                HAL_DMA_Abort_IT
 .text.HAL_DMA_IRQHandler
                0x0800117e       0xc4 CMakeFiles/PEC_2024.elf.dir/Drivers/STM32G4xx_HAL_Driver/Src/stm32g4xx_hal_dma.c.obj
                0x0800117e                HAL_DMA_IRQHandler
 *fill*         0x08001242        0x2 
 .text.FDCAN_CalcultateRamBlockAddresses
                0x08001244       0x88 CMakeFiles/PEC_2024.elf.dir/Drivers/STM32G4xx_HAL_Driver/Src/stm32g4xx_hal_fdcan.c.obj
 .text.FDCAN_CopyMessageToRAM
                0x080012cc       0x88 CMakeFiles/PEC_2024.elf.dir/Drivers/STM32G4xx_HAL_Driver/Src/stm32g4xx_hal_fdcan.c.obj
 .text.HAL_FDCAN_Init
                0x08001354      0x1d4 CMakeFiles/PEC_2024.elf.dir/Drivers/STM32G4xx_HAL_Driver/Src/stm32g4xx_hal_fdcan.c.obj
                0x08001354                HAL_FDCAN_Init
 .text.HAL_FDCAN_ConfigFilter
                0x08001528       0x60 CMakeFiles/PEC_2024.elf.dir/Drivers/STM32G4xx_HAL_Driver/Src/stm32g4xx_hal_fdcan.c.obj
                0x08001528                HAL_FDCAN_ConfigFilter
 .text.HAL_FDCAN_ConfigGlobalFilter
                0x08001588       0x40 CMakeFiles/PEC_2024.elf.dir/Drivers/STM32G4xx_HAL_Driver/Src/stm32g4xx_hal_fdcan.c.obj
                0x08001588                HAL_FDCAN_ConfigGlobalFilter
 .text.HAL_FDCAN_Start
                0x080015c8       0x2e CMakeFiles/PEC_2024.elf.dir/Drivers/STM32G4xx_HAL_Driver/Src/stm32g4xx_hal_fdcan.c.obj
                0x080015c8                HAL_FDCAN_Start
 .text.HAL_FDCAN_AddMessageToTxFifoQ
                0x080015f6       0x52 CMakeFiles/PEC_2024.elf.dir/Drivers/STM32G4xx_HAL_Driver/Src/stm32g4xx_hal_fdcan.c.obj
                0x080015f6                HAL_FDCAN_AddMessageToTxFifoQ
 .text.HAL_FDCAN_GetTxFifoFreeLevel
                0x08001648        0xc CMakeFiles/PEC_2024.elf.dir/Drivers/STM32G4xx_HAL_Driver/Src/stm32g4xx_hal_fdcan.c.obj
                0x08001648                HAL_FDCAN_GetTxFifoFreeLevel
 .text.HAL_FDCAN_ActivateNotification
                0x08001654      0x106 CMakeFiles/PEC_2024.elf.dir/Drivers/STM32G4xx_HAL_Driver/Src/stm32g4xx_hal_fdcan.c.obj
                0x08001654                HAL_FDCAN_ActivateNotification
 *fill*         0x0800175a        0x2 
 .text.HAL_GPIO_Init
                0x0800175c      0x1dc CMakeFiles/PEC_2024.elf.dir/Drivers/STM32G4xx_HAL_Driver/Src/stm32g4xx_hal_gpio.c.obj
                0x0800175c                HAL_GPIO_Init
 .text.HAL_GPIO_WritePin
                0x08001938        0xa CMakeFiles/PEC_2024.elf.dir/Drivers/STM32G4xx_HAL_Driver/Src/stm32g4xx_hal_gpio.c.obj
                0x08001938                HAL_GPIO_WritePin
 .text.HAL_GPIO_TogglePin
                0x08001942       0x12 CMakeFiles/PEC_2024.elf.dir/Drivers/STM32G4xx_HAL_Driver/Src/stm32g4xx_hal_gpio.c.obj
                0x08001942                HAL_GPIO_TogglePin
 .text.HAL_PWREx_ControlVoltageScaling
                0x08001954      0x10c CMakeFiles/PEC_2024.elf.dir/Drivers/STM32G4xx_HAL_Driver/Src/stm32g4xx_hal_pwr_ex.c.obj
                0x08001954                HAL_PWREx_ControlVoltageScaling
 .text.HAL_PWREx_DisableUCPDDeadBattery
                0x08001a60       0x10 CMakeFiles/PEC_2024.elf.dir/Drivers/STM32G4xx_HAL_Driver/Src/stm32g4xx_hal_pwr_ex.c.obj
                0x08001a60                HAL_PWREx_DisableUCPDDeadBattery
 .text.RCC_GetSysClockFreqFromPLLSource
                0x08001a70       0x58 CMakeFiles/PEC_2024.elf.dir/Drivers/STM32G4xx_HAL_Driver/Src/stm32g4xx_hal_rcc.c.obj
 .text.HAL_RCC_OscConfig
                0x08001ac8      0x4e4 CMakeFiles/PEC_2024.elf.dir/Drivers/STM32G4xx_HAL_Driver/Src/stm32g4xx_hal_rcc.c.obj
                0x08001ac8                HAL_RCC_OscConfig
 .text.HAL_RCC_GetSysClockFreq
                0x08001fac       0x88 CMakeFiles/PEC_2024.elf.dir/Drivers/STM32G4xx_HAL_Driver/Src/stm32g4xx_hal_rcc.c.obj
                0x08001fac                HAL_RCC_GetSysClockFreq
 .text.HAL_RCC_ClockConfig
                0x08002034      0x1f8 CMakeFiles/PEC_2024.elf.dir/Drivers/STM32G4xx_HAL_Driver/Src/stm32g4xx_hal_rcc.c.obj
                0x08002034                HAL_RCC_ClockConfig
 .text.HAL_RCC_GetHCLKFreq
                0x0800222c        0xc CMakeFiles/PEC_2024.elf.dir/Drivers/STM32G4xx_HAL_Driver/Src/stm32g4xx_hal_rcc.c.obj
                0x0800222c                HAL_RCC_GetHCLKFreq
 .text.HAL_RCC_GetPCLK1Freq
                0x08002238       0x24 CMakeFiles/PEC_2024.elf.dir/Drivers/STM32G4xx_HAL_Driver/Src/stm32g4xx_hal_rcc.c.obj
                0x08002238                HAL_RCC_GetPCLK1Freq
 .text.HAL_RCC_GetPCLK2Freq
                0x0800225c       0x24 CMakeFiles/PEC_2024.elf.dir/Drivers/STM32G4xx_HAL_Driver/Src/stm32g4xx_hal_rcc.c.obj
                0x0800225c                HAL_RCC_GetPCLK2Freq
 .text.HAL_RCCEx_PeriphCLKConfig
                0x08002280      0x378 CMakeFiles/PEC_2024.elf.dir/Drivers/STM32G4xx_HAL_Driver/Src/stm32g4xx_hal_rcc_ex.c.obj
                0x08002280                HAL_RCCEx_PeriphCLKConfig
 .text.UART_EndTxTransfer
                0x080025f8       0x32 CMakeFiles/PEC_2024.elf.dir/Drivers/STM32G4xx_HAL_Driver/Src/stm32g4xx_hal_uart.c.obj
 .text.UART_EndRxTransfer
                0x0800262a       0x56 CMakeFiles/PEC_2024.elf.dir/Drivers/STM32G4xx_HAL_Driver/Src/stm32g4xx_hal_uart.c.obj
 .text.HAL_UART_TxCpltCallback
                0x08002680        0x2 CMakeFiles/PEC_2024.elf.dir/Drivers/STM32G4xx_HAL_Driver/Src/stm32g4xx_hal_uart.c.obj
                0x08002680                HAL_UART_TxCpltCallback
 .text.UART_EndTransmit_IT
                0x08002682       0x24 CMakeFiles/PEC_2024.elf.dir/Drivers/STM32G4xx_HAL_Driver/Src/stm32g4xx_hal_uart.c.obj
 .text.HAL_UART_RxCpltCallback
                0x080026a6        0x2 CMakeFiles/PEC_2024.elf.dir/Drivers/STM32G4xx_HAL_Driver/Src/stm32g4xx_hal_uart.c.obj
                0x080026a6                HAL_UART_RxCpltCallback
 .text.HAL_UART_RxHalfCpltCallback
                0x080026a8        0x2 CMakeFiles/PEC_2024.elf.dir/Drivers/STM32G4xx_HAL_Driver/Src/stm32g4xx_hal_uart.c.obj
                0x080026a8                HAL_UART_RxHalfCpltCallback
 .text.HAL_UART_ErrorCallback
                0x080026aa        0x2 CMakeFiles/PEC_2024.elf.dir/Drivers/STM32G4xx_HAL_Driver/Src/stm32g4xx_hal_uart.c.obj
                0x080026aa                HAL_UART_ErrorCallback
 .text.UART_DMAError
                0x080026ac       0x58 CMakeFiles/PEC_2024.elf.dir/Drivers/STM32G4xx_HAL_Driver/Src/stm32g4xx_hal_uart.c.obj
 .text.UART_DMAAbortOnError
                0x08002704       0x14 CMakeFiles/PEC_2024.elf.dir/Drivers/STM32G4xx_HAL_Driver/Src/stm32g4xx_hal_uart.c.obj
 .text.HAL_UARTEx_RxEventCallback
                0x08002718        0x2 CMakeFiles/PEC_2024.elf.dir/Drivers/STM32G4xx_HAL_Driver/Src/stm32g4xx_hal_uart.c.obj
                0x08002718                HAL_UARTEx_RxEventCallback
 *fill*         0x0800271a        0x2 
 .text.HAL_UART_IRQHandler
                0x0800271c      0x360 CMakeFiles/PEC_2024.elf.dir/Drivers/STM32G4xx_HAL_Driver/Src/stm32g4xx_hal_uart.c.obj
                0x0800271c                HAL_UART_IRQHandler
 .text.UART_DMARxHalfCplt
                0x08002a7c       0x20 CMakeFiles/PEC_2024.elf.dir/Drivers/STM32G4xx_HAL_Driver/Src/stm32g4xx_hal_uart.c.obj
 .text.UART_DMAReceiveCplt
                0x08002a9c       0x92 CMakeFiles/PEC_2024.elf.dir/Drivers/STM32G4xx_HAL_Driver/Src/stm32g4xx_hal_uart.c.obj
 *fill*         0x08002b2e        0x2 
 .text.UART_SetConfig
                0x08002b30      0x388 CMakeFiles/PEC_2024.elf.dir/Drivers/STM32G4xx_HAL_Driver/Src/stm32g4xx_hal_uart.c.obj
                0x08002b30                UART_SetConfig
 .text.UART_AdvFeatureConfig
                0x08002eb8       0xca CMakeFiles/PEC_2024.elf.dir/Drivers/STM32G4xx_HAL_Driver/Src/stm32g4xx_hal_uart.c.obj
                0x08002eb8                UART_AdvFeatureConfig
 .text.UART_WaitOnFlagUntilTimeout
                0x08002f82       0x9e CMakeFiles/PEC_2024.elf.dir/Drivers/STM32G4xx_HAL_Driver/Src/stm32g4xx_hal_uart.c.obj
                0x08002f82                UART_WaitOnFlagUntilTimeout
 .text.UART_CheckIdleState
                0x08003020       0xca CMakeFiles/PEC_2024.elf.dir/Drivers/STM32G4xx_HAL_Driver/Src/stm32g4xx_hal_uart.c.obj
                0x08003020                UART_CheckIdleState
 .text.HAL_UART_Init
                0x080030ea       0x66 CMakeFiles/PEC_2024.elf.dir/Drivers/STM32G4xx_HAL_Driver/Src/stm32g4xx_hal_uart.c.obj
                0x080030ea                HAL_UART_Init
 .text.UART_Start_Receive_DMA
                0x08003150       0xb0 CMakeFiles/PEC_2024.elf.dir/Drivers/STM32G4xx_HAL_Driver/Src/stm32g4xx_hal_uart.c.obj
                0x08003150                UART_Start_Receive_DMA
 .text.HAL_UART_Receive_DMA
                0x08003200       0x4c CMakeFiles/PEC_2024.elf.dir/Drivers/STM32G4xx_HAL_Driver/Src/stm32g4xx_hal_uart.c.obj
                0x08003200                HAL_UART_Receive_DMA
 .text.UARTEx_SetNbDataToProcess
                0x0800324c       0x4c CMakeFiles/PEC_2024.elf.dir/Drivers/STM32G4xx_HAL_Driver/Src/stm32g4xx_hal_uart_ex.c.obj
 .text.HAL_UARTEx_WakeupCallback
                0x08003298        0x2 CMakeFiles/PEC_2024.elf.dir/Drivers/STM32G4xx_HAL_Driver/Src/stm32g4xx_hal_uart_ex.c.obj
                0x08003298                HAL_UARTEx_WakeupCallback
 .text.HAL_UARTEx_RxFifoFullCallback
                0x0800329a        0x2 CMakeFiles/PEC_2024.elf.dir/Drivers/STM32G4xx_HAL_Driver/Src/stm32g4xx_hal_uart_ex.c.obj
                0x0800329a                HAL_UARTEx_RxFifoFullCallback
 .text.HAL_UARTEx_TxFifoEmptyCallback
                0x0800329c        0x2 CMakeFiles/PEC_2024.elf.dir/Drivers/STM32G4xx_HAL_Driver/Src/stm32g4xx_hal_uart_ex.c.obj
                0x0800329c                HAL_UARTEx_TxFifoEmptyCallback
 .text.HAL_UARTEx_DisableFifoMode
                0x0800329e       0x3e CMakeFiles/PEC_2024.elf.dir/Drivers/STM32G4xx_HAL_Driver/Src/stm32g4xx_hal_uart_ex.c.obj
                0x0800329e                HAL_UARTEx_DisableFifoMode
 .text.HAL_UARTEx_SetTxFifoThreshold
                0x080032dc       0x4a CMakeFiles/PEC_2024.elf.dir/Drivers/STM32G4xx_HAL_Driver/Src/stm32g4xx_hal_uart_ex.c.obj
                0x080032dc                HAL_UARTEx_SetTxFifoThreshold
 .text.HAL_UARTEx_SetRxFifoThreshold
                0x08003326       0x4a CMakeFiles/PEC_2024.elf.dir/Drivers/STM32G4xx_HAL_Driver/Src/stm32g4xx_hal_uart_ex.c.obj
                0x08003326                HAL_UARTEx_SetRxFifoThreshold
 .text.InitCan  0x08003370       0x5c CMakeFiles/PEC_2024.elf.dir/User/BSP/MyCan.c.obj
                0x08003370                InitCan
 .text.deepmotor_enable
                0x080033cc       0x40 CMakeFiles/PEC_2024.elf.dir/User/Device/deepmotor.c.obj
                0x080033cc                deepmotor_enable
 .text.deepmotor_control
                0x0800340c       0xf8 CMakeFiles/PEC_2024.elf.dir/User/Device/deepmotor.c.obj
                0x0800340c                deepmotor_control
 .text.deepmotor_setposition
                0x08003504       0x20 CMakeFiles/PEC_2024.elf.dir/User/Device/deepmotor.c.obj
                0x08003504                deepmotor_setposition
 .text.debug    0x08003524       0x24 CMakeFiles/PEC_2024.elf.dir/User/Task/fsm_main.c.obj
                0x08003524                debug
 .text.init_fsm
                0x08003548       0x20 CMakeFiles/PEC_2024.elf.dir/User/Task/fsm_main.c.obj
                0x08003548                init_fsm
 .text.__udivmoddi4
                0x08003568      0x2bc D:/GNU_Arm_Embedded_GCC/xpack-arm-none-eabi-gcc-13.2.1-1.1/bin/../lib/gcc/arm-none-eabi/13.2.1/thumb/v7e-m/nofp\libgcc.a(_udivmoddi4.o)
                0x08003568                __udivmoddi4
 .text.atexit   0x08003824        0xc D:/GNU_Arm_Embedded_GCC/xpack-arm-none-eabi-gcc-13.2.1-1.1/bin/../lib/gcc/arm-none-eabi/13.2.1/../../../../arm-none-eabi/lib/thumb/v7e-m/nofp\libg.a(libc_a-atexit.o)
                0x08003824                atexit
 .text.memset   0x08003830       0xa4 D:/GNU_Arm_Embedded_GCC/xpack-arm-none-eabi-gcc-13.2.1-1.1/bin/../lib/gcc/arm-none-eabi/13.2.1/../../../../arm-none-eabi/lib/thumb/v7e-m/nofp\libg.a(libc_a-memset.o)
                0x08003830                memset
 .text.__libc_init_array
                0x080038d4       0x50 D:/GNU_Arm_Embedded_GCC/xpack-arm-none-eabi-gcc-13.2.1-1.1/bin/../lib/gcc/arm-none-eabi/13.2.1/../../../../arm-none-eabi/lib/thumb/v7e-m/nofp\libg.a(libc_a-init.o)
                0x080038d4                __libc_init_array
 .text.__libc_fini_array
                0x08003924       0x28 D:/GNU_Arm_Embedded_GCC/xpack-arm-none-eabi-gcc-13.2.1-1.1/bin/../lib/gcc/arm-none-eabi/13.2.1/../../../../arm-none-eabi/lib/thumb/v7e-m/nofp\libg.a(libc_a-fini.o)
                0x08003924                __libc_fini_array
 .text.__retarget_lock_acquire_recursive
                0x0800394c        0x4 D:/GNU_Arm_Embedded_GCC/xpack-arm-none-eabi-gcc-13.2.1-1.1/bin/../lib/gcc/arm-none-eabi/13.2.1/../../../../arm-none-eabi/lib/thumb/v7e-m/nofp\libg.a(libc_a-lock.o)
                0x0800394c                __retarget_lock_acquire_recursive
 .text.__retarget_lock_release_recursive
                0x08003950        0x4 D:/GNU_Arm_Embedded_GCC/xpack-arm-none-eabi-gcc-13.2.1-1.1/bin/../lib/gcc/arm-none-eabi/13.2.1/../../../../arm-none-eabi/lib/thumb/v7e-m/nofp\libg.a(libc_a-lock.o)
                0x08003950                __retarget_lock_release_recursive
 .text.__register_exitproc
                0x08003954       0x80 D:/GNU_Arm_Embedded_GCC/xpack-arm-none-eabi-gcc-13.2.1-1.1/bin/../lib/gcc/arm-none-eabi/13.2.1/../../../../arm-none-eabi/lib/thumb/v7e-m/nofp\libg.a(libc_a-__atexit.o)
                0x08003954                __register_exitproc
 .text.startup.register_fini
                0x080039d4       0x14 D:/GNU_Arm_Embedded_GCC/xpack-arm-none-eabi-gcc-13.2.1-1.1/bin/../lib/gcc/arm-none-eabi/13.2.1/../../../../arm-none-eabi/lib/thumb/v7e-m/nofp\libg.a(libc_a-__call_atexit.o)
 *(.glue_7)
 .glue_7        0x080039e8        0x0 linker stubs
 *(.glue_7t)
 .glue_7t       0x080039e8        0x0 linker stubs
 *(.eh_frame)
 .eh_frame      0x080039e8        0x0 D:/GNU_Arm_Embedded_GCC/xpack-arm-none-eabi-gcc-13.2.1-1.1/bin/../lib/gcc/arm-none-eabi/13.2.1/thumb/v7e-m/nofp/crtbegin.o
 *(.init)
 .init          0x080039e8        0x4 D:/GNU_Arm_Embedded_GCC/xpack-arm-none-eabi-gcc-13.2.1-1.1/bin/../lib/gcc/arm-none-eabi/13.2.1/thumb/v7e-m/nofp/crti.o
                0x080039e8                _init
 .init          0x080039ec        0x8 D:/GNU_Arm_Embedded_GCC/xpack-arm-none-eabi-gcc-13.2.1-1.1/bin/../lib/gcc/arm-none-eabi/13.2.1/thumb/v7e-m/nofp/crtn.o
 *(.fini)
 .fini          0x080039f4        0x4 D:/GNU_Arm_Embedded_GCC/xpack-arm-none-eabi-gcc-13.2.1-1.1/bin/../lib/gcc/arm-none-eabi/13.2.1/thumb/v7e-m/nofp/crti.o
                0x080039f4                _fini
 .fini          0x080039f8        0x8 D:/GNU_Arm_Embedded_GCC/xpack-arm-none-eabi-gcc-13.2.1-1.1/bin/../lib/gcc/arm-none-eabi/13.2.1/thumb/v7e-m/nofp/crtn.o
                0x08003a00                        . = ALIGN (0x4)
                0x08003a00                        _etext = .

.vfp11_veneer   0x08003a00        0x0
 .vfp11_veneer  0x08003a00        0x0 linker stubs

.v4_bx          0x08003a00        0x0
 .v4_bx         0x08003a00        0x0 linker stubs

.iplt           0x08003a00        0x0
 .iplt          0x08003a00        0x0 D:/GNU_Arm_Embedded_GCC/xpack-arm-none-eabi-gcc-13.2.1-1.1/bin/../lib/gcc/arm-none-eabi/13.2.1/thumb/v7e-m/nofp/crtbegin.o

.rodata         0x08003a00       0x50
                0x08003a00                        . = ALIGN (0x4)
 *(.rodata)
 *(.rodata*)
 .rodata.APBPrescTable
                0x08003a00        0x8 CMakeFiles/PEC_2024.elf.dir/Core/Src/system_stm32g4xx.c.obj
                0x08003a00                APBPrescTable
 .rodata.AHBPrescTable
                0x08003a08       0x10 CMakeFiles/PEC_2024.elf.dir/Core/Src/system_stm32g4xx.c.obj
                0x08003a08                AHBPrescTable
 .rodata.DLCtoBytes
                0x08003a18       0x10 CMakeFiles/PEC_2024.elf.dir/Drivers/STM32G4xx_HAL_Driver/Src/stm32g4xx_hal_fdcan.c.obj
 .rodata.UARTPrescTable
                0x08003a28       0x18 CMakeFiles/PEC_2024.elf.dir/Drivers/STM32G4xx_HAL_Driver/Src/stm32g4xx_hal_uart.c.obj
                0x08003a28                UARTPrescTable
 .rodata.denominator.0
                0x08003a40        0x8 CMakeFiles/PEC_2024.elf.dir/Drivers/STM32G4xx_HAL_Driver/Src/stm32g4xx_hal_uart_ex.c.obj
 .rodata.numerator.1
                0x08003a48        0x8 CMakeFiles/PEC_2024.elf.dir/Drivers/STM32G4xx_HAL_Driver/Src/stm32g4xx_hal_uart_ex.c.obj
                0x08003a50                        . = ALIGN (0x4)

.ARM.extab      0x08003a50        0x0
                0x08003a50                        . = ALIGN (0x4)
 *(.ARM.extab* .gnu.linkonce.armextab.*)
                0x08003a50                        . = ALIGN (0x4)

.ARM            0x08003a50        0x8
                0x08003a50                        . = ALIGN (0x4)
                0x08003a50                        __exidx_start = .
 *(.ARM.exidx*)
 .ARM.exidx.text.__udivmoddi4
                0x08003a50        0x8 D:/GNU_Arm_Embedded_GCC/xpack-arm-none-eabi-gcc-13.2.1-1.1/bin/../lib/gcc/arm-none-eabi/13.2.1/thumb/v7e-m/nofp\libgcc.a(_udivmoddi4.o)
                0x08003a58                        __exidx_end = .
                0x08003a58                        . = ALIGN (0x4)

.preinit_array  0x08003a58        0x0
                0x08003a58                        . = ALIGN (0x4)
                0x08003a58                        PROVIDE (__preinit_array_start = .)
 *(.preinit_array*)
                0x08003a58                        PROVIDE (__preinit_array_end = .)
                0x08003a58                        . = ALIGN (0x4)

.init_array     0x08003a58        0x8
                0x08003a58                        . = ALIGN (0x4)
                0x08003a58                        PROVIDE (__init_array_start = .)
 *(SORT_BY_NAME(.init_array.*))
 .init_array.00000
                0x08003a58        0x4 D:/GNU_Arm_Embedded_GCC/xpack-arm-none-eabi-gcc-13.2.1-1.1/bin/../lib/gcc/arm-none-eabi/13.2.1/../../../../arm-none-eabi/lib/thumb/v7e-m/nofp\libg.a(libc_a-__call_atexit.o)
 *(.init_array*)
 .init_array    0x08003a5c        0x4 D:/GNU_Arm_Embedded_GCC/xpack-arm-none-eabi-gcc-13.2.1-1.1/bin/../lib/gcc/arm-none-eabi/13.2.1/thumb/v7e-m/nofp/crtbegin.o
                0x08003a60                        PROVIDE (__init_array_end = .)
                0x08003a60                        . = ALIGN (0x4)

.fini_array     0x08003a60        0x4
                0x08003a60                        . = ALIGN (0x4)
                0x08003a60                        PROVIDE (__fini_array_start = .)
 *(SORT_BY_NAME(.fini_array.*))
 *(.fini_array*)
 .fini_array    0x08003a60        0x4 D:/GNU_Arm_Embedded_GCC/xpack-arm-none-eabi-gcc-13.2.1-1.1/bin/../lib/gcc/arm-none-eabi/13.2.1/thumb/v7e-m/nofp/crtbegin.o
                0x08003a64                        PROVIDE (__fini_array_end = .)
                0x08003a64                        . = ALIGN (0x4)
                0x08003a64                        _sidata = LOADADDR (.data)

.rel.dyn        0x08003a64        0x0
 .rel.iplt      0x08003a64        0x0 D:/GNU_Arm_Embedded_GCC/xpack-arm-none-eabi-gcc-13.2.1-1.1/bin/../lib/gcc/arm-none-eabi/13.2.1/thumb/v7e-m/nofp/crtbegin.o

.data           0x20000000       0x10 load address 0x08003a64
                0x20000000                        . = ALIGN (0x4)
                0x20000000                        _sdata = .
 *(.data)
 *(.data*)
 .data.SystemCoreClock
                0x20000000        0x4 CMakeFiles/PEC_2024.elf.dir/Core/Src/system_stm32g4xx.c.obj
                0x20000000                SystemCoreClock
 .data.uwTickFreq
                0x20000004        0x4 CMakeFiles/PEC_2024.elf.dir/Drivers/STM32G4xx_HAL_Driver/Src/stm32g4xx_hal.c.obj
                0x20000004                uwTickFreq
 .data.uwTickPrio
                0x20000008        0x4 CMakeFiles/PEC_2024.elf.dir/Drivers/STM32G4xx_HAL_Driver/Src/stm32g4xx_hal.c.obj
                0x20000008                uwTickPrio
 .data.__atexit_recursive_mutex
                0x2000000c        0x4 D:/GNU_Arm_Embedded_GCC/xpack-arm-none-eabi-gcc-13.2.1-1.1/bin/../lib/gcc/arm-none-eabi/13.2.1/../../../../arm-none-eabi/lib/thumb/v7e-m/nofp\libg.a(libc_a-__call_atexit.o)
                0x2000000c                __atexit_recursive_mutex
 *(.RamFunc)
 *(.RamFunc*)
                0x20000010                        . = ALIGN (0x4)
                0x20000010                        _edata = .

.igot.plt       0x20000010        0x0 load address 0x08003a74
 .igot.plt      0x20000010        0x0 D:/GNU_Arm_Embedded_GCC/xpack-arm-none-eabi-gcc-13.2.1-1.1/bin/../lib/gcc/arm-none-eabi/13.2.1/thumb/v7e-m/nofp/crtbegin.o
                0x20000010                        . = ALIGN (0x4)

.bss            0x20000010      0x410 load address 0x08003a74
                0x20000010                        _sbss = .
                0x20000010                        __bss_start__ = _sbss
 *(.bss)
 *(.bss*)
 .bss.completed.1
                0x20000010        0x1 D:/GNU_Arm_Embedded_GCC/xpack-arm-none-eabi-gcc-13.2.1-1.1/bin/../lib/gcc/arm-none-eabi/13.2.1/thumb/v7e-m/nofp/crtbegin.o
 *fill*         0x20000011        0x3 
 .bss.object.0  0x20000014       0x18 D:/GNU_Arm_Embedded_GCC/xpack-arm-none-eabi-gcc-13.2.1-1.1/bin/../lib/gcc/arm-none-eabi/13.2.1/thumb/v7e-m/nofp/crtbegin.o
 .bss.hfdcan1   0x2000002c       0x64 CMakeFiles/PEC_2024.elf.dir/Core/Src/fdcan.c.obj
                0x2000002c                hfdcan1
 .bss.hdma_usart2_tx
                0x20000090       0x60 CMakeFiles/PEC_2024.elf.dir/Core/Src/usart.c.obj
                0x20000090                hdma_usart2_tx
 .bss.hdma_usart2_rx
                0x200000f0       0x60 CMakeFiles/PEC_2024.elf.dir/Core/Src/usart.c.obj
                0x200000f0                hdma_usart2_rx
 .bss.huart2    0x20000150       0x94 CMakeFiles/PEC_2024.elf.dir/Core/Src/usart.c.obj
                0x20000150                huart2
 .bss.huart1    0x200001e4       0x94 CMakeFiles/PEC_2024.elf.dir/Core/Src/usart.c.obj
                0x200001e4                huart1
 .bss.uwTick    0x20000278        0x4 CMakeFiles/PEC_2024.elf.dir/Drivers/STM32G4xx_HAL_Driver/Src/stm32g4xx_hal.c.obj
                0x20000278                uwTick
 .bss.vision_buffer
                0x2000027c        0xa CMakeFiles/PEC_2024.elf.dir/User/Device/Vision.c.obj
                0x2000027c                vision_buffer
 *fill*         0x20000286        0x2 
 .bss.__lock___atexit_recursive_mutex
                0x20000288        0x1 D:/GNU_Arm_Embedded_GCC/xpack-arm-none-eabi-gcc-13.2.1-1.1/bin/../lib/gcc/arm-none-eabi/13.2.1/../../../../arm-none-eabi/lib/thumb/v7e-m/nofp\libg.a(libc_a-lock.o)
                0x20000288                __lock___atexit_recursive_mutex
 *fill*         0x20000289        0x3 
 .bss.__atexit0
                0x2000028c      0x190 D:/GNU_Arm_Embedded_GCC/xpack-arm-none-eabi-gcc-13.2.1-1.1/bin/../lib/gcc/arm-none-eabi/13.2.1/../../../../arm-none-eabi/lib/thumb/v7e-m/nofp\libg.a(libc_a-__atexit.o)
                0x2000028c                __atexit0
 .bss.__atexit  0x2000041c        0x4 D:/GNU_Arm_Embedded_GCC/xpack-arm-none-eabi-gcc-13.2.1-1.1/bin/../lib/gcc/arm-none-eabi/13.2.1/../../../../arm-none-eabi/lib/thumb/v7e-m/nofp\libg.a(libc_a-__call_atexit.o)
                0x2000041c                __atexit
 *(COMMON)
                0x20000420                        . = ALIGN (0x4)
                0x20000420                        _ebss = .
                0x20000420                        __bss_end__ = _ebss

._user_heap_stack
                0x20000420      0x600 load address 0x08003a74
                0x20000420                        . = ALIGN (0x8)
                [!provide]                        PROVIDE (end = .)
                0x20000420                        PROVIDE (_end = .)
                0x20000620                        . = (. + _Min_Heap_Size)
 *fill*         0x20000420      0x200 
                0x20000a20                        . = (. + _Min_Stack_Size)
 *fill*         0x20000620      0x400 
                0x20000a20                        . = ALIGN (0x8)

/DISCARD/
 libc.a(*)
 libm.a(*)
 libgcc.a(*)

.ARM.attributes
                0x00000000       0x2a
 *(.ARM.attributes)
 .ARM.attributes
                0x00000000       0x1e D:/GNU_Arm_Embedded_GCC/xpack-arm-none-eabi-gcc-13.2.1-1.1/bin/../lib/gcc/arm-none-eabi/13.2.1/thumb/v7e-m/nofp/crti.o
 .ARM.attributes
                0x0000001e       0x2e D:/GNU_Arm_Embedded_GCC/xpack-arm-none-eabi-gcc-13.2.1-1.1/bin/../lib/gcc/arm-none-eabi/13.2.1/thumb/v7e-m/nofp/crtbegin.o
 .ARM.attributes
                0x0000004c       0x2e CMakeFiles/PEC_2024.elf.dir/Core/Src/dma.c.obj
 .ARM.attributes
                0x0000007a       0x2e CMakeFiles/PEC_2024.elf.dir/Core/Src/fdcan.c.obj
 .ARM.attributes
                0x000000a8       0x2e CMakeFiles/PEC_2024.elf.dir/Core/Src/gpio.c.obj
 .ARM.attributes
                0x000000d6       0x2e CMakeFiles/PEC_2024.elf.dir/Core/Src/main.c.obj
 .ARM.attributes
                0x00000104       0x2e CMakeFiles/PEC_2024.elf.dir/Core/Src/stm32g4xx_hal_msp.c.obj
 .ARM.attributes
                0x00000132       0x2e CMakeFiles/PEC_2024.elf.dir/Core/Src/stm32g4xx_it.c.obj
 .ARM.attributes
                0x00000160       0x2e CMakeFiles/PEC_2024.elf.dir/Core/Src/system_stm32g4xx.c.obj
 .ARM.attributes
                0x0000018e       0x2e CMakeFiles/PEC_2024.elf.dir/Core/Src/usart.c.obj
 .ARM.attributes
                0x000001bc       0x21 CMakeFiles/PEC_2024.elf.dir/Core/Startup/startup_stm32g474vetx.s.obj
 .ARM.attributes
                0x000001dd       0x2e CMakeFiles/PEC_2024.elf.dir/Drivers/STM32G4xx_HAL_Driver/Src/stm32g4xx_hal.c.obj
 .ARM.attributes
                0x0000020b       0x2e CMakeFiles/PEC_2024.elf.dir/Drivers/STM32G4xx_HAL_Driver/Src/stm32g4xx_hal_cortex.c.obj
 .ARM.attributes
                0x00000239       0x2e CMakeFiles/PEC_2024.elf.dir/Drivers/STM32G4xx_HAL_Driver/Src/stm32g4xx_hal_dma.c.obj
 .ARM.attributes
                0x00000267       0x2e CMakeFiles/PEC_2024.elf.dir/Drivers/STM32G4xx_HAL_Driver/Src/stm32g4xx_hal_fdcan.c.obj
 .ARM.attributes
                0x00000295       0x2e CMakeFiles/PEC_2024.elf.dir/Drivers/STM32G4xx_HAL_Driver/Src/stm32g4xx_hal_gpio.c.obj
 .ARM.attributes
                0x000002c3       0x2e CMakeFiles/PEC_2024.elf.dir/Drivers/STM32G4xx_HAL_Driver/Src/stm32g4xx_hal_pwr_ex.c.obj
 .ARM.attributes
                0x000002f1       0x2e CMakeFiles/PEC_2024.elf.dir/Drivers/STM32G4xx_HAL_Driver/Src/stm32g4xx_hal_rcc.c.obj
 .ARM.attributes
                0x0000031f       0x2e CMakeFiles/PEC_2024.elf.dir/Drivers/STM32G4xx_HAL_Driver/Src/stm32g4xx_hal_rcc_ex.c.obj
 .ARM.attributes
                0x0000034d       0x2e CMakeFiles/PEC_2024.elf.dir/Drivers/STM32G4xx_HAL_Driver/Src/stm32g4xx_hal_uart.c.obj
 .ARM.attributes
                0x0000037b       0x2e CMakeFiles/PEC_2024.elf.dir/Drivers/STM32G4xx_HAL_Driver/Src/stm32g4xx_hal_uart_ex.c.obj
 .ARM.attributes
                0x000003a9       0x2e CMakeFiles/PEC_2024.elf.dir/User/BSP/MyCan.c.obj
 .ARM.attributes
                0x000003d7       0x2e CMakeFiles/PEC_2024.elf.dir/User/Device/Vision.c.obj
 .ARM.attributes
                0x00000405       0x2e CMakeFiles/PEC_2024.elf.dir/User/Device/deepmotor.c.obj
 .ARM.attributes
                0x00000433       0x2e CMakeFiles/PEC_2024.elf.dir/User/Task/fsm_main.c.obj
 .ARM.attributes
                0x00000461       0x1e D:/GNU_Arm_Embedded_GCC/xpack-arm-none-eabi-gcc-13.2.1-1.1/bin/../lib/gcc/arm-none-eabi/13.2.1/thumb/v7e-m/nofp\libgcc.a(_arm_addsubsf3.o)
 .ARM.attributes
                0x0000047f       0x1e D:/GNU_Arm_Embedded_GCC/xpack-arm-none-eabi-gcc-13.2.1-1.1/bin/../lib/gcc/arm-none-eabi/13.2.1/thumb/v7e-m/nofp\libgcc.a(_arm_muldivsf3.o)
 .ARM.attributes
                0x0000049d       0x1e D:/GNU_Arm_Embedded_GCC/xpack-arm-none-eabi-gcc-13.2.1-1.1/bin/../lib/gcc/arm-none-eabi/13.2.1/thumb/v7e-m/nofp\libgcc.a(_arm_fixsfsi.o)
 .ARM.attributes
                0x000004bb       0x1e D:/GNU_Arm_Embedded_GCC/xpack-arm-none-eabi-gcc-13.2.1-1.1/bin/../lib/gcc/arm-none-eabi/13.2.1/thumb/v7e-m/nofp\libgcc.a(_aeabi_uldivmod.o)
 .ARM.attributes
                0x000004d9       0x2e D:/GNU_Arm_Embedded_GCC/xpack-arm-none-eabi-gcc-13.2.1-1.1/bin/../lib/gcc/arm-none-eabi/13.2.1/thumb/v7e-m/nofp\libgcc.a(_udivmoddi4.o)
 .ARM.attributes
                0x00000507       0x1e D:/GNU_Arm_Embedded_GCC/xpack-arm-none-eabi-gcc-13.2.1-1.1/bin/../lib/gcc/arm-none-eabi/13.2.1/thumb/v7e-m/nofp\libgcc.a(_dvmd_tls.o)
 .ARM.attributes
                0x00000525       0x2e D:/GNU_Arm_Embedded_GCC/xpack-arm-none-eabi-gcc-13.2.1-1.1/bin/../lib/gcc/arm-none-eabi/13.2.1/../../../../arm-none-eabi/lib/thumb/v7e-m/nofp\libg.a(libc_a-atexit.o)
 .ARM.attributes
                0x00000553       0x2e D:/GNU_Arm_Embedded_GCC/xpack-arm-none-eabi-gcc-13.2.1-1.1/bin/../lib/gcc/arm-none-eabi/13.2.1/../../../../arm-none-eabi/lib/thumb/v7e-m/nofp\libg.a(libc_a-memset.o)
 .ARM.attributes
                0x00000581       0x2e D:/GNU_Arm_Embedded_GCC/xpack-arm-none-eabi-gcc-13.2.1-1.1/bin/../lib/gcc/arm-none-eabi/13.2.1/../../../../arm-none-eabi/lib/thumb/v7e-m/nofp\libg.a(libc_a-init.o)
 .ARM.attributes
                0x000005af       0x2e D:/GNU_Arm_Embedded_GCC/xpack-arm-none-eabi-gcc-13.2.1-1.1/bin/../lib/gcc/arm-none-eabi/13.2.1/../../../../arm-none-eabi/lib/thumb/v7e-m/nofp\libg.a(libc_a-fini.o)
 .ARM.attributes
                0x000005dd       0x2e D:/GNU_Arm_Embedded_GCC/xpack-arm-none-eabi-gcc-13.2.1-1.1/bin/../lib/gcc/arm-none-eabi/13.2.1/../../../../arm-none-eabi/lib/thumb/v7e-m/nofp\libg.a(libc_a-lock.o)
 .ARM.attributes
                0x0000060b       0x2e D:/GNU_Arm_Embedded_GCC/xpack-arm-none-eabi-gcc-13.2.1-1.1/bin/../lib/gcc/arm-none-eabi/13.2.1/../../../../arm-none-eabi/lib/thumb/v7e-m/nofp\libg.a(libc_a-__atexit.o)
 .ARM.attributes
                0x00000639       0x2e D:/GNU_Arm_Embedded_GCC/xpack-arm-none-eabi-gcc-13.2.1-1.1/bin/../lib/gcc/arm-none-eabi/13.2.1/../../../../arm-none-eabi/lib/thumb/v7e-m/nofp\libg.a(libc_a-__call_atexit.o)
 .ARM.attributes
                0x00000667       0x1e D:/GNU_Arm_Embedded_GCC/xpack-arm-none-eabi-gcc-13.2.1-1.1/bin/../lib/gcc/arm-none-eabi/13.2.1/thumb/v7e-m/nofp/crtn.o
OUTPUT(PEC_2024.elf elf32-littlearm)
LOAD linker stubs
LOAD D:/GNU_Arm_Embedded_GCC/xpack-arm-none-eabi-gcc-13.2.1-1.1/bin/../lib/gcc/arm-none-eabi/13.2.1/../../../../arm-none-eabi/lib/thumb/v7e-m/nofp\libc.a
LOAD D:/GNU_Arm_Embedded_GCC/xpack-arm-none-eabi-gcc-13.2.1-1.1/bin/../lib/gcc/arm-none-eabi/13.2.1/../../../../arm-none-eabi/lib/thumb/v7e-m/nofp\libm.a
LOAD D:/GNU_Arm_Embedded_GCC/xpack-arm-none-eabi-gcc-13.2.1-1.1/bin/../lib/gcc/arm-none-eabi/13.2.1/thumb/v7e-m/nofp\libgcc.a

.comment        0x00000000       0x39
 .comment       0x00000000       0x39 D:/GNU_Arm_Embedded_GCC/xpack-arm-none-eabi-gcc-13.2.1-1.1/bin/../lib/gcc/arm-none-eabi/13.2.1/thumb/v7e-m/nofp/crtbegin.o
                                 0x3a (size before relaxing)
 .comment       0x00000039       0x3a CMakeFiles/PEC_2024.elf.dir/Core/Src/dma.c.obj
 .comment       0x00000039       0x3a CMakeFiles/PEC_2024.elf.dir/Core/Src/fdcan.c.obj
 .comment       0x00000039       0x3a CMakeFiles/PEC_2024.elf.dir/Core/Src/gpio.c.obj
 .comment       0x00000039       0x3a CMakeFiles/PEC_2024.elf.dir/Core/Src/main.c.obj
 .comment       0x00000039       0x3a CMakeFiles/PEC_2024.elf.dir/Core/Src/stm32g4xx_hal_msp.c.obj
 .comment       0x00000039       0x3a CMakeFiles/PEC_2024.elf.dir/Core/Src/stm32g4xx_it.c.obj
 .comment       0x00000039       0x3a CMakeFiles/PEC_2024.elf.dir/Core/Src/system_stm32g4xx.c.obj
 .comment       0x00000039       0x3a CMakeFiles/PEC_2024.elf.dir/Core/Src/usart.c.obj
 .comment       0x00000039       0x3a CMakeFiles/PEC_2024.elf.dir/Drivers/STM32G4xx_HAL_Driver/Src/stm32g4xx_hal.c.obj
 .comment       0x00000039       0x3a CMakeFiles/PEC_2024.elf.dir/Drivers/STM32G4xx_HAL_Driver/Src/stm32g4xx_hal_cortex.c.obj
 .comment       0x00000039       0x3a CMakeFiles/PEC_2024.elf.dir/Drivers/STM32G4xx_HAL_Driver/Src/stm32g4xx_hal_dma.c.obj
 .comment       0x00000039       0x3a CMakeFiles/PEC_2024.elf.dir/Drivers/STM32G4xx_HAL_Driver/Src/stm32g4xx_hal_fdcan.c.obj
 .comment       0x00000039       0x3a CMakeFiles/PEC_2024.elf.dir/Drivers/STM32G4xx_HAL_Driver/Src/stm32g4xx_hal_gpio.c.obj
 .comment       0x00000039       0x3a CMakeFiles/PEC_2024.elf.dir/Drivers/STM32G4xx_HAL_Driver/Src/stm32g4xx_hal_pwr_ex.c.obj
 .comment       0x00000039       0x3a CMakeFiles/PEC_2024.elf.dir/Drivers/STM32G4xx_HAL_Driver/Src/stm32g4xx_hal_rcc.c.obj
 .comment       0x00000039       0x3a CMakeFiles/PEC_2024.elf.dir/Drivers/STM32G4xx_HAL_Driver/Src/stm32g4xx_hal_rcc_ex.c.obj
 .comment       0x00000039       0x3a CMakeFiles/PEC_2024.elf.dir/Drivers/STM32G4xx_HAL_Driver/Src/stm32g4xx_hal_uart.c.obj
 .comment       0x00000039       0x3a CMakeFiles/PEC_2024.elf.dir/Drivers/STM32G4xx_HAL_Driver/Src/stm32g4xx_hal_uart_ex.c.obj
 .comment       0x00000039       0x3a CMakeFiles/PEC_2024.elf.dir/User/BSP/MyCan.c.obj
 .comment       0x00000039       0x3a CMakeFiles/PEC_2024.elf.dir/User/Device/Vision.c.obj
 .comment       0x00000039       0x3a CMakeFiles/PEC_2024.elf.dir/User/Device/deepmotor.c.obj
 .comment       0x00000039       0x3a CMakeFiles/PEC_2024.elf.dir/User/Task/fsm_main.c.obj
 .comment       0x00000039       0x3a D:/GNU_Arm_Embedded_GCC/xpack-arm-none-eabi-gcc-13.2.1-1.1/bin/../lib/gcc/arm-none-eabi/13.2.1/thumb/v7e-m/nofp\libgcc.a(_udivmoddi4.o)
 .comment       0x00000039       0x3a D:/GNU_Arm_Embedded_GCC/xpack-arm-none-eabi-gcc-13.2.1-1.1/bin/../lib/gcc/arm-none-eabi/13.2.1/../../../../arm-none-eabi/lib/thumb/v7e-m/nofp\libg.a(libc_a-atexit.o)
 .comment       0x00000039       0x3a D:/GNU_Arm_Embedded_GCC/xpack-arm-none-eabi-gcc-13.2.1-1.1/bin/../lib/gcc/arm-none-eabi/13.2.1/../../../../arm-none-eabi/lib/thumb/v7e-m/nofp\libg.a(libc_a-memset.o)
 .comment       0x00000039       0x3a D:/GNU_Arm_Embedded_GCC/xpack-arm-none-eabi-gcc-13.2.1-1.1/bin/../lib/gcc/arm-none-eabi/13.2.1/../../../../arm-none-eabi/lib/thumb/v7e-m/nofp\libg.a(libc_a-init.o)
 .comment       0x00000039       0x3a D:/GNU_Arm_Embedded_GCC/xpack-arm-none-eabi-gcc-13.2.1-1.1/bin/../lib/gcc/arm-none-eabi/13.2.1/../../../../arm-none-eabi/lib/thumb/v7e-m/nofp\libg.a(libc_a-fini.o)
 .comment       0x00000039       0x3a D:/GNU_Arm_Embedded_GCC/xpack-arm-none-eabi-gcc-13.2.1-1.1/bin/../lib/gcc/arm-none-eabi/13.2.1/../../../../arm-none-eabi/lib/thumb/v7e-m/nofp\libg.a(libc_a-lock.o)
 .comment       0x00000039       0x3a D:/GNU_Arm_Embedded_GCC/xpack-arm-none-eabi-gcc-13.2.1-1.1/bin/../lib/gcc/arm-none-eabi/13.2.1/../../../../arm-none-eabi/lib/thumb/v7e-m/nofp\libg.a(libc_a-__atexit.o)
 .comment       0x00000039       0x3a D:/GNU_Arm_Embedded_GCC/xpack-arm-none-eabi-gcc-13.2.1-1.1/bin/../lib/gcc/arm-none-eabi/13.2.1/../../../../arm-none-eabi/lib/thumb/v7e-m/nofp\libg.a(libc_a-__call_atexit.o)

.debug_info     0x00000000    0x14858
 .debug_info    0x00000000      0x608 CMakeFiles/PEC_2024.elf.dir/Core/Src/dma.c.obj
 .debug_info    0x00000608      0xc08 CMakeFiles/PEC_2024.elf.dir/Core/Src/fdcan.c.obj
 .debug_info    0x00001210      0x4b6 CMakeFiles/PEC_2024.elf.dir/Core/Src/gpio.c.obj
 .debug_info    0x000016c6      0x3bb CMakeFiles/PEC_2024.elf.dir/Core/Src/main.c.obj
 .debug_info    0x00001a81      0x2e3 CMakeFiles/PEC_2024.elf.dir/Core/Src/stm32g4xx_hal_msp.c.obj
 .debug_info    0x00001d64      0x8c8 CMakeFiles/PEC_2024.elf.dir/Core/Src/stm32g4xx_it.c.obj
 .debug_info    0x0000262c      0x39c CMakeFiles/PEC_2024.elf.dir/Core/Src/system_stm32g4xx.c.obj
 .debug_info    0x000029c8     0x13d3 CMakeFiles/PEC_2024.elf.dir/Core/Src/usart.c.obj
 .debug_info    0x00003d9b       0x30 CMakeFiles/PEC_2024.elf.dir/Core/Startup/startup_stm32g474vetx.s.obj
 .debug_info    0x00003dcb      0xc4e CMakeFiles/PEC_2024.elf.dir/Drivers/STM32G4xx_HAL_Driver/Src/stm32g4xx_hal.c.obj
 .debug_info    0x00004a19     0x1062 CMakeFiles/PEC_2024.elf.dir/Drivers/STM32G4xx_HAL_Driver/Src/stm32g4xx_hal_cortex.c.obj
 .debug_info    0x00005a7b      0x9e0 CMakeFiles/PEC_2024.elf.dir/Drivers/STM32G4xx_HAL_Driver/Src/stm32g4xx_hal_dma.c.obj
 .debug_info    0x0000645b     0x1c3b CMakeFiles/PEC_2024.elf.dir/Drivers/STM32G4xx_HAL_Driver/Src/stm32g4xx_hal_fdcan.c.obj
 .debug_info    0x00008096      0x795 CMakeFiles/PEC_2024.elf.dir/Drivers/STM32G4xx_HAL_Driver/Src/stm32g4xx_hal_gpio.c.obj
 .debug_info    0x0000882b      0x9bd CMakeFiles/PEC_2024.elf.dir/Drivers/STM32G4xx_HAL_Driver/Src/stm32g4xx_hal_pwr_ex.c.obj
 .debug_info    0x000091e8      0xe3f CMakeFiles/PEC_2024.elf.dir/Drivers/STM32G4xx_HAL_Driver/Src/stm32g4xx_hal_rcc.c.obj
 .debug_info    0x0000a027      0xe5a CMakeFiles/PEC_2024.elf.dir/Drivers/STM32G4xx_HAL_Driver/Src/stm32g4xx_hal_rcc_ex.c.obj
 .debug_info    0x0000ae81     0x620a CMakeFiles/PEC_2024.elf.dir/Drivers/STM32G4xx_HAL_Driver/Src/stm32g4xx_hal_uart.c.obj
 .debug_info    0x0001108b     0x1249 CMakeFiles/PEC_2024.elf.dir/Drivers/STM32G4xx_HAL_Driver/Src/stm32g4xx_hal_uart_ex.c.obj
 .debug_info    0x000122d4      0x778 CMakeFiles/PEC_2024.elf.dir/User/BSP/MyCan.c.obj
 .debug_info    0x00012a4c       0xe2 CMakeFiles/PEC_2024.elf.dir/User/Device/Vision.c.obj
 .debug_info    0x00012b2e      0x9d9 CMakeFiles/PEC_2024.elf.dir/User/Device/deepmotor.c.obj
 .debug_info    0x00013507      0xa91 CMakeFiles/PEC_2024.elf.dir/User/Task/fsm_main.c.obj
 .debug_info    0x00013f98       0xca D:/GNU_Arm_Embedded_GCC/xpack-arm-none-eabi-gcc-13.2.1-1.1/bin/../lib/gcc/arm-none-eabi/13.2.1/thumb/v7e-m/nofp\libgcc.a(_arm_addsubsf3.o)
 .debug_info    0x00014062       0x57 D:/GNU_Arm_Embedded_GCC/xpack-arm-none-eabi-gcc-13.2.1-1.1/bin/../lib/gcc/arm-none-eabi/13.2.1/thumb/v7e-m/nofp\libgcc.a(_arm_muldivsf3.o)
 .debug_info    0x000140b9       0x3c D:/GNU_Arm_Embedded_GCC/xpack-arm-none-eabi-gcc-13.2.1-1.1/bin/../lib/gcc/arm-none-eabi/13.2.1/thumb/v7e-m/nofp\libgcc.a(_arm_fixsfsi.o)
 .debug_info    0x000140f5       0x24 D:/GNU_Arm_Embedded_GCC/xpack-arm-none-eabi-gcc-13.2.1-1.1/bin/../lib/gcc/arm-none-eabi/13.2.1/thumb/v7e-m/nofp\libgcc.a(_aeabi_uldivmod.o)
 .debug_info    0x00014119      0x703 D:/GNU_Arm_Embedded_GCC/xpack-arm-none-eabi-gcc-13.2.1-1.1/bin/../lib/gcc/arm-none-eabi/13.2.1/thumb/v7e-m/nofp\libgcc.a(_udivmoddi4.o)
 .debug_info    0x0001481c       0x3c D:/GNU_Arm_Embedded_GCC/xpack-arm-none-eabi-gcc-13.2.1-1.1/bin/../lib/gcc/arm-none-eabi/13.2.1/thumb/v7e-m/nofp\libgcc.a(_dvmd_tls.o)

.debug_abbrev   0x00000000     0x2e17
 .debug_abbrev  0x00000000      0x11b CMakeFiles/PEC_2024.elf.dir/Core/Src/dma.c.obj
 .debug_abbrev  0x0000011b      0x1e2 CMakeFiles/PEC_2024.elf.dir/Core/Src/fdcan.c.obj
 .debug_abbrev  0x000002fd      0x164 CMakeFiles/PEC_2024.elf.dir/Core/Src/gpio.c.obj
 .debug_abbrev  0x00000461      0x17e CMakeFiles/PEC_2024.elf.dir/Core/Src/main.c.obj
 .debug_abbrev  0x000005df       0xd7 CMakeFiles/PEC_2024.elf.dir/Core/Src/stm32g4xx_hal_msp.c.obj
 .debug_abbrev  0x000006b6      0x17b CMakeFiles/PEC_2024.elf.dir/Core/Src/stm32g4xx_it.c.obj
 .debug_abbrev  0x00000831      0x120 CMakeFiles/PEC_2024.elf.dir/Core/Src/system_stm32g4xx.c.obj
 .debug_abbrev  0x00000951      0x242 CMakeFiles/PEC_2024.elf.dir/Core/Src/usart.c.obj
 .debug_abbrev  0x00000b93       0x24 CMakeFiles/PEC_2024.elf.dir/Core/Startup/startup_stm32g474vetx.s.obj
 .debug_abbrev  0x00000bb7      0x27d CMakeFiles/PEC_2024.elf.dir/Drivers/STM32G4xx_HAL_Driver/Src/stm32g4xx_hal.c.obj
 .debug_abbrev  0x00000e34      0x390 CMakeFiles/PEC_2024.elf.dir/Drivers/STM32G4xx_HAL_Driver/Src/stm32g4xx_hal_cortex.c.obj
 .debug_abbrev  0x000011c4      0x215 CMakeFiles/PEC_2024.elf.dir/Drivers/STM32G4xx_HAL_Driver/Src/stm32g4xx_hal_dma.c.obj
 .debug_abbrev  0x000013d9      0x1e8 CMakeFiles/PEC_2024.elf.dir/Drivers/STM32G4xx_HAL_Driver/Src/stm32g4xx_hal_fdcan.c.obj
 .debug_abbrev  0x000015c1      0x1f9 CMakeFiles/PEC_2024.elf.dir/Drivers/STM32G4xx_HAL_Driver/Src/stm32g4xx_hal_gpio.c.obj
 .debug_abbrev  0x000017ba      0x249 CMakeFiles/PEC_2024.elf.dir/Drivers/STM32G4xx_HAL_Driver/Src/stm32g4xx_hal_pwr_ex.c.obj
 .debug_abbrev  0x00001a03      0x2ab CMakeFiles/PEC_2024.elf.dir/Drivers/STM32G4xx_HAL_Driver/Src/stm32g4xx_hal_rcc.c.obj
 .debug_abbrev  0x00001cae      0x27f CMakeFiles/PEC_2024.elf.dir/Drivers/STM32G4xx_HAL_Driver/Src/stm32g4xx_hal_rcc_ex.c.obj
 .debug_abbrev  0x00001f2d      0x32e CMakeFiles/PEC_2024.elf.dir/Drivers/STM32G4xx_HAL_Driver/Src/stm32g4xx_hal_uart.c.obj
 .debug_abbrev  0x0000225b      0x343 CMakeFiles/PEC_2024.elf.dir/Drivers/STM32G4xx_HAL_Driver/Src/stm32g4xx_hal_uart_ex.c.obj
 .debug_abbrev  0x0000259e      0x1b0 CMakeFiles/PEC_2024.elf.dir/User/BSP/MyCan.c.obj
 .debug_abbrev  0x0000274e       0x94 CMakeFiles/PEC_2024.elf.dir/User/Device/Vision.c.obj
 .debug_abbrev  0x000027e2      0x217 CMakeFiles/PEC_2024.elf.dir/User/Device/deepmotor.c.obj
 .debug_abbrev  0x000029f9      0x202 CMakeFiles/PEC_2024.elf.dir/User/Task/fsm_main.c.obj
 .debug_abbrev  0x00002bfb       0x28 D:/GNU_Arm_Embedded_GCC/xpack-arm-none-eabi-gcc-13.2.1-1.1/bin/../lib/gcc/arm-none-eabi/13.2.1/thumb/v7e-m/nofp\libgcc.a(_arm_addsubsf3.o)
 .debug_abbrev  0x00002c23       0x28 D:/GNU_Arm_Embedded_GCC/xpack-arm-none-eabi-gcc-13.2.1-1.1/bin/../lib/gcc/arm-none-eabi/13.2.1/thumb/v7e-m/nofp\libgcc.a(_arm_muldivsf3.o)
 .debug_abbrev  0x00002c4b       0x28 D:/GNU_Arm_Embedded_GCC/xpack-arm-none-eabi-gcc-13.2.1-1.1/bin/../lib/gcc/arm-none-eabi/13.2.1/thumb/v7e-m/nofp\libgcc.a(_arm_fixsfsi.o)
 .debug_abbrev  0x00002c73       0x14 D:/GNU_Arm_Embedded_GCC/xpack-arm-none-eabi-gcc-13.2.1-1.1/bin/../lib/gcc/arm-none-eabi/13.2.1/thumb/v7e-m/nofp\libgcc.a(_aeabi_uldivmod.o)
 .debug_abbrev  0x00002c87      0x16a D:/GNU_Arm_Embedded_GCC/xpack-arm-none-eabi-gcc-13.2.1-1.1/bin/../lib/gcc/arm-none-eabi/13.2.1/thumb/v7e-m/nofp\libgcc.a(_udivmoddi4.o)
 .debug_abbrev  0x00002df1       0x26 D:/GNU_Arm_Embedded_GCC/xpack-arm-none-eabi-gcc-13.2.1-1.1/bin/../lib/gcc/arm-none-eabi/13.2.1/thumb/v7e-m/nofp\libgcc.a(_dvmd_tls.o)

.debug_aranges  0x00000000      0xdd8
 .debug_aranges
                0x00000000       0x20 CMakeFiles/PEC_2024.elf.dir/Core/Src/dma.c.obj
 .debug_aranges
                0x00000020       0x30 CMakeFiles/PEC_2024.elf.dir/Core/Src/fdcan.c.obj
 .debug_aranges
                0x00000050       0x20 CMakeFiles/PEC_2024.elf.dir/Core/Src/gpio.c.obj
 .debug_aranges
                0x00000070       0x30 CMakeFiles/PEC_2024.elf.dir/Core/Src/main.c.obj
 .debug_aranges
                0x000000a0       0x20 CMakeFiles/PEC_2024.elf.dir/Core/Src/stm32g4xx_hal_msp.c.obj
 .debug_aranges
                0x000000c0       0x78 CMakeFiles/PEC_2024.elf.dir/Core/Src/stm32g4xx_it.c.obj
 .debug_aranges
                0x00000138       0x28 CMakeFiles/PEC_2024.elf.dir/Core/Src/system_stm32g4xx.c.obj
 .debug_aranges
                0x00000160       0x38 CMakeFiles/PEC_2024.elf.dir/Core/Src/usart.c.obj
 .debug_aranges
                0x00000198       0x28 CMakeFiles/PEC_2024.elf.dir/Core/Startup/startup_stm32g474vetx.s.obj
 .debug_aranges
                0x000001c0      0x148 CMakeFiles/PEC_2024.elf.dir/Drivers/STM32G4xx_HAL_Driver/Src/stm32g4xx_hal.c.obj
 .debug_aranges
                0x00000308       0xf0 CMakeFiles/PEC_2024.elf.dir/Drivers/STM32G4xx_HAL_Driver/Src/stm32g4xx_hal_cortex.c.obj
 .debug_aranges
                0x000003f8       0x90 CMakeFiles/PEC_2024.elf.dir/Drivers/STM32G4xx_HAL_Driver/Src/stm32g4xx_hal_dma.c.obj
 .debug_aranges
                0x00000488      0x208 CMakeFiles/PEC_2024.elf.dir/Drivers/STM32G4xx_HAL_Driver/Src/stm32g4xx_hal_fdcan.c.obj
 .debug_aranges
                0x00000690       0x58 CMakeFiles/PEC_2024.elf.dir/Drivers/STM32G4xx_HAL_Driver/Src/stm32g4xx_hal_gpio.c.obj
 .debug_aranges
                0x000006e8      0x140 CMakeFiles/PEC_2024.elf.dir/Drivers/STM32G4xx_HAL_Driver/Src/stm32g4xx_hal_pwr_ex.c.obj
 .debug_aranges
                0x00000828       0x98 CMakeFiles/PEC_2024.elf.dir/Drivers/STM32G4xx_HAL_Driver/Src/stm32g4xx_hal_rcc.c.obj
 .debug_aranges
                0x000008c0       0xb0 CMakeFiles/PEC_2024.elf.dir/Drivers/STM32G4xx_HAL_Driver/Src/stm32g4xx_hal_rcc_ex.c.obj
 .debug_aranges
                0x00000970      0x248 CMakeFiles/PEC_2024.elf.dir/Drivers/STM32G4xx_HAL_Driver/Src/stm32g4xx_hal_uart.c.obj
 .debug_aranges
                0x00000bb8       0xa8 CMakeFiles/PEC_2024.elf.dir/Drivers/STM32G4xx_HAL_Driver/Src/stm32g4xx_hal_uart_ex.c.obj
 .debug_aranges
                0x00000c60       0x28 CMakeFiles/PEC_2024.elf.dir/User/BSP/MyCan.c.obj
 .debug_aranges
                0x00000c88       0x20 CMakeFiles/PEC_2024.elf.dir/User/Device/Vision.c.obj
 .debug_aranges
                0x00000ca8       0x40 CMakeFiles/PEC_2024.elf.dir/User/Device/deepmotor.c.obj
 .debug_aranges
                0x00000ce8       0x30 CMakeFiles/PEC_2024.elf.dir/User/Task/fsm_main.c.obj
 .debug_aranges
                0x00000d18       0x20 D:/GNU_Arm_Embedded_GCC/xpack-arm-none-eabi-gcc-13.2.1-1.1/bin/../lib/gcc/arm-none-eabi/13.2.1/thumb/v7e-m/nofp\libgcc.a(_arm_addsubsf3.o)
 .debug_aranges
                0x00000d38       0x20 D:/GNU_Arm_Embedded_GCC/xpack-arm-none-eabi-gcc-13.2.1-1.1/bin/../lib/gcc/arm-none-eabi/13.2.1/thumb/v7e-m/nofp\libgcc.a(_arm_muldivsf3.o)
 .debug_aranges
                0x00000d58       0x20 D:/GNU_Arm_Embedded_GCC/xpack-arm-none-eabi-gcc-13.2.1-1.1/bin/../lib/gcc/arm-none-eabi/13.2.1/thumb/v7e-m/nofp\libgcc.a(_arm_fixsfsi.o)
 .debug_aranges
                0x00000d78       0x20 D:/GNU_Arm_Embedded_GCC/xpack-arm-none-eabi-gcc-13.2.1-1.1/bin/../lib/gcc/arm-none-eabi/13.2.1/thumb/v7e-m/nofp\libgcc.a(_aeabi_uldivmod.o)
 .debug_aranges
                0x00000d98       0x20 D:/GNU_Arm_Embedded_GCC/xpack-arm-none-eabi-gcc-13.2.1-1.1/bin/../lib/gcc/arm-none-eabi/13.2.1/thumb/v7e-m/nofp\libgcc.a(_udivmoddi4.o)
 .debug_aranges
                0x00000db8       0x20 D:/GNU_Arm_Embedded_GCC/xpack-arm-none-eabi-gcc-13.2.1-1.1/bin/../lib/gcc/arm-none-eabi/13.2.1/thumb/v7e-m/nofp\libgcc.a(_dvmd_tls.o)

.debug_rnglists
                0x00000000      0xa63
 .debug_rnglists
                0x00000000       0x13 CMakeFiles/PEC_2024.elf.dir/Core/Src/dma.c.obj
 .debug_rnglists
                0x00000013       0x20 CMakeFiles/PEC_2024.elf.dir/Core/Src/fdcan.c.obj
 .debug_rnglists
                0x00000033       0x14 CMakeFiles/PEC_2024.elf.dir/Core/Src/gpio.c.obj
 .debug_rnglists
                0x00000047       0x1f CMakeFiles/PEC_2024.elf.dir/Core/Src/main.c.obj
 .debug_rnglists
                0x00000066       0x13 CMakeFiles/PEC_2024.elf.dir/Core/Src/stm32g4xx_hal_msp.c.obj
 .debug_rnglists
                0x00000079       0x55 CMakeFiles/PEC_2024.elf.dir/Core/Src/stm32g4xx_it.c.obj
 .debug_rnglists
                0x000000ce       0x1a CMakeFiles/PEC_2024.elf.dir/Core/Src/system_stm32g4xx.c.obj
 .debug_rnglists
                0x000000e8       0x26 CMakeFiles/PEC_2024.elf.dir/Core/Src/usart.c.obj
 .debug_rnglists
                0x0000010e       0x19 CMakeFiles/PEC_2024.elf.dir/Core/Startup/startup_stm32g474vetx.s.obj
 .debug_rnglists
                0x00000127       0xf1 CMakeFiles/PEC_2024.elf.dir/Drivers/STM32G4xx_HAL_Driver/Src/stm32g4xx_hal.c.obj
 .debug_rnglists
                0x00000218       0xaf CMakeFiles/PEC_2024.elf.dir/Drivers/STM32G4xx_HAL_Driver/Src/stm32g4xx_hal_cortex.c.obj
 .debug_rnglists
                0x000002c7       0x6c CMakeFiles/PEC_2024.elf.dir/Drivers/STM32G4xx_HAL_Driver/Src/stm32g4xx_hal_dma.c.obj
 .debug_rnglists
                0x00000333      0x18a CMakeFiles/PEC_2024.elf.dir/Drivers/STM32G4xx_HAL_Driver/Src/stm32g4xx_hal_fdcan.c.obj
 .debug_rnglists
                0x000004bd       0x3f CMakeFiles/PEC_2024.elf.dir/Drivers/STM32G4xx_HAL_Driver/Src/stm32g4xx_hal_gpio.c.obj
 .debug_rnglists
                0x000004fc       0xf1 CMakeFiles/PEC_2024.elf.dir/Drivers/STM32G4xx_HAL_Driver/Src/stm32g4xx_hal_pwr_ex.c.obj
 .debug_rnglists
                0x000005ed       0x81 CMakeFiles/PEC_2024.elf.dir/Drivers/STM32G4xx_HAL_Driver/Src/stm32g4xx_hal_rcc.c.obj
 .debug_rnglists
                0x0000066e       0x92 CMakeFiles/PEC_2024.elf.dir/Drivers/STM32G4xx_HAL_Driver/Src/stm32g4xx_hal_rcc_ex.c.obj
 .debug_rnglists
                0x00000700      0x1cb CMakeFiles/PEC_2024.elf.dir/Drivers/STM32G4xx_HAL_Driver/Src/stm32g4xx_hal_uart.c.obj
 .debug_rnglists
                0x000008cb       0x88 CMakeFiles/PEC_2024.elf.dir/Drivers/STM32G4xx_HAL_Driver/Src/stm32g4xx_hal_uart_ex.c.obj
 .debug_rnglists
                0x00000953       0x19 CMakeFiles/PEC_2024.elf.dir/User/BSP/MyCan.c.obj
 .debug_rnglists
                0x0000096c       0x13 CMakeFiles/PEC_2024.elf.dir/User/Device/Vision.c.obj
 .debug_rnglists
                0x0000097f       0x2c CMakeFiles/PEC_2024.elf.dir/User/Device/deepmotor.c.obj
 .debug_rnglists
                0x000009ab       0x1f CMakeFiles/PEC_2024.elf.dir/User/Task/fsm_main.c.obj
 .debug_rnglists
                0x000009ca       0x99 D:/GNU_Arm_Embedded_GCC/xpack-arm-none-eabi-gcc-13.2.1-1.1/bin/../lib/gcc/arm-none-eabi/13.2.1/thumb/v7e-m/nofp\libgcc.a(_udivmoddi4.o)

.debug_line     0x00000000     0xf142
 .debug_line    0x00000000      0x1da CMakeFiles/PEC_2024.elf.dir/Core/Src/dma.c.obj
 .debug_line    0x000001da      0x3d3 CMakeFiles/PEC_2024.elf.dir/Core/Src/fdcan.c.obj
 .debug_line    0x000005ad      0x20b CMakeFiles/PEC_2024.elf.dir/Core/Src/gpio.c.obj
 .debug_line    0x000007b8      0x37c CMakeFiles/PEC_2024.elf.dir/Core/Src/main.c.obj
 .debug_line    0x00000b34      0x1e6 CMakeFiles/PEC_2024.elf.dir/Core/Src/stm32g4xx_hal_msp.c.obj
 .debug_line    0x00000d1a      0x317 CMakeFiles/PEC_2024.elf.dir/Core/Src/stm32g4xx_it.c.obj
 .debug_line    0x00001031      0x250 CMakeFiles/PEC_2024.elf.dir/Core/Src/system_stm32g4xx.c.obj
 .debug_line    0x00001281      0x5ed CMakeFiles/PEC_2024.elf.dir/Core/Src/usart.c.obj
 .debug_line    0x0000186e       0x7b CMakeFiles/PEC_2024.elf.dir/Core/Startup/startup_stm32g474vetx.s.obj
 .debug_line    0x000018e9      0x739 CMakeFiles/PEC_2024.elf.dir/Drivers/STM32G4xx_HAL_Driver/Src/stm32g4xx_hal.c.obj
 .debug_line    0x00002022      0x867 CMakeFiles/PEC_2024.elf.dir/Drivers/STM32G4xx_HAL_Driver/Src/stm32g4xx_hal_cortex.c.obj
 .debug_line    0x00002889      0xc8d CMakeFiles/PEC_2024.elf.dir/Drivers/STM32G4xx_HAL_Driver/Src/stm32g4xx_hal_dma.c.obj
 .debug_line    0x00003516     0x1a85 CMakeFiles/PEC_2024.elf.dir/Drivers/STM32G4xx_HAL_Driver/Src/stm32g4xx_hal_fdcan.c.obj
 .debug_line    0x00004f9b      0x6ff CMakeFiles/PEC_2024.elf.dir/Drivers/STM32G4xx_HAL_Driver/Src/stm32g4xx_hal_gpio.c.obj
 .debug_line    0x0000569a      0xaa5 CMakeFiles/PEC_2024.elf.dir/Drivers/STM32G4xx_HAL_Driver/Src/stm32g4xx_hal_pwr_ex.c.obj
 .debug_line    0x0000613f      0xee4 CMakeFiles/PEC_2024.elf.dir/Drivers/STM32G4xx_HAL_Driver/Src/stm32g4xx_hal_rcc.c.obj
 .debug_line    0x00007023     0x1274 CMakeFiles/PEC_2024.elf.dir/Drivers/STM32G4xx_HAL_Driver/Src/stm32g4xx_hal_rcc_ex.c.obj
 .debug_line    0x00008297     0x4f12 CMakeFiles/PEC_2024.elf.dir/Drivers/STM32G4xx_HAL_Driver/Src/stm32g4xx_hal_uart.c.obj
 .debug_line    0x0000d1a9      0xb12 CMakeFiles/PEC_2024.elf.dir/Drivers/STM32G4xx_HAL_Driver/Src/stm32g4xx_hal_uart_ex.c.obj
 .debug_line    0x0000dcbb      0x290 CMakeFiles/PEC_2024.elf.dir/User/BSP/MyCan.c.obj
 .debug_line    0x0000df4b      0x133 CMakeFiles/PEC_2024.elf.dir/User/Device/Vision.c.obj
 .debug_line    0x0000e07e      0x497 CMakeFiles/PEC_2024.elf.dir/User/Device/deepmotor.c.obj
 .debug_line    0x0000e515      0x35a CMakeFiles/PEC_2024.elf.dir/User/Task/fsm_main.c.obj
 .debug_line    0x0000e86f      0x103 D:/GNU_Arm_Embedded_GCC/xpack-arm-none-eabi-gcc-13.2.1-1.1/bin/../lib/gcc/arm-none-eabi/13.2.1/thumb/v7e-m/nofp\libgcc.a(_arm_addsubsf3.o)
 .debug_line    0x0000e972      0x123 D:/GNU_Arm_Embedded_GCC/xpack-arm-none-eabi-gcc-13.2.1-1.1/bin/../lib/gcc/arm-none-eabi/13.2.1/thumb/v7e-m/nofp\libgcc.a(_arm_muldivsf3.o)
 .debug_line    0x0000ea95       0x62 D:/GNU_Arm_Embedded_GCC/xpack-arm-none-eabi-gcc-13.2.1-1.1/bin/../lib/gcc/arm-none-eabi/13.2.1/thumb/v7e-m/nofp\libgcc.a(_arm_fixsfsi.o)
 .debug_line    0x0000eaf7       0x4e D:/GNU_Arm_Embedded_GCC/xpack-arm-none-eabi-gcc-13.2.1-1.1/bin/../lib/gcc/arm-none-eabi/13.2.1/thumb/v7e-m/nofp\libgcc.a(_aeabi_uldivmod.o)
 .debug_line    0x0000eb45      0x5b3 D:/GNU_Arm_Embedded_GCC/xpack-arm-none-eabi-gcc-13.2.1-1.1/bin/../lib/gcc/arm-none-eabi/13.2.1/thumb/v7e-m/nofp\libgcc.a(_udivmoddi4.o)
 .debug_line    0x0000f0f8       0x4a D:/GNU_Arm_Embedded_GCC/xpack-arm-none-eabi-gcc-13.2.1-1.1/bin/../lib/gcc/arm-none-eabi/13.2.1/thumb/v7e-m/nofp\libgcc.a(_dvmd_tls.o)

.debug_str      0x00000000     0x53e2
 .debug_str     0x00000000     0x53e2 CMakeFiles/PEC_2024.elf.dir/Core/Src/dma.c.obj
                                0x969 (size before relaxing)
 .debug_str     0x000053e2      0x97d CMakeFiles/PEC_2024.elf.dir/Core/Src/fdcan.c.obj
 .debug_str     0x000053e2      0x3dc CMakeFiles/PEC_2024.elf.dir/Core/Src/gpio.c.obj
 .debug_str     0x000053e2      0x400 CMakeFiles/PEC_2024.elf.dir/Core/Src/main.c.obj
 .debug_str     0x000053e2      0x33e CMakeFiles/PEC_2024.elf.dir/Core/Src/stm32g4xx_hal_msp.c.obj
 .debug_str     0x000053e2      0x84a CMakeFiles/PEC_2024.elf.dir/Core/Src/stm32g4xx_it.c.obj
 .debug_str     0x000053e2      0x383 CMakeFiles/PEC_2024.elf.dir/Core/Src/system_stm32g4xx.c.obj
 .debug_str     0x000053e2     0x12a5 CMakeFiles/PEC_2024.elf.dir/Core/Src/usart.c.obj
 .debug_str     0x000053e2       0x7d CMakeFiles/PEC_2024.elf.dir/Core/Startup/startup_stm32g474vetx.s.obj
 .debug_str     0x000053e2      0xe4f CMakeFiles/PEC_2024.elf.dir/Drivers/STM32G4xx_HAL_Driver/Src/stm32g4xx_hal.c.obj
 .debug_str     0x000053e2      0xda5 CMakeFiles/PEC_2024.elf.dir/Drivers/STM32G4xx_HAL_Driver/Src/stm32g4xx_hal_cortex.c.obj
 .debug_str     0x000053e2      0x7b1 CMakeFiles/PEC_2024.elf.dir/Drivers/STM32G4xx_HAL_Driver/Src/stm32g4xx_hal_dma.c.obj
 .debug_str     0x000053e2     0x123d CMakeFiles/PEC_2024.elf.dir/Drivers/STM32G4xx_HAL_Driver/Src/stm32g4xx_hal_fdcan.c.obj
 .debug_str     0x000053e2      0x550 CMakeFiles/PEC_2024.elf.dir/Drivers/STM32G4xx_HAL_Driver/Src/stm32g4xx_hal_gpio.c.obj
 .debug_str     0x000053e2      0x7f2 CMakeFiles/PEC_2024.elf.dir/Drivers/STM32G4xx_HAL_Driver/Src/stm32g4xx_hal_pwr_ex.c.obj
 .debug_str     0x000053e2      0x865 CMakeFiles/PEC_2024.elf.dir/Drivers/STM32G4xx_HAL_Driver/Src/stm32g4xx_hal_rcc.c.obj
 .debug_str     0x000053e2      0xa75 CMakeFiles/PEC_2024.elf.dir/Drivers/STM32G4xx_HAL_Driver/Src/stm32g4xx_hal_rcc_ex.c.obj
 .debug_str     0x000053e2     0x123a CMakeFiles/PEC_2024.elf.dir/Drivers/STM32G4xx_HAL_Driver/Src/stm32g4xx_hal_uart.c.obj
 .debug_str     0x000053e2      0xb6e CMakeFiles/PEC_2024.elf.dir/Drivers/STM32G4xx_HAL_Driver/Src/stm32g4xx_hal_uart_ex.c.obj
 .debug_str     0x000053e2      0x65a CMakeFiles/PEC_2024.elf.dir/User/BSP/MyCan.c.obj
 .debug_str     0x000053e2      0x1d6 CMakeFiles/PEC_2024.elf.dir/User/Device/Vision.c.obj
 .debug_str     0x000053e2      0x742 CMakeFiles/PEC_2024.elf.dir/User/Device/deepmotor.c.obj
 .debug_str     0x000053e2      0x882 CMakeFiles/PEC_2024.elf.dir/User/Task/fsm_main.c.obj
 .debug_str     0x000053e2      0x1c2 D:/GNU_Arm_Embedded_GCC/xpack-arm-none-eabi-gcc-13.2.1-1.1/bin/../lib/gcc/arm-none-eabi/13.2.1/thumb/v7e-m/nofp\libgcc.a(_arm_addsubsf3.o)
 .debug_str     0x000053e2      0x14e D:/GNU_Arm_Embedded_GCC/xpack-arm-none-eabi-gcc-13.2.1-1.1/bin/../lib/gcc/arm-none-eabi/13.2.1/thumb/v7e-m/nofp\libgcc.a(_arm_muldivsf3.o)
 .debug_str     0x000053e2      0x139 D:/GNU_Arm_Embedded_GCC/xpack-arm-none-eabi-gcc-13.2.1-1.1/bin/../lib/gcc/arm-none-eabi/13.2.1/thumb/v7e-m/nofp\libgcc.a(_arm_fixsfsi.o)
 .debug_str     0x000053e2      0x11d D:/GNU_Arm_Embedded_GCC/xpack-arm-none-eabi-gcc-13.2.1-1.1/bin/../lib/gcc/arm-none-eabi/13.2.1/thumb/v7e-m/nofp\libgcc.a(_aeabi_uldivmod.o)
 .debug_str     0x000053e2      0x733 D:/GNU_Arm_Embedded_GCC/xpack-arm-none-eabi-gcc-13.2.1-1.1/bin/../lib/gcc/arm-none-eabi/13.2.1/thumb/v7e-m/nofp\libgcc.a(_udivmoddi4.o)
 .debug_str     0x000053e2      0x13d D:/GNU_Arm_Embedded_GCC/xpack-arm-none-eabi-gcc-13.2.1-1.1/bin/../lib/gcc/arm-none-eabi/13.2.1/thumb/v7e-m/nofp\libgcc.a(_dvmd_tls.o)

.debug_frame    0x00000000     0x1ecc
 .debug_frame   0x00000000       0x2c CMakeFiles/PEC_2024.elf.dir/Core/Src/dma.c.obj
 .debug_frame   0x0000002c       0x60 CMakeFiles/PEC_2024.elf.dir/Core/Src/fdcan.c.obj
 .debug_frame   0x0000008c       0x30 CMakeFiles/PEC_2024.elf.dir/Core/Src/gpio.c.obj
 .debug_frame   0x000000bc       0x58 CMakeFiles/PEC_2024.elf.dir/Core/Src/main.c.obj
 .debug_frame   0x00000114       0x2c CMakeFiles/PEC_2024.elf.dir/Core/Src/stm32g4xx_hal_msp.c.obj
 .debug_frame   0x00000140       0xf0 CMakeFiles/PEC_2024.elf.dir/Core/Src/stm32g4xx_it.c.obj
 .debug_frame   0x00000230       0x30 CMakeFiles/PEC_2024.elf.dir/Core/Src/system_stm32g4xx.c.obj
 .debug_frame   0x00000260       0x7c CMakeFiles/PEC_2024.elf.dir/Core/Src/usart.c.obj
 .debug_frame   0x000002dc      0x2a4 CMakeFiles/PEC_2024.elf.dir/Drivers/STM32G4xx_HAL_Driver/Src/stm32g4xx_hal.c.obj
 .debug_frame   0x00000580      0x204 CMakeFiles/PEC_2024.elf.dir/Drivers/STM32G4xx_HAL_Driver/Src/stm32g4xx_hal_cortex.c.obj
 .debug_frame   0x00000784      0x16c CMakeFiles/PEC_2024.elf.dir/Drivers/STM32G4xx_HAL_Driver/Src/stm32g4xx_hal_dma.c.obj
 .debug_frame   0x000008f0      0x4a4 CMakeFiles/PEC_2024.elf.dir/Drivers/STM32G4xx_HAL_Driver/Src/stm32g4xx_hal_fdcan.c.obj
 .debug_frame   0x00000d94       0xd0 CMakeFiles/PEC_2024.elf.dir/Drivers/STM32G4xx_HAL_Driver/Src/stm32g4xx_hal_gpio.c.obj
 .debug_frame   0x00000e64      0x268 CMakeFiles/PEC_2024.elf.dir/Drivers/STM32G4xx_HAL_Driver/Src/stm32g4xx_hal_pwr_ex.c.obj
 .debug_frame   0x000010cc      0x198 CMakeFiles/PEC_2024.elf.dir/Drivers/STM32G4xx_HAL_Driver/Src/stm32g4xx_hal_rcc.c.obj
 .debug_frame   0x00001264      0x1a0 CMakeFiles/PEC_2024.elf.dir/Drivers/STM32G4xx_HAL_Driver/Src/stm32g4xx_hal_rcc_ex.c.obj
 .debug_frame   0x00001404      0x67c CMakeFiles/PEC_2024.elf.dir/Drivers/STM32G4xx_HAL_Driver/Src/stm32g4xx_hal_uart.c.obj
 .debug_frame   0x00001a80      0x1d8 CMakeFiles/PEC_2024.elf.dir/Drivers/STM32G4xx_HAL_Driver/Src/stm32g4xx_hal_uart_ex.c.obj
 .debug_frame   0x00001c58       0x40 CMakeFiles/PEC_2024.elf.dir/User/BSP/MyCan.c.obj
 .debug_frame   0x00001c98       0x20 CMakeFiles/PEC_2024.elf.dir/User/Device/Vision.c.obj
 .debug_frame   0x00001cb8       0xb4 CMakeFiles/PEC_2024.elf.dir/User/Device/deepmotor.c.obj
 .debug_frame   0x00001d6c       0x58 CMakeFiles/PEC_2024.elf.dir/User/Task/fsm_main.c.obj
 .debug_frame   0x00001dc4       0x4c D:/GNU_Arm_Embedded_GCC/xpack-arm-none-eabi-gcc-13.2.1-1.1/bin/../lib/gcc/arm-none-eabi/13.2.1/thumb/v7e-m/nofp\libgcc.a(_arm_addsubsf3.o)
 .debug_frame   0x00001e10       0x38 D:/GNU_Arm_Embedded_GCC/xpack-arm-none-eabi-gcc-13.2.1-1.1/bin/../lib/gcc/arm-none-eabi/13.2.1/thumb/v7e-m/nofp\libgcc.a(_arm_muldivsf3.o)
 .debug_frame   0x00001e48       0x24 D:/GNU_Arm_Embedded_GCC/xpack-arm-none-eabi-gcc-13.2.1-1.1/bin/../lib/gcc/arm-none-eabi/13.2.1/thumb/v7e-m/nofp\libgcc.a(_arm_fixsfsi.o)
 .debug_frame   0x00001e6c       0x2c D:/GNU_Arm_Embedded_GCC/xpack-arm-none-eabi-gcc-13.2.1-1.1/bin/../lib/gcc/arm-none-eabi/13.2.1/thumb/v7e-m/nofp\libgcc.a(_aeabi_uldivmod.o)
 .debug_frame   0x00001e98       0x34 D:/GNU_Arm_Embedded_GCC/xpack-arm-none-eabi-gcc-13.2.1-1.1/bin/../lib/gcc/arm-none-eabi/13.2.1/thumb/v7e-m/nofp\libgcc.a(_udivmoddi4.o)

.debug_loclists
                0x00000000     0x87c8
 .debug_loclists
                0x00000000       0x55 CMakeFiles/PEC_2024.elf.dir/Core/Src/fdcan.c.obj
 .debug_loclists
                0x00000055       0x65 CMakeFiles/PEC_2024.elf.dir/Core/Src/system_stm32g4xx.c.obj
 .debug_loclists
                0x000000ba       0x63 CMakeFiles/PEC_2024.elf.dir/Core/Src/usart.c.obj
 .debug_loclists
                0x0000011d      0x14d CMakeFiles/PEC_2024.elf.dir/Drivers/STM32G4xx_HAL_Driver/Src/stm32g4xx_hal.c.obj
 .debug_loclists
                0x0000026a      0x545 CMakeFiles/PEC_2024.elf.dir/Drivers/STM32G4xx_HAL_Driver/Src/stm32g4xx_hal_cortex.c.obj
 .debug_loclists
                0x000007af      0x5ff CMakeFiles/PEC_2024.elf.dir/Drivers/STM32G4xx_HAL_Driver/Src/stm32g4xx_hal_dma.c.obj
 .debug_loclists
                0x00000dae      0xfc9 CMakeFiles/PEC_2024.elf.dir/Drivers/STM32G4xx_HAL_Driver/Src/stm32g4xx_hal_fdcan.c.obj
 .debug_loclists
                0x00001d77      0x291 CMakeFiles/PEC_2024.elf.dir/Drivers/STM32G4xx_HAL_Driver/Src/stm32g4xx_hal_gpio.c.obj
 .debug_loclists
                0x00002008      0x714 CMakeFiles/PEC_2024.elf.dir/Drivers/STM32G4xx_HAL_Driver/Src/stm32g4xx_hal_pwr_ex.c.obj
 .debug_loclists
                0x0000271c      0x5aa CMakeFiles/PEC_2024.elf.dir/Drivers/STM32G4xx_HAL_Driver/Src/stm32g4xx_hal_rcc.c.obj
 .debug_loclists
                0x00002cc6     0x1080 CMakeFiles/PEC_2024.elf.dir/Drivers/STM32G4xx_HAL_Driver/Src/stm32g4xx_hal_rcc_ex.c.obj
 .debug_loclists
                0x00003d46     0x3733 CMakeFiles/PEC_2024.elf.dir/Drivers/STM32G4xx_HAL_Driver/Src/stm32g4xx_hal_uart.c.obj
 .debug_loclists
                0x00007479      0x835 CMakeFiles/PEC_2024.elf.dir/Drivers/STM32G4xx_HAL_Driver/Src/stm32g4xx_hal_uart_ex.c.obj
 .debug_loclists
                0x00007cae       0x20 CMakeFiles/PEC_2024.elf.dir/User/Device/Vision.c.obj
 .debug_loclists
                0x00007cce       0xe5 CMakeFiles/PEC_2024.elf.dir/User/Device/deepmotor.c.obj
 .debug_loclists
                0x00007db3      0xa15 D:/GNU_Arm_Embedded_GCC/xpack-arm-none-eabi-gcc-13.2.1-1.1/bin/../lib/gcc/arm-none-eabi/13.2.1/thumb/v7e-m/nofp\libgcc.a(_udivmoddi4.o)

.debug_line_str
                0x00000000      0x189
 .debug_line_str
                0x00000000      0x189 CMakeFiles/PEC_2024.elf.dir/Core/Startup/startup_stm32g474vetx.s.obj
                                 0x61 (size before relaxing)
 .debug_line_str
                0x00000189      0x114 D:/GNU_Arm_Embedded_GCC/xpack-arm-none-eabi-gcc-13.2.1-1.1/bin/../lib/gcc/arm-none-eabi/13.2.1/thumb/v7e-m/nofp\libgcc.a(_arm_addsubsf3.o)
 .debug_line_str
                0x00000189      0x114 D:/GNU_Arm_Embedded_GCC/xpack-arm-none-eabi-gcc-13.2.1-1.1/bin/../lib/gcc/arm-none-eabi/13.2.1/thumb/v7e-m/nofp\libgcc.a(_arm_muldivsf3.o)
 .debug_line_str
                0x00000189      0x114 D:/GNU_Arm_Embedded_GCC/xpack-arm-none-eabi-gcc-13.2.1-1.1/bin/../lib/gcc/arm-none-eabi/13.2.1/thumb/v7e-m/nofp\libgcc.a(_arm_fixsfsi.o)
 .debug_line_str
                0x00000189      0x10f D:/GNU_Arm_Embedded_GCC/xpack-arm-none-eabi-gcc-13.2.1-1.1/bin/../lib/gcc/arm-none-eabi/13.2.1/thumb/v7e-m/nofp\libgcc.a(_aeabi_uldivmod.o)
 .debug_line_str
                0x00000189      0x113 D:/GNU_Arm_Embedded_GCC/xpack-arm-none-eabi-gcc-13.2.1-1.1/bin/../lib/gcc/arm-none-eabi/13.2.1/thumb/v7e-m/nofp\libgcc.a(_dvmd_tls.o)
