Archive member included to satisfy reference by file (symbol)

d:/stm32/gcc-arm-none-eabi-10.3-2021.10/bin/../lib/gcc/arm-none-eabi/10.3.1/thumb/v7e-m/nofp\libgcc.a(_arm_muldf3.o)
                              CMakeFiles/PEC_2024.elf.dir/User/BSP/MyCan.c.obj (__aeabi_dmul)
d:/stm32/gcc-arm-none-eabi-10.3-2021.10/bin/../lib/gcc/arm-none-eabi/10.3.1/thumb/v7e-m/nofp\libgcc.a(_arm_mulsf3.o)
                              CMakeFiles/PEC_2024.elf.dir/User/BSP/PID.c.obj (__aeabi_fmul)
d:/stm32/gcc-arm-none-eabi-10.3-2021.10/bin/../lib/gcc/arm-none-eabi/10.3.1/thumb/v7e-m/nofp\libgcc.a(_arm_addsubdf3.o)
                              CMakeFiles/PEC_2024.elf.dir/User/BSP/MyCan.c.obj (__aeabi_f2d)
d:/stm32/gcc-arm-none-eabi-10.3-2021.10/bin/../lib/gcc/arm-none-eabi/10.3.1/thumb/v7e-m/nofp\libgcc.a(_arm_truncdfsf2.o)
                              CMakeFiles/PEC_2024.elf.dir/User/BSP/MyCan.c.obj (__aeabi_d2f)
d:/stm32/gcc-arm-none-eabi-10.3-2021.10/bin/../lib/gcc/arm-none-eabi/10.3.1/thumb/v7e-m/nofp\libgcc.a(_arm_addsubsf3.o)
                              CMakeFiles/PEC_2024.elf.dir/User/BSP/PID.c.obj (__aeabi_fsub)
d:/stm32/gcc-arm-none-eabi-10.3-2021.10/bin/../lib/gcc/arm-none-eabi/10.3.1/thumb/v7e-m/nofp\libgcc.a(_arm_muldivsf3.o)
                              CMakeFiles/PEC_2024.elf.dir/User/Device/deepmotor.c.obj (__aeabi_fdiv)
d:/stm32/gcc-arm-none-eabi-10.3-2021.10/bin/../lib/gcc/arm-none-eabi/10.3.1/thumb/v7e-m/nofp\libgcc.a(_arm_cmpsf2.o)
                              CMakeFiles/PEC_2024.elf.dir/User/BSP/PID.c.obj (__aeabi_fcmpeq)
d:/stm32/gcc-arm-none-eabi-10.3-2021.10/bin/../lib/gcc/arm-none-eabi/10.3.1/thumb/v7e-m/nofp\libgcc.a(_arm_fixsfsi.o)
                              CMakeFiles/PEC_2024.elf.dir/User/BSP/PID.c.obj (__aeabi_f2iz)
d:/stm32/gcc-arm-none-eabi-10.3-2021.10/bin/../lib/gcc/arm-none-eabi/10.3.1/thumb/v7e-m/nofp\libgcc.a(_aeabi_uldivmod.o)
                              CMakeFiles/PEC_2024.elf.dir/Drivers/STM32G4xx_HAL_Driver/Src/stm32g4xx_hal_uart.c.obj (__aeabi_uldivmod)
d:/stm32/gcc-arm-none-eabi-10.3-2021.10/bin/../lib/gcc/arm-none-eabi/10.3.1/thumb/v7e-m/nofp\libgcc.a(_udivmoddi4.o)
                              d:/stm32/gcc-arm-none-eabi-10.3-2021.10/bin/../lib/gcc/arm-none-eabi/10.3.1/thumb/v7e-m/nofp\libgcc.a(_aeabi_uldivmod.o) (__udivmoddi4)
d:/stm32/gcc-arm-none-eabi-10.3-2021.10/bin/../lib/gcc/arm-none-eabi/10.3.1/thumb/v7e-m/nofp\libgcc.a(_dvmd_tls.o)
                              d:/stm32/gcc-arm-none-eabi-10.3-2021.10/bin/../lib/gcc/arm-none-eabi/10.3.1/thumb/v7e-m/nofp\libgcc.a(_aeabi_uldivmod.o) (__aeabi_ldiv0)
d:/stm32/gcc-arm-none-eabi-10.3-2021.10/bin/../lib/gcc/arm-none-eabi/10.3.1/../../../../arm-none-eabi/lib/thumb/v7e-m/nofp\libg.a(lib_a-errno.o)
                              CMakeFiles/PEC_2024.elf.dir/Core/Src/syscalls.c.obj (__errno)
d:/stm32/gcc-arm-none-eabi-10.3-2021.10/bin/../lib/gcc/arm-none-eabi/10.3.1/../../../../arm-none-eabi/lib/thumb/v7e-m/nofp\libg.a(lib_a-exit.o)
                              d:/stm32/gcc-arm-none-eabi-10.3-2021.10/bin/../lib/gcc/arm-none-eabi/10.3.1/../../../../arm-none-eabi/lib/thumb/v7e-m/nofp/crt0.o (exit)
d:/stm32/gcc-arm-none-eabi-10.3-2021.10/bin/../lib/gcc/arm-none-eabi/10.3.1/../../../../arm-none-eabi/lib/thumb/v7e-m/nofp\libg.a(lib_a-impure.o)
                              d:/stm32/gcc-arm-none-eabi-10.3-2021.10/bin/../lib/gcc/arm-none-eabi/10.3.1/../../../../arm-none-eabi/lib/thumb/v7e-m/nofp\libg.a(lib_a-exit.o) (_global_impure_ptr)
d:/stm32/gcc-arm-none-eabi-10.3-2021.10/bin/../lib/gcc/arm-none-eabi/10.3.1/../../../../arm-none-eabi/lib/thumb/v7e-m/nofp\libg.a(lib_a-init.o)
                              d:/stm32/gcc-arm-none-eabi-10.3-2021.10/bin/../lib/gcc/arm-none-eabi/10.3.1/../../../../arm-none-eabi/lib/thumb/v7e-m/nofp/crt0.o (__libc_init_array)
d:/stm32/gcc-arm-none-eabi-10.3-2021.10/bin/../lib/gcc/arm-none-eabi/10.3.1/../../../../arm-none-eabi/lib/thumb/v7e-m/nofp\libg.a(lib_a-memset.o)
                              d:/stm32/gcc-arm-none-eabi-10.3-2021.10/bin/../lib/gcc/arm-none-eabi/10.3.1/../../../../arm-none-eabi/lib/thumb/v7e-m/nofp/crt0.o (memset)
d:/stm32/gcc-arm-none-eabi-10.3-2021.10/bin/../lib/gcc/arm-none-eabi/10.3.1/../../../../arm-none-eabi/lib/thumb/v7e-m/nofp\libg.a(lib_a-printf.o)
                              CMakeFiles/PEC_2024.elf.dir/User/BSP/PID.c.obj (printf)
d:/stm32/gcc-arm-none-eabi-10.3-2021.10/bin/../lib/gcc/arm-none-eabi/10.3.1/../../../../arm-none-eabi/lib/thumb/v7e-m/nofp\libg.a(lib_a-puts.o)
                              CMakeFiles/PEC_2024.elf.dir/User/BSP/PID.c.obj (puts)
d:/stm32/gcc-arm-none-eabi-10.3-2021.10/bin/../lib/gcc/arm-none-eabi/10.3.1/../../../../arm-none-eabi/lib/thumb/v7e-m/nofp\libg.a(lib_a-setvbuf.o)
                              CMakeFiles/PEC_2024.elf.dir/User/BSP/retarget.c.obj (setvbuf)
d:/stm32/gcc-arm-none-eabi-10.3-2021.10/bin/../lib/gcc/arm-none-eabi/10.3.1/../../../../arm-none-eabi/lib/thumb/v7e-m/nofp\libg.a(lib_a-strlen.o)
[...]
Memory Configuration

Name             Origin             Length             Attributes
RAM              0x20000000         0x00020000         xrw
FLASH            0x08000000         0x00080000         xr
*default*        0x00000000         0xffffffff

Linker script and memory map

LOAD d:/stm32/gcc-arm-none-eabi-10.3-2021.10/bin/../lib/gcc/arm-none-eabi/10.3.1/thumb/v7e-m/nofp/crti.o
LOAD d:/stm32/gcc-arm-none-eabi-10.3-2021.10/bin/../lib/gcc/arm-none-eabi/10.3.1/thumb/v7e-m/nofp/crtbegin.o
LOAD d:/stm32/gcc-arm-none-eabi-10.3-2021.10/bin/../lib/gcc/arm-none-eabi/10.3.1/../../../../arm-none-eabi/lib/thumb/v7e-m/nofp/crt0.o
LOAD CMakeFiles/PEC_2024.elf.dir/Core/Src/dma.c.obj
LOAD CMakeFiles/PEC_2024.elf.dir/Core/Src/fdcan.c.obj
LOAD CMakeFiles/PEC_2024.elf.dir/Core/Src/gpio.c.obj
LOAD CMakeFiles/PEC_2024.elf.dir/Core/Src/main.c.obj
LOAD CMakeFiles/PEC_2024.elf.dir/Core/Src/stm32g4xx_hal_msp.c.obj
LOAD CMakeFiles/PEC_2024.elf.dir/Core/Src/stm32g4xx_it.c.obj
LOAD CMakeFiles/PEC_2024.elf.dir/Core/Src/syscalls.c.obj
LOAD CMakeFiles/PEC_2024.elf.dir/Core/Src/sysmem.c.obj
LOAD CMakeFiles/PEC_2024.elf.dir/Core/Src/system_stm32g4xx.c.obj
LOAD CMakeFiles/PEC_2024.elf.dir/Core/Src/usart.c.obj
LOAD CMakeFiles/PEC_2024.elf.dir/Core/Startup/startup_stm32g474vetx.s.obj
LOAD CMakeFiles/PEC_2024.elf.dir/Drivers/STM32G4xx_HAL_Driver/Src/stm32g4xx_hal.c.obj
LOAD CMakeFiles/PEC_2024.elf.dir/Drivers/STM32G4xx_HAL_Driver/Src/stm32g4xx_hal_cortex.c.obj
LOAD CMakeFiles/PEC_2024.elf.dir/Drivers/STM32G4xx_HAL_Driver/Src/stm32g4xx_hal_dma.c.obj
LOAD CMakeFiles/PEC_2024.elf.dir/Drivers/STM32G4xx_HAL_Driver/Src/stm32g4xx_hal_dma_ex.c.obj
LOAD CMakeFiles/PEC_2024.elf.dir/Drivers/STM32G4xx_HAL_Driver/Src/stm32g4xx_hal_exti.c.obj
LOAD CMakeFiles/PEC_2024.elf.dir/Drivers/STM32G4xx_HAL_Driver/Src/stm32g4xx_hal_fdcan.c.obj
LOAD CMakeFiles/PEC_2024.elf.dir/Drivers/STM32G4xx_HAL_Driver/Src/stm32g4xx_hal_flash.c.obj
LOAD CMakeFiles/PEC_2024.elf.dir/Drivers/STM32G4xx_HAL_Driver/Src/stm32g4xx_hal_flash_ex.c.obj
LOAD CMakeFiles/PEC_2024.elf.dir/Drivers/STM32G4xx_HAL_Driver/Src/stm32g4xx_hal_flash_ramfunc.c.obj
LOAD CMakeFiles/PEC_2024.elf.dir/Drivers/STM32G4xx_HAL_Driver/Src/stm32g4xx_hal_gpio.c.obj
LOAD CMakeFiles/PEC_2024.elf.dir/Drivers/STM32G4xx_HAL_Driver/Src/stm32g4xx_hal_pwr.c.obj
LOAD CMakeFiles/PEC_2024.elf.dir/Drivers/STM32G4xx_HAL_Driver/Src/stm32g4xx_hal_pwr_ex.c.obj
LOAD CMakeFiles/PEC_2024.elf.dir/Drivers/STM32G4xx_HAL_Driver/Src/stm32g4xx_hal_rcc.c.obj
LOAD CMakeFiles/PEC_2024.elf.dir/Drivers/STM32G4xx_HAL_Driver/Src/stm32g4xx_hal_rcc_ex.c.obj
LOAD CMakeFiles/PEC_2024.elf.dir/Drivers/STM32G4xx_HAL_Driver/Src/stm32g4xx_hal_tim.c.obj
LOAD CMakeFiles/PEC_2024.elf.dir/Drivers/STM32G4xx_HAL_Driver/Src/stm32g4xx_hal_tim_ex.c.obj
LOAD CMakeFiles/PEC_2024.elf.dir/Drivers/STM32G4xx_HAL_Driver/Src/stm32g4xx_hal_uart.c.obj
LOAD CMakeFiles/PEC_2024.elf.dir/Drivers/STM32G4xx_HAL_Driver/Src/stm32g4xx_hal_uart_ex.c.obj
LOAD CMakeFiles/PEC_2024.elf.dir/User/BSP/MyCan.c.obj
LOAD CMakeFiles/PEC_2024.elf.dir/User/BSP/PID.c.obj
LOAD CMakeFiles/PEC_2024.elf.dir/User/BSP/VisionUnpack.c.obj
LOAD CMakeFiles/PEC_2024.elf.dir/User/BSP/retarget.c.obj
LOAD CMakeFiles/PEC_2024.elf.dir/User/Device/M2006.c.obj
LOAD CMakeFiles/PEC_2024.elf.dir/User/Device/Vision.c.obj
LOAD CMakeFiles/PEC_2024.elf.dir/User/Device/deepmotor.c.obj
LOAD CMakeFiles/PEC_2024.elf.dir/User/Device/magnet.c.obj
LOAD CMakeFiles/PEC_2024.elf.dir/User/FSM/Place.c.obj
LOAD CMakeFiles/PEC_2024.elf.dir/User/FSM/Reset.c.obj
LOAD CMakeFiles/PEC_2024.elf.dir/User/Task/fsm_main.c.obj
START GROUP
LOAD d:/stm32/gcc-arm-none-eabi-10.3-2021.10/bin/../lib/gcc/arm-none-eabi/10.3.1/thumb/v7e-m/nofp\libgcc.a
LOAD d:/stm32/gcc-arm-none-eabi-10.3-2021.10/bin/../lib/gcc/arm-none-eabi/10.3.1/../../../../arm-none-eabi/lib/thumb/v7e-m/nofp\libg.a
LOAD d:/stm32/gcc-arm-none-eabi-10.3-2021.10/bin/../lib/gcc/arm-none-eabi/10.3.1/../../../../arm-none-eabi/lib/thumb/v7e-m/nofp\libc.a
END GROUP
LOAD d:/stm32/gcc-arm-none-eabi-10.3-2021.10/bin/../lib/gcc/arm-none-eabi/10.3.1/thumb/v7e-m/nofp/crtend.o
LOAD d:/stm32/gcc-arm-none-eabi-10.3-2021.10/bin/../lib/gcc/arm-none-eabi/10.3.1/thumb/v7e-m/nofp/crtn.o
                0x20020000                _estack = (ORIGIN (RAM) + LENGTH (RAM))
                0x00000200                _Min_Heap_Size = 0x200
                0x00000400                _Min_Stack_Size = 0x400

.isr_vector     0x08000000      0x1d8
                0x08000000                . = ALIGN (0x4)
 *(.isr_vector)
 .isr_vector    0x08000000      0x1d8 CMakeFiles/PEC_2024.elf.dir/Core/Startup/startup_stm32g474vetx.s.obj
                0x08000000                g_pfnVectors
                0x080001d8                . = ALIGN (0x4)

.text           0x08000200     0xb490
                0x08000200                . = ALIGN (0x4)
 *(.text)
 .text          0x08000200       0x40 d:/stm32/gcc-arm-none-eabi-10.3-2021.10/bin/../lib/gcc/arm-none-eabi/10.3.1/thumb/v7e-m/nofp/crtbegin.o
 .text          0x08000240      0x378 d:/stm32/gcc-arm-none-eabi-10.3-2021.10/bin/../lib/gcc/arm-none-eabi/10.3.1/thumb/v7e-m/nofp\libgcc.a(_arm_addsubdf3.o)
                0x08000240                __aeabi_drsub
                0x08000248                __aeabi_dsub
                0x08000248                __subdf3
                0x0800024c                __aeabi_dadd
                0x0800024c                __adddf3
                0x080004c4                __floatunsidf
                0x080004c4                __aeabi_ui2d
                0x080004e4                __floatsidf
                0x080004e4                __aeabi_i2d
                0x08000508                __aeabi_f2d
                0x08000508                __extendsfdf2
                0x0800054c                __floatundidf
                0x0800054c                __aeabi_ul2d
                0x0800055c                __floatdidf
                0x0800055c                __aeabi_l2d
 .text          0x080005b8       0xa0 d:/stm32/gcc-arm-none-eabi-10.3-2021.10/bin/../lib/gcc/arm-none-eabi/10.3.1/thumb/v7e-m/nofp\libgcc.a(_arm_truncdfsf2.o)
                0x080005b8                __truncdfsf2
                0x080005b8                __aeabi_d2f
 .text          0x08000658      0x21c d:/stm32/gcc-arm-none-eabi-10.3-2021.10/bin/../lib/gcc/arm-none-eabi/10.3.1/thumb/v7e-m/nofp\libgcc.a(_arm_addsubsf3.o)
                0x08000658                __aeabi_frsub
                0x08000660                __subsf3
                0x08000660                __aeabi_fsub
                0x08000664                __aeabi_fadd
                0x08000664                __addsf3
                0x080007c4                __aeabi_ui2f
                0x080007c4                __floatunsisf
                0x080007cc                __aeabi_i2f
                0x080007cc                __floatsisf
                0x080007e8                __aeabi_ul2f
                0x080007e8                __floatundisf
                0x080007f8                __aeabi_l2f
                0x080007f8                __floatdisf
 .text          0x08000874      0x2a0 d:/stm32/gcc-arm-none-eabi-10.3-2021.10/bin/../lib/gcc/arm-none-eabi/10.3.1/thumb/v7e-m/nofp\libgcc.a(_arm_muldivsf3.o)
                0x08000874                __mulsf3
                0x08000874                __aeabi_fmul
                0x080009dc                __aeabi_fdiv
                0x080009dc                __divsf3
 .text          0x08000b14       0xec d:/stm32/gcc-arm-none-eabi-10.3-2021.10/bin/../lib/gcc/arm-none-eabi/10.3.1/thumb/v7e-m/nofp\libgcc.a(_arm_cmpsf2.o)
                0x08000b14                __gesf2
                0x08000b14                __gtsf2
                0x08000b1c                __lesf2
                0x08000b1c                __ltsf2
                0x08000b24                __nesf2
                0x08000b24                __eqsf2
                0x08000b24                __cmpsf2
                0x08000b84                __aeabi_cfrcmple
                0x08000b8c                __aeabi_cfcmpeq
                0x08000b8c                __aeabi_cfcmple
                0x08000b9c                __aeabi_fcmpeq
                0x08000bb0                __aeabi_fcmplt
                0x08000bc4                __aeabi_fcmple
                0x08000bd8                __aeabi_fcmpge
                0x08000bec                __aeabi_fcmpgt
 .text          0x08000c00       0x4c d:/stm32/gcc-arm-none-eabi-10.3-2021.10/bin/../lib/gcc/arm-none-eabi/10.3.1/thumb/v7e-m/nofp\libgcc.a(_arm_fixsfsi.o)
                0x08000c00                __aeabi_f2iz
                0x08000c00                __fixsfsi
 .text          0x08000c4c       0x30 d:/stm32/gcc-arm-none-eabi-10.3-2021.10/bin/../lib/gcc/arm-none-eabi/10.3.1/thumb/v7e-m/nofp\libgcc.a(_aeabi_uldivmod.o)
                0x08000c4c                __aeabi_uldivmod
 .text          0x08000c7c      0x2d0 d:/stm32/gcc-arm-none-eabi-10.3-2021.10/bin/../lib/gcc/arm-none-eabi/10.3.1/thumb/v7e-m/nofp\libgcc.a(_udivmoddi4.o)
                0x08000c7c                __udivmoddi4
 .text          0x08000f4c        0x4 d:/stm32/gcc-arm-none-eabi-10.3-2021.10/bin/../lib/gcc/arm-none-eabi/10.3.1/thumb/v7e-m/nofp\libgcc.a(_dvmd_tls.o)
                0x08000f4c                __aeabi_idiv0
                0x08000f4c                __aeabi_ldiv0
 *fill*         0x08000f50       0x30 
 .text          0x08000f80       0xdc d:/stm32/gcc-arm-none-eabi-10.3-2021.10/bin/../lib/gcc/arm-none-eabi/10.3.1/../../../../arm-none-eabi/lib/thumb/v7e-m/nofp\libg.a(lib_a-strlen.o)
                0x08000f80                strlen
 *fill*         0x0800105c        0x4 
 .text          0x08001060       0xa0 d:/stm32/gcc-arm-none-eabi-10.3-2021.10/bin/../lib/gcc/arm-none-eabi/10.3.1/../../../../arm-none-eabi/lib/thumb/v7e-m/nofp\libg.a(lib_a-memchr.o)
                0x08001060                memchr
 .text          0x08001100      0x134 d:/stm32/gcc-arm-none-eabi-10.3-2021.10/bin/../lib/gcc/arm-none-eabi/10.3.1/../../../../arm-none-eabi/lib/thumb/v7e-m/nofp\libg.a(lib_a-memcpy.o)
                0x08001100                memcpy
 .text          0x08001234      0x424 d:/stm32/gcc-arm-none-eabi-10.3-2021.10/bin/../lib/gcc/arm-none-eabi/10.3.1/thumb/v7e-m/nofp\libgcc.a(_arm_muldivdf3.o)
                0x08001234                __aeabi_dmul
                0x08001234                __muldf3
                0x08001488                __divdf3
                0x08001488                __aeabi_ddiv
 .text          0x08001658      0x110 d:/stm32/gcc-arm-none-eabi-10.3-2021.10/bin/../lib/gcc/arm-none-eabi/10.3.1/thumb/v7e-m/nofp\libgcc.a(_arm_cmpdf2.o)
                0x08001658                __gtdf2
                0x08001658                __gedf2
                0x08001660                __ltdf2
                0x08001660                __ledf2
                0x08001668                __nedf2
                0x08001668                __eqdf2
                0x08001668                __cmpdf2
                0x080016e4                __aeabi_cdrcmple
                0x080016f4                __aeabi_cdcmpeq
                0x080016f4                __aeabi_cdcmple
                0x08001704                __aeabi_dcmpeq
                0x08001718                __aeabi_dcmplt
                0x0800172c                __aeabi_dcmple
                0x08001740                __aeabi_dcmpge
                0x08001754                __aeabi_dcmpgt
 .text          0x08001768       0x2c d:/stm32/gcc-arm-none-eabi-10.3-2021.10/bin/../lib/gcc/arm-none-eabi/10.3.1/thumb/v7e-m/nofp\libgcc.a(_arm_unorddf2.o)
                0x08001768                __unorddf2
                0x08001768                __aeabi_dcmpun
 .text          0x08001794       0x50 d:/stm32/gcc-arm-none-eabi-10.3-2021.10/bin/../lib/gcc/arm-none-eabi/10.3.1/thumb/v7e-m/nofp\libgcc.a(_arm_fixdfsi.o)
                0x08001794                __aeabi_d2iz
                0x08001794                __fixdfsi
 *(.text*)
 .text.MX_DMA_Init
                0x080017e4       0x64 CMakeFiles/PEC_2024.elf.dir/Core/Src/dma.c.obj
                0x080017e4                MX_DMA_Init
 .text.MX_FDCAN1_Init
                0x08001848       0x48 CMakeFiles/PEC_2024.elf.dir/Core/Src/fdcan.c.obj
                0x08001848                MX_FDCAN1_Init
 .text.MX_FDCAN2_Init
                0x08001890       0x48 CMakeFiles/PEC_2024.elf.dir/Core/Src/fdcan.c.obj
                0x08001890                MX_FDCAN2_Init
 .text.HAL_FDCAN_MspInit
                0x080018d8      0x130 CMakeFiles/PEC_2024.elf.dir/Core/Src/fdcan.c.obj
                0x080018d8                HAL_FDCAN_MspInit
 .text.MX_GPIO_Init
                0x08001a08       0x9c CMakeFiles/PEC_2024.elf.dir/Core/Src/gpio.c.obj
                0x08001a08                MX_GPIO_Init
 .text.Error_Handler
                0x08001aa4        0x4 CMakeFiles/PEC_2024.elf.dir/Core/Src/main.c.obj
                0x08001aa4                Error_Handler
 .text.SystemClock_Config
                0x08001aa8       0x70 CMakeFiles/PEC_2024.elf.dir/Core/Src/main.c.obj
                0x08001aa8                SystemClock_Config
 .text.main     0x08001b18       0x38 CMakeFiles/PEC_2024.elf.dir/Core/Src/main.c.obj
                0x08001b18                main
 .text.HAL_MspInit
                0x08001b50       0x38 CMakeFiles/PEC_2024.elf.dir/Core/Src/stm32g4xx_hal_msp.c.obj
                0x08001b50                HAL_MspInit
 .text.NMI_Handler
                0x08001b88        0x2 CMakeFiles/PEC_2024.elf.dir/Core/Src/stm32g4xx_it.c.obj
                0x08001b88                NMI_Handler
 .text.HardFault_Handler
                0x08001b8a        0x2 CMakeFiles/PEC_2024.elf.dir/Core/Src/stm32g4xx_it.c.obj
                0x08001b8a                HardFault_Handler
 .text.MemManage_Handler
                0x08001b8c        0x2 CMakeFiles/PEC_2024.elf.dir/Core/Src/stm32g4xx_it.c.obj
                0x08001b8c                MemManage_Handler
 .text.BusFault_Handler
                0x08001b8e        0x2 CMakeFiles/PEC_2024.elf.dir/Core/Src/stm32g4xx_it.c.obj
                0x08001b8e                BusFault_Handler
 .text.UsageFault_Handler
                0x08001b90        0x2 CMakeFiles/PEC_2024.elf.dir/Core/Src/stm32g4xx_it.c.obj
                0x08001b90                UsageFault_Handler
 .text.SVC_Handler
                0x08001b92        0x2 CMakeFiles/PEC_2024.elf.dir/Core/Src/stm32g4xx_it.c.obj
                0x08001b92                SVC_Handler
 .text.DebugMon_Handler
                0x08001b94        0x2 CMakeFiles/PEC_2024.elf.dir/Core/Src/stm32g4xx_it.c.obj
                0x08001b94                DebugMon_Handler
 .text.PendSV_Handler
                0x08001b96        0x2 CMakeFiles/PEC_2024.elf.dir/Core/Src/stm32g4xx_it.c.obj
                0x08001b96                PendSV_Handler
 .text.SysTick_Handler
                0x08001b98        0x8 CMakeFiles/PEC_2024.elf.dir/Core/Src/stm32g4xx_it.c.obj
                0x08001b98                SysTick_Handler
 .text.DMA1_Channel1_IRQHandler
                0x08001ba0       0x10 CMakeFiles/PEC_2024.elf.dir/Core/Src/stm32g4xx_it.c.obj
                0x08001ba0                DMA1_Channel1_IRQHandler
 .text.DMA1_Channel2_IRQHandler
                0x08001bb0       0x10 CMakeFiles/PEC_2024.elf.dir/Core/Src/stm32g4xx_it.c.obj
                0x08001bb0                DMA1_Channel2_IRQHandler
 .text.DMA1_Channel3_IRQHandler
                0x08001bc0       0x10 CMakeFiles/PEC_2024.elf.dir/Core/Src/stm32g4xx_it.c.obj
                0x08001bc0                DMA1_Channel3_IRQHandler
 .text.USART1_IRQHandler
                0x08001bd0       0x54 CMakeFiles/PEC_2024.elf.dir/Core/Src/stm32g4xx_it.c.obj
                0x08001bd0                USART1_IRQHandler
 .text.USART2_IRQHandler
                0x08001c24       0x10 CMakeFiles/PEC_2024.elf.dir/Core/Src/stm32g4xx_it.c.obj
                0x08001c24                USART2_IRQHandler
 .text.FDCAN2_IT0_IRQHandler
                0x08001c34       0x10 CMakeFiles/PEC_2024.elf.dir/Core/Src/stm32g4xx_it.c.obj
                0x08001c34                FDCAN2_IT0_IRQHandler
 .text._getpid  0x08001c44        0x4 CMakeFiles/PEC_2024.elf.dir/Core/Src/syscalls.c.obj
                0x08001c44                _getpid
 .text._kill    0x08001c48       0x10 CMakeFiles/PEC_2024.elf.dir/Core/Src/syscalls.c.obj
                0x08001c48                _kill
 .text._exit    0x08001c58        0xc CMakeFiles/PEC_2024.elf.dir/Core/Src/syscalls.c.obj
                0x08001c58                _exit
 .text._sbrk    0x08001c64       0x48 CMakeFiles/PEC_2024.elf.dir/Core/Src/sysmem.c.obj
                0x08001c64                _sbrk
 .text.SystemInit
                0x08001cac        0x2 CMakeFiles/PEC_2024.elf.dir/Core/Src/system_stm32g4xx.c.obj
                0x08001cac                SystemInit
 *fill*         0x08001cae        0x2 
 .text.MX_USART1_UART_Init
                0x08001cb0       0x80 CMakeFiles/PEC_2024.elf.dir/Core/Src/usart.c.obj
                0x08001cb0                MX_USART1_UART_Init
 .text.MX_USART2_UART_Init
                0x08001d30       0x68 CMakeFiles/PEC_2024.elf.dir/Core/Src/usart.c.obj
                0x08001d30                MX_USART2_UART_Init
 .text.HAL_UART_MspInit
                0x08001d98      0x1b0 CMakeFiles/PEC_2024.elf.dir/Core/Src/usart.c.obj
                0x08001d98                HAL_UART_MspInit
 .text.Reset_Handler
                0x08001f48       0x50 CMakeFiles/PEC_2024.elf.dir/Core/Startup/startup_stm32g474vetx.s.obj
                0x08001f48                Reset_Handler
 .text.Default_Handler
                0x08001f98        0x2 CMakeFiles/PEC_2024.elf.dir/Core/Startup/startup_stm32g474vetx.s.obj
                0x08001f98                RTC_Alarm_IRQHandler
                0x08001f98                EXTI2_IRQHandler
                0x08001f98                TIM8_TRG_COM_IRQHandler
                0x08001f98                TIM8_CC_IRQHandler
                0x08001f98                HRTIM1_Master_IRQHandler
                0x08001f98                SPI4_IRQHandler
                0x08001f98                FDCAN3_IT0_IRQHandler
                0x08001f98                TIM1_CC_IRQHandler
                0x08001f98                HRTIM1_FLT_IRQHandler
                0x08001f98                HRTIM1_TIMF_IRQHandler
                0x08001f98                USB_HP_IRQHandler
                0x08001f98                CORDIC_IRQHandler
                0x08001f98                HRTIM1_TIMD_IRQHandler
                0x08001f98                DMA2_Channel8_IRQHandler
                0x08001f98                EXTI3_IRQHandler
                0x08001f98                I2C3_ER_IRQHandler
                0x08001f98                EXTI0_IRQHandler
                0x08001f98                I2C2_EV_IRQHandler
                0x08001f98                FPU_IRQHandler
                0x08001f98                FDCAN1_IT1_IRQHandler
                0x08001f98                TIM1_UP_TIM16_IRQHandler
                0x08001f98                ADC1_2_IRQHandler
                0x08001f98                HRTIM1_TIME_IRQHandler
                0x08001f98                SPI1_IRQHandler
                0x08001f98                TIM6_DAC_IRQHandler
                0x08001f98                HRTIM1_TIMC_IRQHandler
                0x08001f98                TIM8_UP_IRQHandler
                0x08001f98                DMA2_Channel2_IRQHandler
                0x08001f98                DMA1_Channel4_IRQHandler
                0x08001f98                TIM20_TRG_COM_IRQHandler
                0x08001f98                USART3_IRQHandler
                0x08001f98                DMA1_Channel7_IRQHandler
                0x08001f98                UART5_IRQHandler
                0x08001f98                ADC3_IRQHandler
                0x08001f98                TIM4_IRQHandler
                0x08001f98                DMA2_Channel1_IRQHandler
                0x08001f98                QUADSPI_IRQHandler
                0x08001f98                I2C1_EV_IRQHandler
                0x08001f98                DMA1_Channel6_IRQHandler
                0x08001f98                UART4_IRQHandler
                0x08001f98                DMA2_Channel4_IRQHandler
                0x08001f98                TIM3_IRQHandler
                0x08001f98                RCC_IRQHandler
                0x08001f98                TIM20_UP_IRQHandler
                0x08001f98                Default_Handler
                0x08001f98                DMA2_Channel7_IRQHandler
                0x08001f98                RTC_TAMP_LSECSS_IRQHandler
                0x08001f98                FMAC_IRQHandler
                0x08001f98                EXTI15_10_IRQHandler
                0x08001f98                DMA1_Channel8_IRQHandler
                0x08001f98                HRTIM1_TIMA_IRQHandler
                0x08001f98                TIM7_DAC_IRQHandler
                0x08001f98                FDCAN3_IT1_IRQHandler
                0x08001f98                TIM5_IRQHandler
                0x08001f98                UCPD1_IRQHandler
                0x08001f98                I2C3_EV_IRQHandler
                0x08001f98                EXTI9_5_IRQHandler
                0x08001f98                RTC_WKUP_IRQHandler
                0x08001f98                PVD_PVM_IRQHandler
                0x08001f98                SPI2_IRQHandler
                0x08001f98                ADC5_IRQHandler
                0x08001f98                DMA2_Channel5_IRQHandler
                0x08001f98                CRS_IRQHandler
                0x08001f98                DMA1_Channel5_IRQHandler
                0x08001f98                USB_LP_IRQHandler
                0x08001f98                EXTI4_IRQHandler
                0x08001f98                RNG_IRQHandler
                0x08001f98                HRTIM1_TIMB_IRQHandler
                0x08001f98                TIM1_TRG_COM_TIM17_IRQHandler
                0x08001f98                FDCAN2_IT1_IRQHandler
                0x08001f98                ADC4_IRQHandler
                0x08001f98                WWDG_IRQHandler
                0x08001f98                I2C4_EV_IRQHandler
                0x08001f98                LPUART1_IRQHandler
                0x08001f98                DMA2_Channel6_IRQHandler
                0x08001f98                FDCAN1_IT0_IRQHandler
                0x08001f98                TIM2_IRQHandler
                0x08001f98                COMP7_IRQHandler
                0x08001f98                COMP1_2_3_IRQHandler
                0x08001f98                EXTI1_IRQHandler
                0x08001f98                COMP4_5_6_IRQHandler
                0x08001f98                TIM20_BRK_IRQHandler
                0x08001f98                I2C2_ER_IRQHandler
                0x08001f98                TIM8_BRK_IRQHandler
                0x08001f98                FLASH_IRQHandler
                0x08001f98                TIM20_CC_IRQHandler
                0x08001f98                SPI3_IRQHandler
                0x08001f98                I2C1_ER_IRQHandler
                0x08001f98                FMC_IRQHandler
                0x08001f98                LPTIM1_IRQHandler
                0x08001f98                DMAMUX_OVR_IRQHandler
                0x08001f98                I2C4_ER_IRQHandler
                0x08001f98                USBWakeUp_IRQHandler
                0x08001f98                SAI1_IRQHandler
                0x08001f98                DMA2_Channel3_IRQHandler
                0x08001f98                TIM1_BRK_TIM15_IRQHandler
 *fill*         0x08001f9a        0x2 
 .text.HAL_InitTick
                0x08001f9c       0x50 CMakeFiles/PEC_2024.elf.dir/Drivers/STM32G4xx_HAL_Driver/Src/stm32g4xx_hal.c.obj
                0x08001f9c                HAL_InitTick
 .text.HAL_Init
                0x08001fec       0x1e CMakeFiles/PEC_2024.elf.dir/Drivers/STM32G4xx_HAL_Driver/Src/stm32g4xx_hal.c.obj
                0x08001fec                HAL_Init
 *fill*         0x0800200a        0x2 
 .text.HAL_IncTick
                0x0800200c       0x18 CMakeFiles/PEC_2024.elf.dir/Drivers/STM32G4xx_HAL_Driver/Src/stm32g4xx_hal.c.obj
                0x0800200c                HAL_IncTick
 .text.HAL_GetTick
                0x08002024        0xc CMakeFiles/PEC_2024.elf.dir/Drivers/STM32G4xx_HAL_Driver/Src/stm32g4xx_hal.c.obj
                0x08002024                HAL_GetTick
 .text.HAL_Delay
                0x08002030       0x28 CMakeFiles/PEC_2024.elf.dir/Drivers/STM32G4xx_HAL_Driver/Src/stm32g4xx_hal.c.obj
                0x08002030                HAL_Delay
 .text.HAL_NVIC_SetPriorityGrouping
                0x08002058       0x24 CMakeFiles/PEC_2024.elf.dir/Drivers/STM32G4xx_HAL_Driver/Src/stm32g4xx_hal_cortex.c.obj
                0x08002058                HAL_NVIC_SetPriorityGrouping
 .text.HAL_NVIC_SetPriority
                0x0800207c       0x70 CMakeFiles/PEC_2024.elf.dir/Drivers/STM32G4xx_HAL_Driver/Src/stm32g4xx_hal_cortex.c.obj
                0x0800207c                HAL_NVIC_SetPriority
 .text.HAL_NVIC_EnableIRQ
                0x080020ec       0x1c CMakeFiles/PEC_2024.elf.dir/Drivers/STM32G4xx_HAL_Driver/Src/stm32g4xx_hal_cortex.c.obj
                0x080020ec                HAL_NVIC_EnableIRQ
 .text.HAL_SYSTICK_Config
                0x08002108       0x28 CMakeFiles/PEC_2024.elf.dir/Drivers/STM32G4xx_HAL_Driver/Src/stm32g4xx_hal_cortex.c.obj
                0x08002108                HAL_SYSTICK_Config
 .text.DMA_SetConfig
                0x08002130       0x4e CMakeFiles/PEC_2024.elf.dir/Drivers/STM32G4xx_HAL_Driver/Src/stm32g4xx_hal_dma.c.obj
 *fill*         0x0800217e        0x2 
 .text.DMA_CalcDMAMUXChannelBaseAndMask
                0x08002180       0x48 CMakeFiles/PEC_2024.elf.dir/Drivers/STM32G4xx_HAL_Driver/Src/stm32g4xx_hal_dma.c.obj
 .text.DMA_CalcDMAMUXRequestGenBaseAndMask
                0x080021c8       0x28 CMakeFiles/PEC_2024.elf.dir/Drivers/STM32G4xx_HAL_Driver/Src/stm32g4xx_hal_dma.c.obj
 .text.HAL_DMA_Init
                0x080021f0       0xd8 CMakeFiles/PEC_2024.elf.dir/Drivers/STM32G4xx_HAL_Driver/Src/stm32g4xx_hal_dma.c.obj
                0x080021f0                HAL_DMA_Init
 .text.HAL_DMA_Start_IT
                0x080022c8       0x94 CMakeFiles/PEC_2024.elf.dir/Drivers/STM32G4xx_HAL_Driver/Src/stm32g4xx_hal_dma.c.obj
                0x080022c8                HAL_DMA_Start_IT
 .text.HAL_DMA_Abort
                0x0800235c       0x6c CMakeFiles/PEC_2024.elf.dir/Drivers/STM32G4xx_HAL_Driver/Src/stm32g4xx_hal_dma.c.obj
                0x0800235c                HAL_DMA_Abort
 .text.HAL_DMA_Abort_IT
                0x080023c8       0x7e CMakeFiles/PEC_2024.elf.dir/Drivers/STM32G4xx_HAL_Driver/Src/stm32g4xx_hal_dma.c.obj
                0x080023c8                HAL_DMA_Abort_IT
 .text.HAL_DMA_IRQHandler
                0x08002446       0xc4 CMakeFiles/PEC_2024.elf.dir/Drivers/STM32G4xx_HAL_Driver/Src/stm32g4xx_hal_dma.c.obj
                0x08002446                HAL_DMA_IRQHandler
 .text.HAL_DMA_GetError
                0x0800250a        0x4 CMakeFiles/PEC_2024.elf.dir/Drivers/STM32G4xx_HAL_Driver/Src/stm32g4xx_hal_dma.c.obj
                0x0800250a                HAL_DMA_GetError
 *fill*         0x0800250e        0x2 
 .text.FDCAN_CalcultateRamBlockAddresses
                0x08002510       0x88 CMakeFiles/PEC_2024.elf.dir/Drivers/STM32G4xx_HAL_Driver/Src/stm32g4xx_hal_fdcan.c.obj
 .text.FDCAN_CopyMessageToRAM
                0x08002598       0x88 CMakeFiles/PEC_2024.elf.dir/Drivers/STM32G4xx_HAL_Driver/Src/stm32g4xx_hal_fdcan.c.obj
 .text.HAL_FDCAN_Init
                0x08002620      0x1d4 CMakeFiles/PEC_2024.elf.dir/Drivers/STM32G4xx_HAL_Driver/Src/stm32g4xx_hal_fdcan.c.obj
                0x08002620                HAL_FDCAN_Init
 .text.HAL_FDCAN_ConfigFilter
                0x080027f4       0x60 CMakeFiles/PEC_2024.elf.dir/Drivers/STM32G4xx_HAL_Driver/Src/stm32g4xx_hal_fdcan.c.obj
                0x080027f4                HAL_FDCAN_ConfigFilter
 .text.HAL_FDCAN_ConfigGlobalFilter
                0x08002854       0x40 CMakeFiles/PEC_2024.elf.dir/Drivers/STM32G4xx_HAL_Driver/Src/stm32g4xx_hal_fdcan.c.obj
                0x08002854                HAL_FDCAN_ConfigGlobalFilter
 .text.HAL_FDCAN_Start
                0x08002894       0x2e CMakeFiles/PEC_2024.elf.dir/Drivers/STM32G4xx_HAL_Driver/Src/stm32g4xx_hal_fdcan.c.obj
                0x08002894                HAL_FDCAN_Start
 .text.HAL_FDCAN_AddMessageToTxFifoQ
                0x080028c2       0x52 CMakeFiles/PEC_2024.elf.dir/Drivers/STM32G4xx_HAL_Driver/Src/stm32g4xx_hal_fdcan.c.obj
                0x080028c2                HAL_FDCAN_AddMessageToTxFifoQ
 .text.HAL_FDCAN_GetRxMessage
                0x08002914      0x164 CMakeFiles/PEC_2024.elf.dir/Drivers/STM32G4xx_HAL_Driver/Src/stm32g4xx_hal_fdcan.c.obj
                0x08002914                HAL_FDCAN_GetRxMessage
 .text.HAL_FDCAN_GetTxFifoFreeLevel
                0x08002a78        0xc CMakeFiles/PEC_2024.elf.dir/Drivers/STM32G4xx_HAL_Driver/Src/stm32g4xx_hal_fdcan.c.obj
                0x08002a78                HAL_FDCAN_GetTxFifoFreeLevel
 .text.HAL_FDCAN_ActivateNotification
                0x08002a84      0x106 CMakeFiles/PEC_2024.elf.dir/Drivers/STM32G4xx_HAL_Driver/Src/stm32g4xx_hal_fdcan.c.obj
                0x08002a84                HAL_FDCAN_ActivateNotification
 .text.HAL_FDCAN_TxEventFifoCallback
                0x08002b8a        0x2 CMakeFiles/PEC_2024.elf.dir/Drivers/STM32G4xx_HAL_Driver/Src/stm32g4xx_hal_fdcan.c.obj
                0x08002b8a                HAL_FDCAN_TxEventFifoCallback
 .text.HAL_FDCAN_RxFifo1Callback
                0x08002b8c        0x2 CMakeFiles/PEC_2024.elf.dir/Drivers/STM32G4xx_HAL_Driver/Src/stm32g4xx_hal_fdcan.c.obj
                0x08002b8c                HAL_FDCAN_RxFifo1Callback
 .text.HAL_FDCAN_TxFifoEmptyCallback
                0x08002b8e        0x2 CMakeFiles/PEC_2024.elf.dir/Drivers/STM32G4xx_HAL_Driver/Src/stm32g4xx_hal_fdcan.c.obj
                0x08002b8e                HAL_FDCAN_TxFifoEmptyCallback
 .text.HAL_FDCAN_TxBufferCompleteCallback
                0x08002b90        0x2 CMakeFiles/PEC_2024.elf.dir/Drivers/STM32G4xx_HAL_Driver/Src/stm32g4xx_hal_fdcan.c.obj
                0x08002b90                HAL_FDCAN_TxBufferCompleteCallback
 .text.HAL_FDCAN_TxBufferAbortCallback
                0x08002b92        0x2 CMakeFiles/PEC_2024.elf.dir/Drivers/STM32G4xx_HAL_Driver/Src/stm32g4xx_hal_fdcan.c.obj
                0x08002b92                HAL_FDCAN_TxBufferAbortCallback
 .text.HAL_FDCAN_TimestampWraparoundCallback
                0x08002b94        0x2 CMakeFiles/PEC_2024.elf.dir/Drivers/STM32G4xx_HAL_Driver/Src/stm32g4xx_hal_fdcan.c.obj
                0x08002b94                HAL_FDCAN_TimestampWraparoundCallback
 .text.HAL_FDCAN_TimeoutOccurredCallback
                0x08002b96        0x2 CMakeFiles/PEC_2024.elf.dir/Drivers/STM32G4xx_HAL_Driver/Src/stm32g4xx_hal_fdcan.c.obj
                0x08002b96                HAL_FDCAN_TimeoutOccurredCallback
 .text.HAL_FDCAN_HighPriorityMessageCallback
                0x08002b98        0x2 CMakeFiles/PEC_2024.elf.dir/Drivers/STM32G4xx_HAL_Driver/Src/stm32g4xx_hal_fdcan.c.obj
                0x08002b98                HAL_FDCAN_HighPriorityMessageCallback
 .text.HAL_FDCAN_ErrorCallback
                0x08002b9a        0x2 CMakeFiles/PEC_2024.elf.dir/Drivers/STM32G4xx_HAL_Driver/Src/stm32g4xx_hal_fdcan.c.obj
                0x08002b9a                HAL_FDCAN_ErrorCallback
 .text.HAL_FDCAN_ErrorStatusCallback
                0x08002b9c        0x2 CMakeFiles/PEC_2024.elf.dir/Drivers/STM32G4xx_HAL_Driver/Src/stm32g4xx_hal_fdcan.c.obj
                0x08002b9c                HAL_FDCAN_ErrorStatusCallback
 .text.HAL_FDCAN_IRQHandler
                0x08002b9e      0x188 CMakeFiles/PEC_2024.elf.dir/Drivers/STM32G4xx_HAL_Driver/Src/stm32g4xx_hal_fdcan.c.obj
                0x08002b9e                HAL_FDCAN_IRQHandler
 *fill*         0x08002d26        0x2 
 .text.HAL_GPIO_Init
                0x08002d28      0x1dc CMakeFiles/PEC_2024.elf.dir/Drivers/STM32G4xx_HAL_Driver/Src/stm32g4xx_hal_gpio.c.obj
                0x08002d28                HAL_GPIO_Init
 .text.HAL_GPIO_WritePin
                0x08002f04        0xa CMakeFiles/PEC_2024.elf.dir/Drivers/STM32G4xx_HAL_Driver/Src/stm32g4xx_hal_gpio.c.obj
                0x08002f04                HAL_GPIO_WritePin
 .text.HAL_GPIO_TogglePin
                0x08002f0e       0x12 CMakeFiles/PEC_2024.elf.dir/Drivers/STM32G4xx_HAL_Driver/Src/stm32g4xx_hal_gpio.c.obj
                0x08002f0e                HAL_GPIO_TogglePin
 .text.HAL_PWREx_ControlVoltageScaling
                0x08002f20      0x10c CMakeFiles/PEC_2024.elf.dir/Drivers/STM32G4xx_HAL_Driver/Src/stm32g4xx_hal_pwr_ex.c.obj
                0x08002f20                HAL_PWREx_ControlVoltageScaling
 .text.HAL_PWREx_DisableUCPDDeadBattery
                0x0800302c       0x10 CMakeFiles/PEC_2024.elf.dir/Drivers/STM32G4xx_HAL_Driver/Src/stm32g4xx_hal_pwr_ex.c.obj
                0x0800302c                HAL_PWREx_DisableUCPDDeadBattery
 .text.RCC_GetSysClockFreqFromPLLSource
                0x0800303c       0x58 CMakeFiles/PEC_2024.elf.dir/Drivers/STM32G4xx_HAL_Driver/Src/stm32g4xx_hal_rcc.c.obj
 .text.HAL_RCC_OscConfig
                0x08003094      0x4e4 CMakeFiles/PEC_2024.elf.dir/Drivers/STM32G4xx_HAL_Driver/Src/stm32g4xx_hal_rcc.c.obj
                0x08003094                HAL_RCC_OscConfig
 .text.HAL_RCC_GetSysClockFreq
                0x08003578       0x88 CMakeFiles/PEC_2024.elf.dir/Drivers/STM32G4xx_HAL_Driver/Src/stm32g4xx_hal_rcc.c.obj
                0x08003578                HAL_RCC_GetSysClockFreq
 .text.HAL_RCC_ClockConfig
                0x08003600      0x1f8 CMakeFiles/PEC_2024.elf.dir/Drivers/STM32G4xx_HAL_Driver/Src/stm32g4xx_hal_rcc.c.obj
                0x08003600                HAL_RCC_ClockConfig
 .text.HAL_RCC_GetHCLKFreq
                0x080037f8        0xc CMakeFiles/PEC_2024.elf.dir/Drivers/STM32G4xx_HAL_Driver/Src/stm32g4xx_hal_rcc.c.obj
                0x080037f8                HAL_RCC_GetHCLKFreq
 .text.HAL_RCC_GetPCLK1Freq
                0x08003804       0x24 CMakeFiles/PEC_2024.elf.dir/Drivers/STM32G4xx_HAL_Driver/Src/stm32g4xx_hal_rcc.c.obj
                0x08003804                HAL_RCC_GetPCLK1Freq
 .text.HAL_RCC_GetPCLK2Freq
                0x08003828       0x24 CMakeFiles/PEC_2024.elf.dir/Drivers/STM32G4xx_HAL_Driver/Src/stm32g4xx_hal_rcc.c.obj
                0x08003828                HAL_RCC_GetPCLK2Freq
 .text.HAL_RCCEx_PeriphCLKConfig
                0x0800384c      0x378 CMakeFiles/PEC_2024.elf.dir/Drivers/STM32G4xx_HAL_Driver/Src/stm32g4xx_hal_rcc_ex.c.obj
                0x0800384c                HAL_RCCEx_PeriphCLKConfig
 .text.UART_EndTxTransfer
                0x08003bc4       0x32 CMakeFiles/PEC_2024.elf.dir/Drivers/STM32G4xx_HAL_Driver/Src/stm32g4xx_hal_uart.c.obj
 .text.UART_EndRxTransfer
                0x08003bf6       0x56 CMakeFiles/PEC_2024.elf.dir/Drivers/STM32G4xx_HAL_Driver/Src/stm32g4xx_hal_uart.c.obj
 .text.HAL_UART_DMAStop
                0x08003c4c       0xb2 CMakeFiles/PEC_2024.elf.dir/Drivers/STM32G4xx_HAL_Driver/Src/stm32g4xx_hal_uart.c.obj
                0x08003c4c                HAL_UART_DMAStop
 .text.HAL_UART_TxCpltCallback
                0x08003cfe        0x2 CMakeFiles/PEC_2024.elf.dir/Drivers/STM32G4xx_HAL_Driver/Src/stm32g4xx_hal_uart.c.obj
                0x08003cfe                HAL_UART_TxCpltCallback
 .text.UART_EndTransmit_IT
                0x08003d00       0x24 CMakeFiles/PEC_2024.elf.dir/Drivers/STM32G4xx_HAL_Driver/Src/stm32g4xx_hal_uart.c.obj
 .text.HAL_UART_RxCpltCallback
                0x08003d24        0x2 CMakeFiles/PEC_2024.elf.dir/Drivers/STM32G4xx_HAL_Driver/Src/stm32g4xx_hal_uart.c.obj
                0x08003d24                HAL_UART_RxCpltCallback
 .text.HAL_UART_RxHalfCpltCallback
                0x08003d26        0x2 CMakeFiles/PEC_2024.elf.dir/Drivers/STM32G4xx_HAL_Driver/Src/stm32g4xx_hal_uart.c.obj
                0x08003d26                HAL_UART_RxHalfCpltCallback
 .text.HAL_UART_ErrorCallback
                0x08003d28        0x2 CMakeFiles/PEC_2024.elf.dir/Drivers/STM32G4xx_HAL_Driver/Src/stm32g4xx_hal_uart.c.obj
                0x08003d28                HAL_UART_ErrorCallback
 .text.UART_DMAError
                0x08003d2a       0x58 CMakeFiles/PEC_2024.elf.dir/Drivers/STM32G4xx_HAL_Driver/Src/stm32g4xx_hal_uart.c.obj
 .text.UART_DMAAbortOnError
                0x08003d82       0x14 CMakeFiles/PEC_2024.elf.dir/Drivers/STM32G4xx_HAL_Driver/Src/stm32g4xx_hal_uart.c.obj
 .text.HAL_UARTEx_RxEventCallback
                0x08003d96        0x2 CMakeFiles/PEC_2024.elf.dir/Drivers/STM32G4xx_HAL_Driver/Src/stm32g4xx_hal_uart.c.obj
                0x08003d96                HAL_UARTEx_RxEventCallback
 .text.HAL_UART_IRQHandler
                0x08003d98      0x364 CMakeFiles/PEC_2024.elf.dir/Drivers/STM32G4xx_HAL_Driver/Src/stm32g4xx_hal_uart.c.obj
                0x08003d98                HAL_UART_IRQHandler
 .text.UART_DMARxHalfCplt
                0x080040fc       0x20 CMakeFiles/PEC_2024.elf.dir/Drivers/STM32G4xx_HAL_Driver/Src/stm32g4xx_hal_uart.c.obj
 .text.UART_DMAReceiveCplt
                0x0800411c       0x92 CMakeFiles/PEC_2024.elf.dir/Drivers/STM32G4xx_HAL_Driver/Src/stm32g4xx_hal_uart.c.obj
 *fill*         0x080041ae        0x2 
 .text.UART_SetConfig
                0x080041b0      0x388 CMakeFiles/PEC_2024.elf.dir/Drivers/STM32G4xx_HAL_Driver/Src/stm32g4xx_hal_uart.c.obj
                0x080041b0                UART_SetConfig
 .text.UART_AdvFeatureConfig
                0x08004538       0xca CMakeFiles/PEC_2024.elf.dir/Drivers/STM32G4xx_HAL_Driver/Src/stm32g4xx_hal_uart.c.obj
                0x08004538                UART_AdvFeatureConfig
 .text.UART_WaitOnFlagUntilTimeout
                0x08004602       0xa2 CMakeFiles/PEC_2024.elf.dir/Drivers/STM32G4xx_HAL_Driver/Src/stm32g4xx_hal_uart.c.obj
                0x08004602                UART_WaitOnFlagUntilTimeout
 .text.HAL_UART_Transmit
                0x080046a4       0xd2 CMakeFiles/PEC_2024.elf.dir/Drivers/STM32G4xx_HAL_Driver/Src/stm32g4xx_hal_uart.c.obj
                0x080046a4                HAL_UART_Transmit
 .text.HAL_UART_Receive
                0x08004776      0x118 CMakeFiles/PEC_2024.elf.dir/Drivers/STM32G4xx_HAL_Driver/Src/stm32g4xx_hal_uart.c.obj
                0x08004776                HAL_UART_Receive
 .text.UART_CheckIdleState
                0x0800488e       0xca CMakeFiles/PEC_2024.elf.dir/Drivers/STM32G4xx_HAL_Driver/Src/stm32g4xx_hal_uart.c.obj
                0x0800488e                UART_CheckIdleState
 .text.HAL_UART_Init
                0x08004958       0x66 CMakeFiles/PEC_2024.elf.dir/Drivers/STM32G4xx_HAL_Driver/Src/stm32g4xx_hal_uart.c.obj
                0x08004958                HAL_UART_Init
 *fill*         0x080049be        0x2 
 .text.UART_Start_Receive_DMA
                0x080049c0       0xb0 CMakeFiles/PEC_2024.elf.dir/Drivers/STM32G4xx_HAL_Driver/Src/stm32g4xx_hal_uart.c.obj
                0x080049c0                UART_Start_Receive_DMA
 .text.HAL_UART_Receive_DMA
                0x08004a70       0x4c CMakeFiles/PEC_2024.elf.dir/Drivers/STM32G4xx_HAL_Driver/Src/stm32g4xx_hal_uart.c.obj
                0x08004a70                HAL_UART_Receive_DMA
 .text.UARTEx_SetNbDataToProcess
                0x08004abc       0x4c CMakeFiles/PEC_2024.elf.dir/Drivers/STM32G4xx_HAL_Driver/Src/stm32g4xx_hal_uart_ex.c.obj
 .text.HAL_UARTEx_WakeupCallback
                0x08004b08        0x2 CMakeFiles/PEC_2024.elf.dir/Drivers/STM32G4xx_HAL_Driver/Src/stm32g4xx_hal_uart_ex.c.obj
                0x08004b08                HAL_UARTEx_WakeupCallback
 .text.HAL_UARTEx_RxFifoFullCallback
                0x08004b0a        0x2 CMakeFiles/PEC_2024.elf.dir/Drivers/STM32G4xx_HAL_Driver/Src/stm32g4xx_hal_uart_ex.c.obj
                0x08004b0a                HAL_UARTEx_RxFifoFullCallback
 .text.HAL_UARTEx_TxFifoEmptyCallback
                0x08004b0c        0x2 CMakeFiles/PEC_2024.elf.dir/Drivers/STM32G4xx_HAL_Driver/Src/stm32g4xx_hal_uart_ex.c.obj
                0x08004b0c                HAL_UARTEx_TxFifoEmptyCallback
 .text.HAL_UARTEx_DisableFifoMode
                0x08004b0e       0x3e CMakeFiles/PEC_2024.elf.dir/Drivers/STM32G4xx_HAL_Driver/Src/stm32g4xx_hal_uart_ex.c.obj
                0x08004b0e                HAL_UARTEx_DisableFifoMode
 .text.HAL_UARTEx_SetTxFifoThreshold
                0x08004b4c       0x4a CMakeFiles/PEC_2024.elf.dir/Drivers/STM32G4xx_HAL_Driver/Src/stm32g4xx_hal_uart_ex.c.obj
                0x08004b4c                HAL_UARTEx_SetTxFifoThreshold
 .text.HAL_UARTEx_SetRxFifoThreshold
                0x08004b96       0x4a CMakeFiles/PEC_2024.elf.dir/Drivers/STM32G4xx_HAL_Driver/Src/stm32g4xx_hal_uart_ex.c.obj
                0x08004b96                HAL_UARTEx_SetRxFifoThreshold
 .text.InitCan  0x08004be0       0xac CMakeFiles/PEC_2024.elf.dir/User/BSP/MyCan.c.obj
                0x08004be0                InitCan
 .text.Set_current
                0x08004c8c       0x74 CMakeFiles/PEC_2024.elf.dir/User/BSP/MyCan.c.obj
                0x08004c8c                Set_current
 .text.Motor_info_record
                0x08004d00       0x9c CMakeFiles/PEC_2024.elf.dir/User/BSP/MyCan.c.obj
                0x08004d00                Motor_info_record
 .text.HAL_FDCAN_RxFifo0Callback
                0x08004d9c       0x80 CMakeFiles/PEC_2024.elf.dir/User/BSP/MyCan.c.obj
                0x08004d9c                HAL_FDCAN_RxFifo0Callback
 .text.Pid_set  0x08004e1c       0x50 CMakeFiles/PEC_2024.elf.dir/User/BSP/PID.c.obj
                0x08004e1c                Pid_set
 .text.Pid_init
                0x08004e6c       0x2e CMakeFiles/PEC_2024.elf.dir/User/BSP/PID.c.obj
                0x08004e6c                Pid_init
 .text.PID_realise
                0x08004e9a      0x100 CMakeFiles/PEC_2024.elf.dir/User/BSP/PID.c.obj
                0x08004e9a                PID_realise
 *fill*         0x08004f9a        0x2 
 .text.vofa     0x08004f9c      0x100 CMakeFiles/PEC_2024.elf.dir/User/BSP/PID.c.obj
                0x08004f9c                vofa
 .text.pid_test_motor
                0x0800509c      0x174 CMakeFiles/PEC_2024.elf.dir/User/BSP/PID.c.obj
                0x0800509c                pid_test_motor
 .text.RetargetInit
                0x08005210       0x20 CMakeFiles/PEC_2024.elf.dir/User/BSP/retarget.c.obj
                0x08005210                RetargetInit
 .text._isatty  0x08005230       0x16 CMakeFiles/PEC_2024.elf.dir/User/BSP/retarget.c.obj
                0x08005230                _isatty
 *fill*         0x08005246        0x2 
 .text._write   0x08005248       0x34 CMakeFiles/PEC_2024.elf.dir/User/BSP/retarget.c.obj
                0x08005248                _write
 .text._close   0x0800527c       0x18 CMakeFiles/PEC_2024.elf.dir/User/BSP/retarget.c.obj
                0x0800527c                _close
 .text._lseek   0x08005294       0x10 CMakeFiles/PEC_2024.elf.dir/User/BSP/retarget.c.obj
                0x08005294                _lseek
 .text._read    0x080052a4       0x30 CMakeFiles/PEC_2024.elf.dir/User/BSP/retarget.c.obj
                0x080052a4                _read
 .text._fstat   0x080052d4       0x1a CMakeFiles/PEC_2024.elf.dir/User/BSP/retarget.c.obj
                0x080052d4                _fstat
 *fill*         0x080052ee        0x2 
 .text.deepmotor_enable
                0x080052f0       0x40 CMakeFiles/PEC_2024.elf.dir/User/Device/deepmotor.c.obj
                0x080052f0                deepmotor_enable
 .text.deepmotor_control
                0x08005330       0xf8 CMakeFiles/PEC_2024.elf.dir/User/Device/deepmotor.c.obj
                0x08005330                deepmotor_control
 .text.deepmotor_setposition
                0x08005428       0x20 CMakeFiles/PEC_2024.elf.dir/User/Device/deepmotor.c.obj
                0x08005428                deepmotor_setposition
 .text.debug    0x08005448       0x30 CMakeFiles/PEC_2024.elf.dir/User/Task/fsm_main.c.obj
                0x08005448                debug
 .text.init_fsm
                0x08005478       0x4c CMakeFiles/PEC_2024.elf.dir/User/Task/fsm_main.c.obj
                0x08005478                init_fsm
 .text.__errno  0x080054c4        0xc d:/stm32/gcc-arm-none-eabi-10.3-2021.10/bin/../lib/gcc/arm-none-eabi/10.3.1/../../../../arm-none-eabi/lib/thumb/v7e-m/nofp\libg.a(lib_a-errno.o)
                0x080054c4                __errno
 .text.__libc_init_array
                0x080054d0       0x48 d:/stm32/gcc-arm-none-eabi-10.3-2021.10/bin/../lib/gcc/arm-none-eabi/10.3.1/../../../../arm-none-eabi/lib/thumb/v7e-m/nofp\libg.a(lib_a-init.o)
                0x080054d0                __libc_init_array
 .text.memset   0x08005518       0xa4 d:/stm32/gcc-arm-none-eabi-10.3-2021.10/bin/../lib/gcc/arm-none-eabi/10.3.1/../../../../arm-none-eabi/lib/thumb/v7e-m/nofp\libg.a(lib_a-memset.o)
                0x08005518                memset
 .text.printf   0x080055bc       0x28 d:/stm32/gcc-arm-none-eabi-10.3-2021.10/bin/../lib/gcc/arm-none-eabi/10.3.1/../../../../arm-none-eabi/lib/thumb/v7e-m/nofp\libg.a(lib_a-printf.o)
                0x080055bc                printf
 .text._puts_r  0x080055e4       0x9c d:/stm32/gcc-arm-none-eabi-10.3-2021.10/bin/../lib/gcc/arm-none-eabi/10.3.1/../../../../arm-none-eabi/lib/thumb/v7e-m/nofp\libg.a(lib_a-puts.o)
                0x080055e4                _puts_r
 .text.puts     0x08005680       0x10 d:/stm32/gcc-arm-none-eabi-10.3-2021.10/bin/../lib/gcc/arm-none-eabi/10.3.1/../../../../arm-none-eabi/lib/thumb/v7e-m/nofp\libg.a(lib_a-puts.o)
                0x08005680                puts
 .text.setvbuf  0x08005690      0x1b0 d:/stm32/gcc-arm-none-eabi-10.3-2021.10/bin/../lib/gcc/arm-none-eabi/10.3.1/../../../../arm-none-eabi/lib/thumb/v7e-m/nofp\libg.a(lib_a-setvbuf.o)
                0x08005690                setvbuf
 .text._vfprintf_r
                0x08005840     0x1ad4 d:/stm32/gcc-arm-none-eabi-10.3-2021.10/bin/../lib/gcc/arm-none-eabi/10.3.1/../../../../arm-none-eabi/lib/thumb/v7e-m/nofp\libg.a(lib_a-vfprintf.o)
                0x08005840                _vfprintf_r
 .text.__sbprintf
                0x08007314       0x80 d:/stm32/gcc-arm-none-eabi-10.3-2021.10/bin/../lib/gcc/arm-none-eabi/10.3.1/../../../../arm-none-eabi/lib/thumb/v7e-m/nofp\libg.a(lib_a-vfprintf.o)
 .text.__swsetup_r
                0x08007394       0xd4 d:/stm32/gcc-arm-none-eabi-10.3-2021.10/bin/../lib/gcc/arm-none-eabi/10.3.1/../../../../arm-none-eabi/lib/thumb/v7e-m/nofp\libg.a(lib_a-wsetup.o)
                0x08007394                __swsetup_r
 .text.startup.register_fini
                0x08007468       0x14 d:/stm32/gcc-arm-none-eabi-10.3-2021.10/bin/../lib/gcc/arm-none-eabi/10.3.1/../../../../arm-none-eabi/lib/thumb/v7e-m/nofp\libg.a(lib_a-__call_atexit.o)
 .text.atexit   0x0800747c        0xc d:/stm32/gcc-arm-none-eabi-10.3-2021.10/bin/../lib/gcc/arm-none-eabi/10.3.1/../../../../arm-none-eabi/lib/thumb/v7e-m/nofp\libg.a(lib_a-atexit.o)
                0x0800747c                atexit
 .text.quorem   0x08007488      0x124 d:/stm32/gcc-arm-none-eabi-10.3-2021.10/bin/../lib/gcc/arm-none-eabi/10.3.1/../../../../arm-none-eabi/lib/thumb/v7e-m/nofp\libg.a(lib_a-dtoa.o)
 *fill*         0x080075ac        0x4 
 .text._dtoa_r  0x080075b0      0xec4 d:/stm32/gcc-arm-none-eabi-10.3-2021.10/bin/../lib/gcc/arm-none-eabi/10.3.1/../../../../arm-none-eabi/lib/thumb/v7e-m/nofp\libg.a(lib_a-dtoa.o)
                0x080075b0                _dtoa_r
 .text.__sflush_r
                0x08008474      0x120 d:/stm32/gcc-arm-none-eabi-10.3-2021.10/bin/../lib/gcc/arm-none-eabi/10.3.1/../../../../arm-none-eabi/lib/thumb/v7e-m/nofp\libg.a(lib_a-fflush.o)
                0x08008474                __sflush_r
 .text._fflush_r
                0x08008594       0x5c d:/stm32/gcc-arm-none-eabi-10.3-2021.10/bin/../lib/gcc/arm-none-eabi/10.3.1/../../../../arm-none-eabi/lib/thumb/v7e-m/nofp\libg.a(lib_a-fflush.o)
                0x08008594                _fflush_r
 .text._cleanup_r
                0x080085f0        0xc d:/stm32/gcc-arm-none-eabi-10.3-2021.10/bin/../lib/gcc/arm-none-eabi/10.3.1/../../../../arm-none-eabi/lib/thumb/v7e-m/nofp\libg.a(lib_a-findfp.o)
                0x080085f0                _cleanup_r
 .text.__sinit  0x080085fc      0x10c d:/stm32/gcc-arm-none-eabi-10.3-2021.10/bin/../lib/gcc/arm-none-eabi/10.3.1/../../../../arm-none-eabi/lib/thumb/v7e-m/nofp\libg.a(lib_a-findfp.o)
                0x080085fc                __sinit
 .text.__sfp_lock_acquire
                0x08008708        0xc d:/stm32/gcc-arm-none-eabi-10.3-2021.10/bin/../lib/gcc/arm-none-eabi/10.3.1/../../../../arm-none-eabi/lib/thumb/v7e-m/nofp\libg.a(lib_a-findfp.o)
                0x08008708                __sfp_lock_acquire
 .text.__sfp_lock_release
                0x08008714        0xc d:/stm32/gcc-arm-none-eabi-10.3-2021.10/bin/../lib/gcc/arm-none-eabi/10.3.1/../../../../arm-none-eabi/lib/thumb/v7e-m/nofp\libg.a(lib_a-findfp.o)
                0x08008714                __sfp_lock_release
 .text.__libc_fini_array
                0x08008720       0x2c d:/stm32/gcc-arm-none-eabi-10.3-2021.10/bin/../lib/gcc/arm-none-eabi/10.3.1/../../../../arm-none-eabi/lib/thumb/v7e-m/nofp\libg.a(lib_a-fini.o)
                0x08008720                __libc_fini_array
 .text._malloc_trim_r
                0x0800874c       0xa0 d:/stm32/gcc-arm-none-eabi-10.3-2021.10/bin/../lib/gcc/arm-none-eabi/10.3.1/../../../../arm-none-eabi/lib/thumb/v7e-m/nofp\libg.a(lib_a-freer.o)
                0x0800874c                _malloc_trim_r
 .text._free_r  0x080087ec      0x20c d:/stm32/gcc-arm-none-eabi-10.3-2021.10/bin/../lib/gcc/arm-none-eabi/10.3.1/../../../../arm-none-eabi/lib/thumb/v7e-m/nofp\libg.a(lib_a-freer.o)
                0x080087ec                _free_r
 .text.__sfvwrite_r
                0x080089f8      0x2e8 d:/stm32/gcc-arm-none-eabi-10.3-2021.10/bin/../lib/gcc/arm-none-eabi/10.3.1/../../../../arm-none-eabi/lib/thumb/v7e-m/nofp\libg.a(lib_a-fvwrite.o)
                0x080089f8                __sfvwrite_r
 .text._fwalk_reent
                0x08008ce0       0x48 d:/stm32/gcc-arm-none-eabi-10.3-2021.10/bin/../lib/gcc/arm-none-eabi/10.3.1/../../../../arm-none-eabi/lib/thumb/v7e-m/nofp\libg.a(lib_a-fwalk.o)
                0x08008ce0                _fwalk_reent
 .text._localeconv_r
                0x08008d28        0x8 d:/stm32/gcc-arm-none-eabi-10.3-2021.10/bin/../lib/gcc/arm-none-eabi/10.3.1/../../../../arm-none-eabi/lib/thumb/v7e-m/nofp\libg.a(lib_a-localeconv.o)
                0x08008d28                _localeconv_r
 .text.__retarget_lock_init_recursive
                0x08008d30        0x4 d:/stm32/gcc-arm-none-eabi-10.3-2021.10/bin/../lib/gcc/arm-none-eabi/10.3.1/../../../../arm-none-eabi/lib/thumb/v7e-m/nofp\libg.a(lib_a-lock.o)
                0x08008d30                __retarget_lock_init_recursive
 .text.__retarget_lock_close_recursive
                0x08008d34        0x4 d:/stm32/gcc-arm-none-eabi-10.3-2021.10/bin/../lib/gcc/arm-none-eabi/10.3.1/../../../../arm-none-eabi/lib/thumb/v7e-m/nofp\libg.a(lib_a-lock.o)
                0x08008d34                __retarget_lock_close_recursive
 .text.__retarget_lock_acquire_recursive
                0x08008d38        0x4 d:/stm32/gcc-arm-none-eabi-10.3-2021.10/bin/../lib/gcc/arm-none-eabi/10.3.1/../../../../arm-none-eabi/lib/thumb/v7e-m/nofp\libg.a(lib_a-lock.o)
                0x08008d38                __retarget_lock_acquire_recursive
 .text.__retarget_lock_release_recursive
                0x08008d3c        0x4 d:/stm32/gcc-arm-none-eabi-10.3-2021.10/bin/../lib/gcc/arm-none-eabi/10.3.1/../../../../arm-none-eabi/lib/thumb/v7e-m/nofp\libg.a(lib_a-lock.o)
                0x08008d3c                __retarget_lock_release_recursive
 .text.__smakebuf_r
                0x08008d40       0xe0 d:/stm32/gcc-arm-none-eabi-10.3-2021.10/bin/../lib/gcc/arm-none-eabi/10.3.1/../../../../arm-none-eabi/lib/thumb/v7e-m/nofp\libg.a(lib_a-makebuf.o)
                0x08008d40                __smakebuf_r
 .text.__swhatbuf_r
                0x08008e20       0x60 d:/stm32/gcc-arm-none-eabi-10.3-2021.10/bin/../lib/gcc/arm-none-eabi/10.3.1/../../../../arm-none-eabi/lib/thumb/v7e-m/nofp\libg.a(lib_a-makebuf.o)
                0x08008e20                __swhatbuf_r
 .text.malloc   0x08008e80       0x10 d:/stm32/gcc-arm-none-eabi-10.3-2021.10/bin/../lib/gcc/arm-none-eabi/10.3.1/../../../../arm-none-eabi/lib/thumb/v7e-m/nofp\libg.a(lib_a-malloc.o)
                0x08008e80                malloc
 .text._malloc_r
                0x08008e90      0x560 d:/stm32/gcc-arm-none-eabi-10.3-2021.10/bin/../lib/gcc/arm-none-eabi/10.3.1/../../../../arm-none-eabi/lib/thumb/v7e-m/nofp\libg.a(lib_a-mallocr.o)
                0x08008e90                _malloc_r
 .text.memmove  0x080093f0       0xf8 d:/stm32/gcc-arm-none-eabi-10.3-2021.10/bin/../lib/gcc/arm-none-eabi/10.3.1/../../../../arm-none-eabi/lib/thumb/v7e-m/nofp\libg.a(lib_a-memmove.o)
                0x080093f0                memmove
 .text.__malloc_lock
                0x080094e8        0xc d:/stm32/gcc-arm-none-eabi-10.3-2021.10/bin/../lib/gcc/arm-none-eabi/10.3.1/../../../../arm-none-eabi/lib/thumb/v7e-m/nofp\libg.a(lib_a-mlock.o)
                0x080094e8                __malloc_lock
 .text.__malloc_unlock
                0x080094f4        0xc d:/stm32/gcc-arm-none-eabi-10.3-2021.10/bin/../lib/gcc/arm-none-eabi/10.3.1/../../../../arm-none-eabi/lib/thumb/v7e-m/nofp\libg.a(lib_a-mlock.o)
                0x080094f4                __malloc_unlock
 .text._Balloc  0x08009500       0x4c d:/stm32/gcc-arm-none-eabi-10.3-2021.10/bin/../lib/gcc/arm-none-eabi/10.3.1/../../../../arm-none-eabi/lib/thumb/v7e-m/nofp\libg.a(lib_a-mprec.o)
                0x08009500                _Balloc
 .text._Bfree   0x0800954c       0x14 d:/stm32/gcc-arm-none-eabi-10.3-2021.10/bin/../lib/gcc/arm-none-eabi/10.3.1/../../../../arm-none-eabi/lib/thumb/v7e-m/nofp\libg.a(lib_a-mprec.o)
                0x0800954c                _Bfree
 .text.__multadd
                0x08009560       0xa0 d:/stm32/gcc-arm-none-eabi-10.3-2021.10/bin/../lib/gcc/arm-none-eabi/10.3.1/../../../../arm-none-eabi/lib/thumb/v7e-m/nofp\libg.a(lib_a-mprec.o)
                0x08009560                __multadd
 .text.__hi0bits
                0x08009600       0x40 d:/stm32/gcc-arm-none-eabi-10.3-2021.10/bin/../lib/gcc/arm-none-eabi/10.3.1/../../../../arm-none-eabi/lib/thumb/v7e-m/nofp\libg.a(lib_a-mprec.o)
                0x08009600                __hi0bits
 .text.__lo0bits
                0x08009640       0x5c d:/stm32/gcc-arm-none-eabi-10.3-2021.10/bin/../lib/gcc/arm-none-eabi/10.3.1/../../../../arm-none-eabi/lib/thumb/v7e-m/nofp\libg.a(lib_a-mprec.o)
                0x08009640                __lo0bits
 .text.__i2b    0x0800969c       0x5c d:/stm32/gcc-arm-none-eabi-10.3-2021.10/bin/../lib/gcc/arm-none-eabi/10.3.1/../../../../arm-none-eabi/lib/thumb/v7e-m/nofp\libg.a(lib_a-mprec.o)
                0x0800969c                __i2b
 .text.__multiply
                0x080096f8      0x15c d:/stm32/gcc-arm-none-eabi-10.3-2021.10/bin/../lib/gcc/arm-none-eabi/10.3.1/../../../../arm-none-eabi/lib/thumb/v7e-m/nofp\libg.a(lib_a-mprec.o)
                0x080096f8                __multiply
 .text.__pow5mult
                0x08009854       0xc0 d:/stm32/gcc-arm-none-eabi-10.3-2021.10/bin/../lib/gcc/arm-none-eabi/10.3.1/../../../../arm-none-eabi/lib/thumb/v7e-m/nofp\libg.a(lib_a-mprec.o)
                0x08009854                __pow5mult
 .text.__lshift
                0x08009914       0xf0 d:/stm32/gcc-arm-none-eabi-10.3-2021.10/bin/../lib/gcc/arm-none-eabi/10.3.1/../../../../arm-none-eabi/lib/thumb/v7e-m/nofp\libg.a(lib_a-mprec.o)
                0x08009914                __lshift
 .text.__mcmp   0x08009a04       0x40 d:/stm32/gcc-arm-none-eabi-10.3-2021.10/bin/../lib/gcc/arm-none-eabi/10.3.1/../../../../arm-none-eabi/lib/thumb/v7e-m/nofp\libg.a(lib_a-mprec.o)
                0x08009a04                __mcmp
 .text.__mdiff  0x08009a44      0x14c d:/stm32/gcc-arm-none-eabi-10.3-2021.10/bin/../lib/gcc/arm-none-eabi/10.3.1/../../../../arm-none-eabi/lib/thumb/v7e-m/nofp\libg.a(lib_a-mprec.o)
                0x08009a44                __mdiff
 .text.__d2b    0x08009b90       0xc4 d:/stm32/gcc-arm-none-eabi-10.3-2021.10/bin/../lib/gcc/arm-none-eabi/10.3.1/../../../../arm-none-eabi/lib/thumb/v7e-m/nofp\libg.a(lib_a-mprec.o)
                0x08009b90                __d2b
 .text._realloc_r
                0x08009c54      0x3d8 d:/stm32/gcc-arm-none-eabi-10.3-2021.10/bin/../lib/gcc/arm-none-eabi/10.3.1/../../../../arm-none-eabi/lib/thumb/v7e-m/nofp\libg.a(lib_a-reallocr.o)
                0x08009c54                _realloc_r
 .text.frexp    0x0800a02c       0x70 d:/stm32/gcc-arm-none-eabi-10.3-2021.10/bin/../lib/gcc/arm-none-eabi/10.3.1/../../../../arm-none-eabi/lib/thumb/v7e-m/nofp\libg.a(lib_a-s_frexp.o)
                0x0800a02c                frexp
 .text._sbrk_r  0x0800a09c       0x24 d:/stm32/gcc-arm-none-eabi-10.3-2021.10/bin/../lib/gcc/arm-none-eabi/10.3.1/../../../../arm-none-eabi/lib/thumb/v7e-m/nofp\libg.a(lib_a-sbrkr.o)
                0x0800a09c                _sbrk_r
 .text.__sread  0x0800a0c0       0x24 d:/stm32/gcc-arm-none-eabi-10.3-2021.10/bin/../lib/gcc/arm-none-eabi/10.3.1/../../../../arm-none-eabi/lib/thumb/v7e-m/nofp\libg.a(lib_a-stdio.o)
                0x0800a0c0                __sread
 .text.__swrite
                0x0800a0e4       0x40 d:/stm32/gcc-arm-none-eabi-10.3-2021.10/bin/../lib/gcc/arm-none-eabi/10.3.1/../../../../arm-none-eabi/lib/thumb/v7e-m/nofp\libg.a(lib_a-stdio.o)
                0x0800a0e4                __swrite
 .text.__sseek  0x0800a124       0x20 d:/stm32/gcc-arm-none-eabi-10.3-2021.10/bin/../lib/gcc/arm-none-eabi/10.3.1/../../../../arm-none-eabi/lib/thumb/v7e-m/nofp\libg.a(lib_a-stdio.o)
                0x0800a124                __sseek
 .text.__sclose
                0x0800a144        0x8 d:/stm32/gcc-arm-none-eabi-10.3-2021.10/bin/../lib/gcc/arm-none-eabi/10.3.1/../../../../arm-none-eabi/lib/thumb/v7e-m/nofp\libg.a(lib_a-stdio.o)
                0x0800a144                __sclose
 .text.strncpy  0x0800a14c       0x64 d:/stm32/gcc-arm-none-eabi-10.3-2021.10/bin/../lib/gcc/arm-none-eabi/10.3.1/../../../../arm-none-eabi/lib/thumb/v7e-m/nofp\libg.a(lib_a-strncpy.o)
                0x0800a14c                strncpy
 .text.__sprint_r.part.0
                0x0800a1b0       0x78 d:/stm32/gcc-arm-none-eabi-10.3-2021.10/bin/../lib/gcc/arm-none-eabi/10.3.1/../../../../arm-none-eabi/lib/thumb/v7e-m/nofp\libg.a(lib_a-vfiprintf.o)
 .text.__sprint_r
                0x0800a228       0x14 d:/stm32/gcc-arm-none-eabi-10.3-2021.10/bin/../lib/gcc/arm-none-eabi/10.3.1/../../../../arm-none-eabi/lib/thumb/v7e-m/nofp\libg.a(lib_a-vfiprintf.o)
                0x0800a228                __sprint_r
 .text._vfiprintf_r
                0x0800a23c      0xda0 d:/stm32/gcc-arm-none-eabi-10.3-2021.10/bin/../lib/gcc/arm-none-eabi/10.3.1/../../../../arm-none-eabi/lib/thumb/v7e-m/nofp\libg.a(lib_a-vfiprintf.o)
                0x0800a23c                _vfiprintf_r
 .text.__sbprintf
                0x0800afdc       0x80 d:/stm32/gcc-arm-none-eabi-10.3-2021.10/bin/../lib/gcc/arm-none-eabi/10.3.1/../../../../arm-none-eabi/lib/thumb/v7e-m/nofp\libg.a(lib_a-vfiprintf.o)
 .text._write_r
                0x0800b05c       0x2c d:/stm32/gcc-arm-none-eabi-10.3-2021.10/bin/../lib/gcc/arm-none-eabi/10.3.1/../../../../arm-none-eabi/lib/thumb/v7e-m/nofp\libg.a(lib_a-writer.o)
                0x0800b05c                _write_r
 .text.__register_exitproc
                0x0800b088       0x8c d:/stm32/gcc-arm-none-eabi-10.3-2021.10/bin/../lib/gcc/arm-none-eabi/10.3.1/../../../../arm-none-eabi/lib/thumb/v7e-m/nofp\libg.a(lib_a-__atexit.o)
                0x0800b088                __register_exitproc
 .text.__assert_func
                0x0800b114       0x40 d:/stm32/gcc-arm-none-eabi-10.3-2021.10/bin/../lib/gcc/arm-none-eabi/10.3.1/../../../../arm-none-eabi/lib/thumb/v7e-m/nofp\libg.a(lib_a-assert.o)
                0x0800b114                __assert_func
 .text._calloc_r
                0x0800b154       0x78 d:/stm32/gcc-arm-none-eabi-10.3-2021.10/bin/../lib/gcc/arm-none-eabi/10.3.1/../../../../arm-none-eabi/lib/thumb/v7e-m/nofp\libg.a(lib_a-callocr.o)
                0x0800b154                _calloc_r
 .text._close_r
                0x0800b1cc       0x24 d:/stm32/gcc-arm-none-eabi-10.3-2021.10/bin/../lib/gcc/arm-none-eabi/10.3.1/../../../../arm-none-eabi/lib/thumb/v7e-m/nofp\libg.a(lib_a-closer.o)
                0x0800b1cc                _close_r
 .text._fclose_r
                0x0800b1f0       0xcc d:/stm32/gcc-arm-none-eabi-10.3-2021.10/bin/../lib/gcc/arm-none-eabi/10.3.1/../../../../arm-none-eabi/lib/thumb/v7e-m/nofp\libg.a(lib_a-fclose.o)
                0x0800b1f0                _fclose_r
 .text.fiprintf
                0x0800b2bc       0x28 d:/stm32/gcc-arm-none-eabi-10.3-2021.10/bin/../lib/gcc/arm-none-eabi/10.3.1/../../../../arm-none-eabi/lib/thumb/v7e-m/nofp\libg.a(lib_a-fiprintf.o)
                0x0800b2bc                fiprintf
 .text.__fputwc
                0x0800b2e4       0xa8 d:/stm32/gcc-arm-none-eabi-10.3-2021.10/bin/../lib/gcc/arm-none-eabi/10.3.1/../../../../arm-none-eabi/lib/thumb/v7e-m/nofp\libg.a(lib_a-fputwc.o)
                0x0800b2e4                __fputwc
 .text._fputwc_r
                0x0800b38c       0x68 d:/stm32/gcc-arm-none-eabi-10.3-2021.10/bin/../lib/gcc/arm-none-eabi/10.3.1/../../../../arm-none-eabi/lib/thumb/v7e-m/nofp\libg.a(lib_a-fputwc.o)
                0x0800b38c                _fputwc_r
 .text._fstat_r
                0x0800b3f4       0x2c d:/stm32/gcc-arm-none-eabi-10.3-2021.10/bin/../lib/gcc/arm-none-eabi/10.3.1/../../../../arm-none-eabi/lib/thumb/v7e-m/nofp\libg.a(lib_a-fstatr.o)
                0x0800b3f4                _fstat_r
 .text._isatty_r
                0x0800b420       0x24 d:/stm32/gcc-arm-none-eabi-10.3-2021.10/bin/../lib/gcc/arm-none-eabi/10.3.1/../../../../arm-none-eabi/lib/thumb/v7e-m/nofp\libg.a(lib_a-isattyr.o)
                0x0800b420                _isatty_r
 .text.__locale_mb_cur_max
                0x0800b444        0xc d:/stm32/gcc-arm-none-eabi-10.3-2021.10/bin/../lib/gcc/arm-none-eabi/10.3.1/../../../../arm-none-eabi/lib/thumb/v7e-m/nofp\libg.a(lib_a-locale.o)
                0x0800b444                __locale_mb_cur_max
 .text._lseek_r
                0x0800b450       0x2c d:/stm32/gcc-arm-none-eabi-10.3-2021.10/bin/../lib/gcc/arm-none-eabi/10.3.1/../../../../arm-none-eabi/lib/thumb/v7e-m/nofp\libg.a(lib_a-lseekr.o)
                0x0800b450                _lseek_r
 .text.__ascii_mbtowc
                0x0800b47c       0x2c d:/stm32/gcc-arm-none-eabi-10.3-2021.10/bin/../lib/gcc/arm-none-eabi/10.3.1/../../../../arm-none-eabi/lib/thumb/v7e-m/nofp\libg.a(lib_a-mbtowc_r.o)
                0x0800b47c                __ascii_mbtowc
 .text._read_r  0x0800b4a8       0x2c d:/stm32/gcc-arm-none-eabi-10.3-2021.10/bin/../lib/gcc/arm-none-eabi/10.3.1/../../../../arm-none-eabi/lib/thumb/v7e-m/nofp\libg.a(lib_a-readr.o)
                0x0800b4a8                _read_r
 .text.__swbuf_r
                0x0800b4d4       0xb0 d:/stm32/gcc-arm-none-eabi-10.3-2021.10/bin/../lib/gcc/arm-none-eabi/10.3.1/../../../../arm-none-eabi/lib/thumb/v7e-m/nofp\libg.a(lib_a-wbuf.o)
                0x0800b4d4                __swbuf_r
 .text._wcrtomb_r
                0x0800b584       0x3c d:/stm32/gcc-arm-none-eabi-10.3-2021.10/bin/../lib/gcc/arm-none-eabi/10.3.1/../../../../arm-none-eabi/lib/thumb/v7e-m/nofp\libg.a(lib_a-wcrtomb.o)
                0x0800b584                _wcrtomb_r
 .text.__ascii_wctomb
                0x0800b5c0       0x1c d:/stm32/gcc-arm-none-eabi-10.3-2021.10/bin/../lib/gcc/arm-none-eabi/10.3.1/../../../../arm-none-eabi/lib/thumb/v7e-m/nofp\libg.a(lib_a-wctomb_r.o)
                0x0800b5c0                __ascii_wctomb
 .text.abort    0x0800b5dc       0x10 d:/stm32/gcc-arm-none-eabi-10.3-2021.10/bin/../lib/gcc/arm-none-eabi/10.3.1/../../../../arm-none-eabi/lib/thumb/v7e-m/nofp\libg.a(lib_a-abort.o)
                0x0800b5dc                abort
 .text.raise    0x0800b5ec       0x5c d:/stm32/gcc-arm-none-eabi-10.3-2021.10/bin/../lib/gcc/arm-none-eabi/10.3.1/../../../../arm-none-eabi/lib/thumb/v7e-m/nofp\libg.a(lib_a-signal.o)
                0x0800b5ec                raise
 .text._kill_r  0x0800b648       0x2c d:/stm32/gcc-arm-none-eabi-10.3-2021.10/bin/../lib/gcc/arm-none-eabi/10.3.1/../../../../arm-none-eabi/lib/thumb/v7e-m/nofp\libg.a(lib_a-signalr.o)
                0x0800b648                _kill_r
 .text._getpid_r
                0x0800b674        0x4 d:/stm32/gcc-arm-none-eabi-10.3-2021.10/bin/../lib/gcc/arm-none-eabi/10.3.1/../../../../arm-none-eabi/lib/thumb/v7e-m/nofp\libg.a(lib_a-signalr.o)
                0x0800b674                _getpid_r
 *(.glue_7)
 .glue_7        0x0800b678        0x0 linker stubs
 *(.glue_7t)
 .glue_7t       0x0800b678        0x0 linker stubs
 *(.eh_frame)
 .eh_frame      0x0800b678        0x0 d:/stm32/gcc-arm-none-eabi-10.3-2021.10/bin/../lib/gcc/arm-none-eabi/10.3.1/thumb/v7e-m/nofp/crtbegin.o
 *(.init)
 .init          0x0800b678        0x4 d:/stm32/gcc-arm-none-eabi-10.3-2021.10/bin/../lib/gcc/arm-none-eabi/10.3.1/thumb/v7e-m/nofp/crti.o
                0x0800b678                _init
 .init          0x0800b67c        0x8 d:/stm32/gcc-arm-none-eabi-10.3-2021.10/bin/../lib/gcc/arm-none-eabi/10.3.1/thumb/v7e-m/nofp/crtn.o
 *(.fini)
 .fini          0x0800b684        0x4 d:/stm32/gcc-arm-none-eabi-10.3-2021.10/bin/../lib/gcc/arm-none-eabi/10.3.1/thumb/v7e-m/nofp/crti.o
                0x0800b684                _fini
 .fini          0x0800b688        0x8 d:/stm32/gcc-arm-none-eabi-10.3-2021.10/bin/../lib/gcc/arm-none-eabi/10.3.1/thumb/v7e-m/nofp/crtn.o
                0x0800b690                . = ALIGN (0x4)
                0x0800b690                _etext = .

.vfp11_veneer   0x0800b690        0x0
 .vfp11_veneer  0x0800b690        0x0 linker stubs

.v4_bx          0x0800b690        0x0
 .v4_bx         0x0800b690        0x0 linker stubs

.iplt           0x0800b690        0x0
 .iplt          0x0800b690        0x0 d:/stm32/gcc-arm-none-eabi-10.3-2021.10/bin/../lib/gcc/arm-none-eabi/10.3.1/thumb/v7e-m/nofp/crtbegin.o

.rodata         0x0800b690      0x498
                0x0800b690                . = ALIGN (0x4)
 *(.rodata)
 *(.rodata*)
 .rodata.AHBPrescTable
                0x0800b690       0x10 CMakeFiles/PEC_2024.elf.dir/Core/Src/system_stm32g4xx.c.obj
                0x0800b690                AHBPrescTable
 .rodata.APBPrescTable
                0x0800b6a0        0x8 CMakeFiles/PEC_2024.elf.dir/Core/Src/system_stm32g4xx.c.obj
                0x0800b6a0                APBPrescTable
 .rodata.DLCtoBytes
                0x0800b6a8       0x10 CMakeFiles/PEC_2024.elf.dir/Drivers/STM32G4xx_HAL_Driver/Src/stm32g4xx_hal_fdcan.c.obj
 .rodata.UARTPrescTable
                0x0800b6b8       0x18 CMakeFiles/PEC_2024.elf.dir/Drivers/STM32G4xx_HAL_Driver/Src/stm32g4xx_hal_uart.c.obj
                0x0800b6b8                UARTPrescTable
 .rodata.denominator.0
                0x0800b6d0        0x8 CMakeFiles/PEC_2024.elf.dir/Drivers/STM32G4xx_HAL_Driver/Src/stm32g4xx_hal_uart_ex.c.obj
 .rodata.numerator.1
                0x0800b6d8        0x8 CMakeFiles/PEC_2024.elf.dir/Drivers/STM32G4xx_HAL_Driver/Src/stm32g4xx_hal_uart_ex.c.obj
 .rodata.vofa.str1.4
                0x0800b6e0        0xf CMakeFiles/PEC_2024.elf.dir/User/BSP/PID.c.obj
 *fill*         0x0800b6ef        0x1 
 .rodata.pid_test_motor.str1.4
                0x0800b6f0       0x37 CMakeFiles/PEC_2024.elf.dir/User/BSP/PID.c.obj
 *fill*         0x0800b727        0x1 
 .rodata._global_impure_ptr
                0x0800b728        0x4 d:/stm32/gcc-arm-none-eabi-10.3-2021.10/bin/../lib/gcc/arm-none-eabi/10.3.1/../../../../arm-none-eabi/lib/thumb/v7e-m/nofp\libg.a(lib_a-impure.o)
                0x0800b728                _global_impure_ptr
 .rodata._puts_r.str1.4
                0x0800b72c        0x2 d:/stm32/gcc-arm-none-eabi-10.3-2021.10/bin/../lib/gcc/arm-none-eabi/10.3.1/../../../../arm-none-eabi/lib/thumb/v7e-m/nofp\libg.a(lib_a-puts.o)
 *fill*         0x0800b72e        0x2 
 .rodata._vfprintf_r.str1.4
                0x0800b730       0x42 d:/stm32/gcc-arm-none-eabi-10.3-2021.10/bin/../lib/gcc/arm-none-eabi/10.3.1/../../../../arm-none-eabi/lib/thumb/v7e-m/nofp\libg.a(lib_a-vfprintf.o)
 *fill*         0x0800b772        0x2 
 .rodata.blanks.1
                0x0800b774       0x10 d:/stm32/gcc-arm-none-eabi-10.3-2021.10/bin/../lib/gcc/arm-none-eabi/10.3.1/../../../../arm-none-eabi/lib/thumb/v7e-m/nofp\libg.a(lib_a-vfprintf.o)
 .rodata.zeroes.0
                0x0800b784       0x10 d:/stm32/gcc-arm-none-eabi-10.3-2021.10/bin/../lib/gcc/arm-none-eabi/10.3.1/../../../../arm-none-eabi/lib/thumb/v7e-m/nofp\libg.a(lib_a-vfprintf.o)
 .rodata._dtoa_r.str1.4
                0x0800b794       0xa2 d:/stm32/gcc-arm-none-eabi-10.3-2021.10/bin/../lib/gcc/arm-none-eabi/10.3.1/../../../../arm-none-eabi/lib/thumb/v7e-m/nofp\libg.a(lib_a-dtoa.o)
                                 0xa6 (size before relaxing)
 *fill*         0x0800b836        0x2 
 .rodata.__multadd.str1.4
                0x0800b838       0x7f d:/stm32/gcc-arm-none-eabi-10.3-2021.10/bin/../lib/gcc/arm-none-eabi/10.3.1/../../../../arm-none-eabi/lib/thumb/v7e-m/nofp\libg.a(lib_a-mprec.o)
                                 0x93 (size before relaxing)
 *fill*         0x0800b8b7        0x1 
 .rodata.__mprec_bigtens
                0x0800b8b8       0x28 d:/stm32/gcc-arm-none-eabi-10.3-2021.10/bin/../lib/gcc/arm-none-eabi/10.3.1/../../../../arm-none-eabi/lib/thumb/v7e-m/nofp\libg.a(lib_a-mprec.o)
                0x0800b8b8                __mprec_bigtens
 .rodata.__mprec_tens
                0x0800b8e0       0xc8 d:/stm32/gcc-arm-none-eabi-10.3-2021.10/bin/../lib/gcc/arm-none-eabi/10.3.1/../../../../arm-none-eabi/lib/thumb/v7e-m/nofp\libg.a(lib_a-mprec.o)
                0x0800b8e0                __mprec_tens
 .rodata.p05.0  0x0800b9a8        0xc d:/stm32/gcc-arm-none-eabi-10.3-2021.10/bin/../lib/gcc/arm-none-eabi/10.3.1/../../../../arm-none-eabi/lib/thumb/v7e-m/nofp\libg.a(lib_a-mprec.o)
 .rodata._vfiprintf_r.str1.4
                0x0800b9b4       0x2f d:/stm32/gcc-arm-none-eabi-10.3-2021.10/bin/../lib/gcc/arm-none-eabi/10.3.1/../../../../arm-none-eabi/lib/thumb/v7e-m/nofp\libg.a(lib_a-vfiprintf.o)
 .rodata.blanks.1
                0x0800b9b4       0x10 d:/stm32/gcc-arm-none-eabi-10.3-2021.10/bin/../lib/gcc/arm-none-eabi/10.3.1/../../../../arm-none-eabi/lib/thumb/v7e-m/nofp\libg.a(lib_a-vfiprintf.o)
 .rodata.zeroes.0
                0x0800b9c4       0x10 d:/stm32/gcc-arm-none-eabi-10.3-2021.10/bin/../lib/gcc/arm-none-eabi/10.3.1/../../../../arm-none-eabi/lib/thumb/v7e-m/nofp\libg.a(lib_a-vfiprintf.o)
 .rodata.__assert_func.str1.4
                0x0800b9d4       0x3f d:/stm32/gcc-arm-none-eabi-10.3-2021.10/bin/../lib/gcc/arm-none-eabi/10.3.1/../../../../arm-none-eabi/lib/thumb/v7e-m/nofp\libg.a(lib_a-assert.o)
                                 0x43 (size before relaxing)
 *fill*         0x0800ba13        0x1 
 .rodata._setlocale_r.str1.4
                0x0800ba14        0xa d:/stm32/gcc-arm-none-eabi-10.3-2021.10/bin/../lib/gcc/arm-none-eabi/10.3.1/../../../../arm-none-eabi/lib/thumb/v7e-m/nofp\libg.a(lib_a-locale.o)
                                  0xd (size before relaxing)
 *fill*         0x0800ba1e        0x2 
 .rodata.str1.4
                0x0800ba20        0x2 d:/stm32/gcc-arm-none-eabi-10.3-2021.10/bin/../lib/gcc/arm-none-eabi/10.3.1/../../../../arm-none-eabi/lib/thumb/v7e-m/nofp\libg.a(lib_a-locale.o)
 *fill*         0x0800ba22        0x2 
 .rodata._ctype_
                0x0800ba24      0x101 d:/stm32/gcc-arm-none-eabi-10.3-2021.10/bin/../lib/gcc/arm-none-eabi/10.3.1/../../../../arm-none-eabi/lib/thumb/v7e-m/nofp\libg.a(lib_a-ctype_.o)
                0x0800ba24                _ctype_
                0x0800bb28                . = ALIGN (0x4)
 *fill*         0x0800bb25        0x3 

.ARM.extab      0x0800bb28        0x0
                0x0800bb28                . = ALIGN (0x4)
 *(.ARM.extab* .gnu.linkonce.armextab.*)
                0x0800bb28                . = ALIGN (0x4)

.ARM            0x0800bb28        0x8
                0x0800bb28                . = ALIGN (0x4)
                0x0800bb28                __exidx_start = .
 *(.ARM.exidx*)
 .ARM.exidx     0x0800bb28        0x8 d:/stm32/gcc-arm-none-eabi-10.3-2021.10/bin/../lib/gcc/arm-none-eabi/10.3.1/thumb/v7e-m/nofp\libgcc.a(_udivmoddi4.o)
                0x0800bb30                __exidx_end = .
                0x0800bb30                . = ALIGN (0x4)

.rel.dyn        0x0800bb30        0x0
 .rel.iplt      0x0800bb30        0x0 d:/stm32/gcc-arm-none-eabi-10.3-2021.10/bin/../lib/gcc/arm-none-eabi/10.3.1/thumb/v7e-m/nofp/crtbegin.o

.preinit_array  0x0800bb30        0x0
                0x0800bb30                . = ALIGN (0x4)
                0x0800bb30                PROVIDE (__preinit_array_start = .)
 *(.preinit_array*)
                0x0800bb30                PROVIDE (__preinit_array_end = .)
                0x0800bb30                . = ALIGN (0x4)

.init_array     0x0800bb30        0x8
                0x0800bb30                . = ALIGN (0x4)
                0x0800bb30                PROVIDE (__init_array_start = .)
 *(SORT_BY_NAME(.init_array.*))
 .init_array.00000
                0x0800bb30        0x4 d:/stm32/gcc-arm-none-eabi-10.3-2021.10/bin/../lib/gcc/arm-none-eabi/10.3.1/../../../../arm-none-eabi/lib/thumb/v7e-m/nofp\libg.a(lib_a-__call_atexit.o)
 *(.init_array*)
 .init_array    0x0800bb34        0x4 d:/stm32/gcc-arm-none-eabi-10.3-2021.10/bin/../lib/gcc/arm-none-eabi/10.3.1/thumb/v7e-m/nofp/crtbegin.o
                0x0800bb38                PROVIDE (__init_array_end = .)
                0x0800bb38                . = ALIGN (0x4)

.fini_array     0x0800bb38        0x4
                0x0800bb38                . = ALIGN (0x4)
                0x0800bb38                PROVIDE (__fini_array_start = .)
 *(SORT_BY_NAME(.fini_array.*))
 *(.fini_array*)
 .fini_array    0x0800bb38        0x4 d:/stm32/gcc-arm-none-eabi-10.3-2021.10/bin/../lib/gcc/arm-none-eabi/10.3.1/thumb/v7e-m/nofp/crtbegin.o
                0x0800bb3c                PROVIDE (__fini_array_end = .)
                0x0800bb3c                . = ALIGN (0x4)
                0x0800bb3c                _sidata = LOADADDR (.data)

.data           0x20000000      0x9b8 load address 0x0800bb3c
                0x20000000                . = ALIGN (0x4)
                0x20000000                _sdata = .
 *(.data)
 *(.data*)
 .data.SystemCoreClock
                0x20000000        0x4 CMakeFiles/PEC_2024.elf.dir/Core/Src/system_stm32g4xx.c.obj
                0x20000000                SystemCoreClock
 .data.uwTickFreq
                0x20000004        0x4 CMakeFiles/PEC_2024.elf.dir/Drivers/STM32G4xx_HAL_Driver/Src/stm32g4xx_hal.c.obj
                0x20000004                uwTickFreq
 .data.uwTickPrio
                0x20000008        0x4 CMakeFiles/PEC_2024.elf.dir/Drivers/STM32G4xx_HAL_Driver/Src/stm32g4xx_hal.c.obj
                0x20000008                uwTickPrio
 .data._impure_ptr
                0x2000000c        0x4 d:/stm32/gcc-arm-none-eabi-10.3-2021.10/bin/../lib/gcc/arm-none-eabi/10.3.1/../../../../arm-none-eabi/lib/thumb/v7e-m/nofp\libg.a(lib_a-impure.o)
                0x2000000c                _impure_ptr
 .data.impure_data
                0x20000010      0x428 d:/stm32/gcc-arm-none-eabi-10.3-2021.10/bin/../lib/gcc/arm-none-eabi/10.3.1/../../../../arm-none-eabi/lib/thumb/v7e-m/nofp\libg.a(lib_a-impure.o)
 .data.__atexit_recursive_mutex
                0x20000438        0x4 d:/stm32/gcc-arm-none-eabi-10.3-2021.10/bin/../lib/gcc/arm-none-eabi/10.3.1/../../../../arm-none-eabi/lib/thumb/v7e-m/nofp\libg.a(lib_a-__call_atexit.o)
                0x20000438                __atexit_recursive_mutex
 .data.__malloc_av_
                0x2000043c      0x408 d:/stm32/gcc-arm-none-eabi-10.3-2021.10/bin/../lib/gcc/arm-none-eabi/10.3.1/../../../../arm-none-eabi/lib/thumb/v7e-m/nofp\libg.a(lib_a-mallocr.o)
                0x2000043c                __malloc_av_
 .data.__malloc_sbrk_base
                0x20000844        0x4 d:/stm32/gcc-arm-none-eabi-10.3-2021.10/bin/../lib/gcc/arm-none-eabi/10.3.1/../../../../arm-none-eabi/lib/thumb/v7e-m/nofp\libg.a(lib_a-mallocr.o)
                0x20000844                __malloc_sbrk_base
 .data.__malloc_trim_threshold
                0x20000848        0x4 d:/stm32/gcc-arm-none-eabi-10.3-2021.10/bin/../lib/gcc/arm-none-eabi/10.3.1/../../../../arm-none-eabi/lib/thumb/v7e-m/nofp\libg.a(lib_a-mallocr.o)
                0x20000848                __malloc_trim_threshold
 .data.__global_locale
                0x2000084c      0x16c d:/stm32/gcc-arm-none-eabi-10.3-2021.10/bin/../lib/gcc/arm-none-eabi/10.3.1/../../../../arm-none-eabi/lib/thumb/v7e-m/nofp\libg.a(lib_a-locale.o)
                0x2000084c                __global_locale
 *(.RamFunc)
 *(.RamFunc*)
                0x200009b8                . = ALIGN (0x4)
                0x200009b8                _edata = .

.igot.plt       0x200009b8        0x0 load address 0x0800c4f4
 .igot.plt      0x200009b8        0x0 d:/stm32/gcc-arm-none-eabi-10.3-2021.10/bin/../lib/gcc/arm-none-eabi/10.3.1/thumb/v7e-m/nofp/crtbegin.o
                0x200009b8                . = ALIGN (0x4)

.bss            0x200009b8      0x64c load address 0x0800c4f4
                0x200009b8                _sbss = .
                0x200009b8                __bss_start__ = _sbss
 *(.bss)
 .bss           0x200009b8       0x1c d:/stm32/gcc-arm-none-eabi-10.3-2021.10/bin/../lib/gcc/arm-none-eabi/10.3.1/thumb/v7e-m/nofp/crtbegin.o
 *(.bss*)
 .bss.HAL_RCC_FDCAN_CLK_ENABLED
                0x200009d4        0x4 CMakeFiles/PEC_2024.elf.dir/Core/Src/fdcan.c.obj
 .bss.hfdcan1   0x200009d8       0x64 CMakeFiles/PEC_2024.elf.dir/Core/Src/fdcan.c.obj
                0x200009d8                hfdcan1
 .bss.hfdcan2   0x20000a3c       0x64 CMakeFiles/PEC_2024.elf.dir/Core/Src/fdcan.c.obj
                0x20000a3c                hfdcan2
 .bss.__sbrk_heap_end
                0x20000aa0        0x4 CMakeFiles/PEC_2024.elf.dir/Core/Src/sysmem.c.obj
 .bss.UART1_RX_buf
                0x20000aa4      0x100 CMakeFiles/PEC_2024.elf.dir/Core/Src/usart.c.obj
                0x20000aa4                UART1_RX_buf
 .bss.hdma_usart1_rx
                0x20000ba4       0x60 CMakeFiles/PEC_2024.elf.dir/Core/Src/usart.c.obj
                0x20000ba4                hdma_usart1_rx
 .bss.hdma_usart2_rx
                0x20000c04       0x60 CMakeFiles/PEC_2024.elf.dir/Core/Src/usart.c.obj
                0x20000c04                hdma_usart2_rx
 .bss.hdma_usart2_tx
                0x20000c64       0x60 CMakeFiles/PEC_2024.elf.dir/Core/Src/usart.c.obj
                0x20000c64                hdma_usart2_tx
 .bss.huart1    0x20000cc4       0x94 CMakeFiles/PEC_2024.elf.dir/Core/Src/usart.c.obj
                0x20000cc4                huart1
 .bss.huart2    0x20000d58       0x94 CMakeFiles/PEC_2024.elf.dir/Core/Src/usart.c.obj
                0x20000d58                huart2
 .bss.uwTick    0x20000dec        0x4 CMakeFiles/PEC_2024.elf.dir/Drivers/STM32G4xx_HAL_Driver/Src/stm32g4xx_hal.c.obj
                0x20000dec                uwTick
 .bss.index.0   0x20000df0        0x1 CMakeFiles/PEC_2024.elf.dir/User/BSP/MyCan.c.obj
 *fill*         0x20000df1        0x3 
 .bss.motor_info
                0x20000df4      0x100 CMakeFiles/PEC_2024.elf.dir/User/BSP/MyCan.c.obj
                0x20000df4                motor_info
 .bss.M2006Test_Position_PID
                0x20000ef4       0x3c CMakeFiles/PEC_2024.elf.dir/User/BSP/PID.c.obj
                0x20000ef4                M2006Test_Position_PID
 .bss.M2006Test_Speed_PID
                0x20000f30       0x3c CMakeFiles/PEC_2024.elf.dir/User/BSP/PID.c.obj
                0x20000f30                M2006Test_Speed_PID
 .bss.pid_val   0x20000f6c       0x20 CMakeFiles/PEC_2024.elf.dir/User/BSP/PID.c.obj
                0x20000f6c                pid_val
 .bss.union_pid_val
                0x20000f8c       0x20 CMakeFiles/PEC_2024.elf.dir/User/BSP/PID.c.obj
                0x20000f8c                union_pid_val
 .bss.gHuart    0x20000fac        0x4 CMakeFiles/PEC_2024.elf.dir/User/BSP/retarget.c.obj
                0x20000fac                gHuart
 .bss.vision_buffer
                0x20000fb0        0xa CMakeFiles/PEC_2024.elf.dir/User/Device/Vision.c.obj
                0x20000fb0                vision_buffer
 *fill*         0x20000fba        0x2 
 .bss.__lock___atexit_recursive_mutex
                0x20000fbc        0x1 d:/stm32/gcc-arm-none-eabi-10.3-2021.10/bin/../lib/gcc/arm-none-eabi/10.3.1/../../../../arm-none-eabi/lib/thumb/v7e-m/nofp\libg.a(lib_a-lock.o)
                0x20000fbc                __lock___atexit_recursive_mutex
 *fill*         0x20000fbd        0x3 
 .bss.__lock___malloc_recursive_mutex
                0x20000fc0        0x1 d:/stm32/gcc-arm-none-eabi-10.3-2021.10/bin/../lib/gcc/arm-none-eabi/10.3.1/../../../../arm-none-eabi/lib/thumb/v7e-m/nofp\libg.a(lib_a-lock.o)
                0x20000fc0                __lock___malloc_recursive_mutex
 *fill*         0x20000fc1        0x3 
 .bss.__lock___sfp_recursive_mutex
                0x20000fc4        0x1 d:/stm32/gcc-arm-none-eabi-10.3-2021.10/bin/../lib/gcc/arm-none-eabi/10.3.1/../../../../arm-none-eabi/lib/thumb/v7e-m/nofp\libg.a(lib_a-lock.o)
                0x20000fc4                __lock___sfp_recursive_mutex
 *fill*         0x20000fc5        0x3 
 .bss.__lock___sinit_recursive_mutex
                0x20000fc8        0x1 d:/stm32/gcc-arm-none-eabi-10.3-2021.10/bin/../lib/gcc/arm-none-eabi/10.3.1/../../../../arm-none-eabi/lib/thumb/v7e-m/nofp\libg.a(lib_a-lock.o)
                0x20000fc8                __lock___sinit_recursive_mutex
 *fill*         0x20000fc9        0x3 
 .bss.__malloc_current_mallinfo
                0x20000fcc       0x28 d:/stm32/gcc-arm-none-eabi-10.3-2021.10/bin/../lib/gcc/arm-none-eabi/10.3.1/../../../../arm-none-eabi/lib/thumb/v7e-m/nofp\libg.a(lib_a-mallocr.o)
                0x20000fcc                __malloc_current_mallinfo
 .bss.__malloc_max_sbrked_mem
                0x20000ff4        0x4 d:/stm32/gcc-arm-none-eabi-10.3-2021.10/bin/../lib/gcc/arm-none-eabi/10.3.1/../../../../arm-none-eabi/lib/thumb/v7e-m/nofp\libg.a(lib_a-mallocr.o)
                0x20000ff4                __malloc_max_sbrked_mem
 .bss.__malloc_max_total_mem
                0x20000ff8        0x4 d:/stm32/gcc-arm-none-eabi-10.3-2021.10/bin/../lib/gcc/arm-none-eabi/10.3.1/../../../../arm-none-eabi/lib/thumb/v7e-m/nofp\libg.a(lib_a-mallocr.o)
                0x20000ff8                __malloc_max_total_mem
 .bss.__malloc_top_pad
                0x20000ffc        0x4 d:/stm32/gcc-arm-none-eabi-10.3-2021.10/bin/../lib/gcc/arm-none-eabi/10.3.1/../../../../arm-none-eabi/lib/thumb/v7e-m/nofp\libg.a(lib_a-mallocr.o)
                0x20000ffc                __malloc_top_pad
 .bss.errno     0x20001000        0x4 d:/stm32/gcc-arm-none-eabi-10.3-2021.10/bin/../lib/gcc/arm-none-eabi/10.3.1/../../../../arm-none-eabi/lib/thumb/v7e-m/nofp\libg.a(lib_a-reent.o)
                0x20001000                errno
 *(COMMON)
                0x20001004                . = ALIGN (0x4)
                0x20001004                _ebss = .
                0x20001004                __bss_end__ = _ebss

._user_heap_stack
                0x20001004      0x604 load address 0x0800c4f4
                0x20001008                . = ALIGN (0x8)
 *fill*         0x20001004        0x4 
                [!provide]                PROVIDE (end = .)
                0x20001008                PROVIDE (_end = .)
                0x20001208                . = (. + _Min_Heap_Size)
 *fill*         0x20001008      0x200 
                0x20001608                . = (. + _Min_Stack_Size)
 *fill*         0x20001208      0x400 
                0x20001608                . = ALIGN (0x8)

/DISCARD/
 libc.a(*)
 libm.a(*)
 libgcc.a(*)

.ARM.attributes
                0x00000000       0x2a
 *(.ARM.attributes)
 .ARM.attributes
                0x00000000       0x1e d:/stm32/gcc-arm-none-eabi-10.3-2021.10/bin/../lib/gcc/arm-none-eabi/10.3.1/thumb/v7e-m/nofp/crti.o
 .ARM.attributes
                0x0000001e       0x2e d:/stm32/gcc-arm-none-eabi-10.3-2021.10/bin/../lib/gcc/arm-none-eabi/10.3.1/thumb/v7e-m/nofp/crtbegin.o
 .ARM.attributes
                0x0000004c       0x2e CMakeFiles/PEC_2024.elf.dir/Core/Src/dma.c.obj
 .ARM.attributes
                0x0000007a       0x2e CMakeFiles/PEC_2024.elf.dir/Core/Src/fdcan.c.obj
 .ARM.attributes
                0x000000a8       0x2e CMakeFiles/PEC_2024.elf.dir/Core/Src/gpio.c.obj
 .ARM.attributes
                0x000000d6       0x2e CMakeFiles/PEC_2024.elf.dir/Core/Src/main.c.obj
 .ARM.attributes
                0x00000104       0x2e CMakeFiles/PEC_2024.elf.dir/Core/Src/stm32g4xx_hal_msp.c.obj
 .ARM.attributes
                0x00000132       0x2e CMakeFiles/PEC_2024.elf.dir/Core/Src/stm32g4xx_it.c.obj
 .ARM.attributes
                0x00000160       0x2e CMakeFiles/PEC_2024.elf.dir/Core/Src/syscalls.c.obj
 .ARM.attributes
                0x0000018e       0x2e CMakeFiles/PEC_2024.elf.dir/Core/Src/sysmem.c.obj
 .ARM.attributes
                0x000001bc       0x2e CMakeFiles/PEC_2024.elf.dir/Core/Src/system_stm32g4xx.c.obj
 .ARM.attributes
                0x000001ea       0x2e CMakeFiles/PEC_2024.elf.dir/Core/Src/usart.c.obj
 .ARM.attributes
                0x00000218       0x21 CMakeFiles/PEC_2024.elf.dir/Core/Startup/startup_stm32g474vetx.s.obj
 .ARM.attributes
                0x00000239       0x2e CMakeFiles/PEC_2024.elf.dir/Drivers/STM32G4xx_HAL_Driver/Src/stm32g4xx_hal.c.obj
 .ARM.attributes
                0x00000267       0x2e CMakeFiles/PEC_2024.elf.dir/Drivers/STM32G4xx_HAL_Driver/Src/stm32g4xx_hal_cortex.c.obj
 .ARM.attributes
                0x00000295       0x2e CMakeFiles/PEC_2024.elf.dir/Drivers/STM32G4xx_HAL_Driver/Src/stm32g4xx_hal_dma.c.obj
 .ARM.attributes
                0x000002c3       0x2e CMakeFiles/PEC_2024.elf.dir/Drivers/STM32G4xx_HAL_Driver/Src/stm32g4xx_hal_fdcan.c.obj
 .ARM.attributes
                0x000002f1       0x2e CMakeFiles/PEC_2024.elf.dir/Drivers/STM32G4xx_HAL_Driver/Src/stm32g4xx_hal_gpio.c.obj
 .ARM.attributes
                0x0000031f       0x2e CMakeFiles/PEC_2024.elf.dir/Drivers/STM32G4xx_HAL_Driver/Src/stm32g4xx_hal_pwr_ex.c.obj
 .ARM.attributes
                0x0000034d       0x2e CMakeFiles/PEC_2024.elf.dir/Drivers/STM32G4xx_HAL_Driver/Src/stm32g4xx_hal_rcc.c.obj
 .ARM.attributes
                0x0000037b       0x2e CMakeFiles/PEC_2024.elf.dir/Drivers/STM32G4xx_HAL_Driver/Src/stm32g4xx_hal_rcc_ex.c.obj
 .ARM.attributes
                0x000003a9       0x2e CMakeFiles/PEC_2024.elf.dir/Drivers/STM32G4xx_HAL_Driver/Src/stm32g4xx_hal_uart.c.obj
 .ARM.attributes
                0x000003d7       0x2e CMakeFiles/PEC_2024.elf.dir/Drivers/STM32G4xx_HAL_Driver/Src/stm32g4xx_hal_uart_ex.c.obj
 .ARM.attributes
                0x00000405       0x2e CMakeFiles/PEC_2024.elf.dir/User/BSP/MyCan.c.obj
 .ARM.attributes
                0x00000433       0x2e CMakeFiles/PEC_2024.elf.dir/User/BSP/PID.c.obj
 .ARM.attributes
                0x00000461       0x2e CMakeFiles/PEC_2024.elf.dir/User/BSP/retarget.c.obj
 .ARM.attributes
                0x0000048f       0x2e CMakeFiles/PEC_2024.elf.dir/User/Device/Vision.c.obj
 .ARM.attributes
                0x000004bd       0x2e CMakeFiles/PEC_2024.elf.dir/User/Device/deepmotor.c.obj
 .ARM.attributes
                0x000004eb       0x2e CMakeFiles/PEC_2024.elf.dir/User/Task/fsm_main.c.obj
 .ARM.attributes
                0x00000519       0x1e d:/stm32/gcc-arm-none-eabi-10.3-2021.10/bin/../lib/gcc/arm-none-eabi/10.3.1/thumb/v7e-m/nofp\libgcc.a(_arm_addsubdf3.o)
 .ARM.attributes
                0x00000537       0x1e d:/stm32/gcc-arm-none-eabi-10.3-2021.10/bin/../lib/gcc/arm-none-eabi/10.3.1/thumb/v7e-m/nofp\libgcc.a(_arm_truncdfsf2.o)
 .ARM.attributes
                0x00000555       0x1e d:/stm32/gcc-arm-none-eabi-10.3-2021.10/bin/../lib/gcc/arm-none-eabi/10.3.1/thumb/v7e-m/nofp\libgcc.a(_arm_addsubsf3.o)
 .ARM.attributes
                0x00000573       0x1e d:/stm32/gcc-arm-none-eabi-10.3-2021.10/bin/../lib/gcc/arm-none-eabi/10.3.1/thumb/v7e-m/nofp\libgcc.a(_arm_muldivsf3.o)
 .ARM.attributes
                0x00000591       0x1e d:/stm32/gcc-arm-none-eabi-10.3-2021.10/bin/../lib/gcc/arm-none-eabi/10.3.1/thumb/v7e-m/nofp\libgcc.a(_arm_cmpsf2.o)
 .ARM.attributes
                0x000005af       0x1e d:/stm32/gcc-arm-none-eabi-10.3-2021.10/bin/../lib/gcc/arm-none-eabi/10.3.1/thumb/v7e-m/nofp\libgcc.a(_arm_fixsfsi.o)
 .ARM.attributes
                0x000005cd       0x1e d:/stm32/gcc-arm-none-eabi-10.3-2021.10/bin/../lib/gcc/arm-none-eabi/10.3.1/thumb/v7e-m/nofp\libgcc.a(_aeabi_uldivmod.o)
 .ARM.attributes
                0x000005eb       0x2e d:/stm32/gcc-arm-none-eabi-10.3-2021.10/bin/../lib/gcc/arm-none-eabi/10.3.1/thumb/v7e-m/nofp\libgcc.a(_udivmoddi4.o)
 .ARM.attributes
                0x00000619       0x1e d:/stm32/gcc-arm-none-eabi-10.3-2021.10/bin/../lib/gcc/arm-none-eabi/10.3.1/thumb/v7e-m/nofp\libgcc.a(_dvmd_tls.o)
 .ARM.attributes
                0x00000637       0x2e d:/stm32/gcc-arm-none-eabi-10.3-2021.10/bin/../lib/gcc/arm-none-eabi/10.3.1/../../../../arm-none-eabi/lib/thumb/v7e-m/nofp\libg.a(lib_a-errno.o)
 .ARM.attributes
                0x00000665       0x2e d:/stm32/gcc-arm-none-eabi-10.3-2021.10/bin/../lib/gcc/arm-none-eabi/10.3.1/../../../../arm-none-eabi/lib/thumb/v7e-m/nofp\libg.a(lib_a-impure.o)
 .ARM.attributes
                0x00000693       0x2e d:/stm32/gcc-arm-none-eabi-10.3-2021.10/bin/../lib/gcc/arm-none-eabi/10.3.1/../../../../arm-none-eabi/lib/thumb/v7e-m/nofp\libg.a(lib_a-init.o)
 .ARM.attributes
                0x000006c1       0x2e d:/stm32/gcc-arm-none-eabi-10.3-2021.10/bin/../lib/gcc/arm-none-eabi/10.3.1/../../../../arm-none-eabi/lib/thumb/v7e-m/nofp\libg.a(lib_a-memset.o)
 .ARM.attributes
                0x000006ef       0x2e d:/stm32/gcc-arm-none-eabi-10.3-2021.10/bin/../lib/gcc/arm-none-eabi/10.3.1/../../../../arm-none-eabi/lib/thumb/v7e-m/nofp\libg.a(lib_a-printf.o)
 .ARM.attributes
                0x0000071d       0x2e d:/stm32/gcc-arm-none-eabi-10.3-2021.10/bin/../lib/gcc/arm-none-eabi/10.3.1/../../../../arm-none-eabi/lib/thumb/v7e-m/nofp\libg.a(lib_a-puts.o)
 .ARM.attributes
                0x0000074b       0x2e d:/stm32/gcc-arm-none-eabi-10.3-2021.10/bin/../lib/gcc/arm-none-eabi/10.3.1/../../../../arm-none-eabi/lib/thumb/v7e-m/nofp\libg.a(lib_a-setvbuf.o)
 .ARM.attributes
                0x00000779       0x1c d:/stm32/gcc-arm-none-eabi-10.3-2021.10/bin/../lib/gcc/arm-none-eabi/10.3.1/../../../../arm-none-eabi/lib/thumb/v7e-m/nofp\libg.a(lib_a-strlen.o)
 .ARM.attributes
                0x00000795       0x2e d:/stm32/gcc-arm-none-eabi-10.3-2021.10/bin/../lib/gcc/arm-none-eabi/10.3.1/../../../../arm-none-eabi/lib/thumb/v7e-m/nofp\libg.a(lib_a-vfprintf.o)
 .ARM.attributes
                0x000007c3       0x2e d:/stm32/gcc-arm-none-eabi-10.3-2021.10/bin/../lib/gcc/arm-none-eabi/10.3.1/../../../../arm-none-eabi/lib/thumb/v7e-m/nofp\libg.a(lib_a-wsetup.o)
 .ARM.attributes
                0x000007f1       0x2e d:/stm32/gcc-arm-none-eabi-10.3-2021.10/bin/../lib/gcc/arm-none-eabi/10.3.1/../../../../arm-none-eabi/lib/thumb/v7e-m/nofp\libg.a(lib_a-__call_atexit.o)
 .ARM.attributes
                0x0000081f       0x2e d:/stm32/gcc-arm-none-eabi-10.3-2021.10/bin/../lib/gcc/arm-none-eabi/10.3.1/../../../../arm-none-eabi/lib/thumb/v7e-m/nofp\libg.a(lib_a-atexit.o)
 .ARM.attributes
                0x0000084d       0x2e d:/stm32/gcc-arm-none-eabi-10.3-2021.10/bin/../lib/gcc/arm-none-eabi/10.3.1/../../../../arm-none-eabi/lib/thumb/v7e-m/nofp\libg.a(lib_a-dtoa.o)
 .ARM.attributes
                0x0000087b       0x2e d:/stm32/gcc-arm-none-eabi-10.3-2021.10/bin/../lib/gcc/arm-none-eabi/10.3.1/../../../../arm-none-eabi/lib/thumb/v7e-m/nofp\libg.a(lib_a-fflush.o)
 .ARM.attributes
                0x000008a9       0x2e d:/stm32/gcc-arm-none-eabi-10.3-2021.10/bin/../lib/gcc/arm-none-eabi/10.3.1/../../../../arm-none-eabi/lib/thumb/v7e-m/nofp\libg.a(lib_a-findfp.o)
 .ARM.attributes
                0x000008d7       0x2e d:/stm32/gcc-arm-none-eabi-10.3-2021.10/bin/../lib/gcc/arm-none-eabi/10.3.1/../../../../arm-none-eabi/lib/thumb/v7e-m/nofp\libg.a(lib_a-fini.o)
 .ARM.attributes
                0x00000905       0x2e d:/stm32/gcc-arm-none-eabi-10.3-2021.10/bin/../lib/gcc/arm-none-eabi/10.3.1/../../../../arm-none-eabi/lib/thumb/v7e-m/nofp\libg.a(lib_a-freer.o)
 .ARM.attributes
                0x00000933       0x2e d:/stm32/gcc-arm-none-eabi-10.3-2021.10/bin/../lib/gcc/arm-none-eabi/10.3.1/../../../../arm-none-eabi/lib/thumb/v7e-m/nofp\libg.a(lib_a-fvwrite.o)
 .ARM.attributes
                0x00000961       0x2e d:/stm32/gcc-arm-none-eabi-10.3-2021.10/bin/../lib/gcc/arm-none-eabi/10.3.1/../../../../arm-none-eabi/lib/thumb/v7e-m/nofp\libg.a(lib_a-fwalk.o)
 .ARM.attributes
                0x0000098f       0x2e d:/stm32/gcc-arm-none-eabi-10.3-2021.10/bin/../lib/gcc/arm-none-eabi/10.3.1/../../../../arm-none-eabi/lib/thumb/v7e-m/nofp\libg.a(lib_a-localeconv.o)
 .ARM.attributes
                0x000009bd       0x2e d:/stm32/gcc-arm-none-eabi-10.3-2021.10/bin/../lib/gcc/arm-none-eabi/10.3.1/../../../../arm-none-eabi/lib/thumb/v7e-m/nofp\libg.a(lib_a-lock.o)
 .ARM.attributes
                0x000009eb       0x2e d:/stm32/gcc-arm-none-eabi-10.3-2021.10/bin/../lib/gcc/arm-none-eabi/10.3.1/../../../../arm-none-eabi/lib/thumb/v7e-m/nofp\libg.a(lib_a-makebuf.o)
 .ARM.attributes
                0x00000a19       0x2e d:/stm32/gcc-arm-none-eabi-10.3-2021.10/bin/../lib/gcc/arm-none-eabi/10.3.1/../../../../arm-none-eabi/lib/thumb/v7e-m/nofp\libg.a(lib_a-malloc.o)
 .ARM.attributes
                0x00000a47       0x2e d:/stm32/gcc-arm-none-eabi-10.3-2021.10/bin/../lib/gcc/arm-none-eabi/10.3.1/../../../../arm-none-eabi/lib/thumb/v7e-m/nofp\libg.a(lib_a-mallocr.o)
 .ARM.attributes
                0x00000a75       0x1c d:/stm32/gcc-arm-none-eabi-10.3-2021.10/bin/../lib/gcc/arm-none-eabi/10.3.1/../../../../arm-none-eabi/lib/thumb/v7e-m/nofp\libg.a(lib_a-memchr.o)
 .ARM.attributes
                0x00000a91       0x1c d:/stm32/gcc-arm-none-eabi-10.3-2021.10/bin/../lib/gcc/arm-none-eabi/10.3.1/../../../../arm-none-eabi/lib/thumb/v7e-m/nofp\libg.a(lib_a-memcpy.o)
 .ARM.attributes
                0x00000aad       0x2e d:/stm32/gcc-arm-none-eabi-10.3-2021.10/bin/../lib/gcc/arm-none-eabi/10.3.1/../../../../arm-none-eabi/lib/thumb/v7e-m/nofp\libg.a(lib_a-memmove.o)
 .ARM.attributes