Archive member included to satisfy reference by file (symbol)

D:/GNU_Arm_Embedded_GCC/xpack-arm-none-eabi-gcc-13.2.1-1.1/bin/../lib/gcc/arm-none-eabi/13.2.1/thumb/v7e-m/nofp\libgcc.a(_aeabi_uldivmod.o)
                              CMakeFiles/PEC_2024.elf.dir/Drivers/STM32G4xx_HAL_Driver/Src/stm32g4xx_hal_uart.c.obj (__aeabi_uldivmod)
D:/GNU_Arm_Embedded_GCC/xpack-arm-none-eabi-gcc-13.2.1-1.1/bin/../lib/gcc/arm-none-eabi/13.2.1/thumb/v7e-m/nofp\libgcc.a(_udivmoddi4.o)
                              D:/GNU_Arm_Embedded_GCC/xpack-arm-none-eabi-gcc-13.2.1-1.1/bin/../lib/gcc/arm-none-eabi/13.2.1/thumb/v7e-m/nofp\libgcc.a(_aeabi_uldivmod.o) (__udivmoddi4)
D:/GNU_Arm_Embedded_GCC/xpack-arm-none-eabi-gcc-13.2.1-1.1/bin/../lib/gcc/arm-none-eabi/13.2.1/thumb/v7e-m/nofp\libgcc.a(_dvmd_tls.o)
                              D:/GNU_Arm_Embedded_GCC/xpack-arm-none-eabi-gcc-13.2.1-1.1/bin/../lib/gcc/arm-none-eabi/13.2.1/thumb/v7e-m/nofp\libgcc.a(_aeabi_uldivmod.o) (__aeabi_ldiv0)
D:/GNU_Arm_Embedded_GCC/xpack-arm-none-eabi-gcc-13.2.1-1.1/bin/../lib/gcc/arm-none-eabi/13.2.1/../../../../arm-none-eabi/lib/thumb/v7e-m/nofp\libg.a(libc_a-atexit.o)
                              D:/GNU_Arm_Embedded_GCC/xpack-arm-none-eabi-gcc-13.2.1-1.1/bin/../lib/gcc/arm-none-eabi/13.2.1/../../../../arm-none-eabi/lib/thumb/v7e-m/nofp/crt0.o (atexit)
D:/GNU_Arm_Embedded_GCC/xpack-arm-none-eabi-gcc-13.2.1-1.1/bin/../lib/gcc/arm-none-eabi/13.2.1/../../../../arm-none-eabi/lib/thumb/v7e-m/nofp\libg.a(libc_a-exit.o)
                              D:/GNU_Arm_Embedded_GCC/xpack-arm-none-eabi-gcc-13.2.1-1.1/bin/../lib/gcc/arm-none-eabi/13.2.1/../../../../arm-none-eabi/lib/thumb/v7e-m/nofp/crt0.o (exit)
D:/GNU_Arm_Embedded_GCC/xpack-arm-none-eabi-gcc-13.2.1-1.1/bin/../lib/gcc/arm-none-eabi/13.2.1/../../../../arm-none-eabi/lib/thumb/v7e-m/nofp\libg.a(libc_a-findfp.o)
                              D:/GNU_Arm_Embedded_GCC/xpack-arm-none-eabi-gcc-13.2.1-1.1/bin/../lib/gcc/arm-none-eabi/13.2.1/../../../../arm-none-eabi/lib/thumb/v7e-m/nofp\libg.a(libc_a-exit.o) (__stdio_exit_handler)
D:/GNU_Arm_Embedded_GCC/xpack-arm-none-eabi-gcc-13.2.1-1.1/bin/../lib/gcc/arm-none-eabi/13.2.1/../../../../arm-none-eabi/lib/thumb/v7e-m/nofp\libg.a(libc_a-fwalk.o)
                              D:/GNU_Arm_Embedded_GCC/xpack-arm-none-eabi-gcc-13.2.1-1.1/bin/../lib/gcc/arm-none-eabi/13.2.1/../../../../arm-none-eabi/lib/thumb/v7e-m/nofp\libg.a(libc_a-findfp.o) (_fwalk_sglue)
D:/GNU_Arm_Embedded_GCC/xpack-arm-none-eabi-gcc-13.2.1-1.1/bin/../lib/gcc/arm-none-eabi/13.2.1/../../../../arm-none-eabi/lib/thumb/v7e-m/nofp\libg.a(libc_a-stdio.o)
                              D:/GNU_Arm_Embedded_GCC/xpack-arm-none-eabi-gcc-13.2.1-1.1/bin/../lib/gcc/arm-none-eabi/13.2.1/../../../../arm-none-eabi/lib/thumb/v7e-m/nofp\libg.a(libc_a-findfp.o) (__sread)
D:/GNU_Arm_Embedded_GCC/xpack-arm-none-eabi-gcc-13.2.1-1.1/bin/../lib/gcc/arm-none-eabi/13.2.1/../../../../arm-none-eabi/lib/thumb/v7e-m/nofp\libg.a(libc_a-memset.o)
                              D:/GNU_Arm_Embedded_GCC/xpack-arm-none-eabi-gcc-13.2.1-1.1/bin/../lib/gcc/arm-none-eabi/13.2.1/../../../../arm-none-eabi/lib/thumb/v7e-m/nofp/crt0.o (memset)
D:/GNU_Arm_Embedded_GCC/xpack-arm-none-eabi-gcc-13.2.1-1.1/bin/../lib/gcc/arm-none-eabi/13.2.1/../../../../arm-none-eabi/lib/thumb/v7e-m/nofp\libg.a(libc_a-closer.o)
                              D:/GNU_Arm_Embedded_GCC/xpack-arm-none-eabi-gcc-13.2.1-1.1/bin/../lib/gcc/arm-none-eabi/13.2.1/../../../../arm-none-eabi/lib/thumb/v7e-m/nofp\libg.a(libc_a-stdio.o) (_close_r)
D:/GNU_Arm_Embedded_GCC/xpack-arm-none-eabi-gcc-13.2.1-1.1/bin/../lib/gcc/arm-none-eabi/13.2.1/../../../../arm-none-eabi/lib/thumb/v7e-m/nofp\libg.a(libc_a-reent.o)
                              D:/GNU_Arm_Embedded_GCC/xpack-arm-none-eabi-gcc-13.2.1-1.1/bin/../lib/gcc/arm-none-eabi/13.2.1/../../../../arm-none-eabi/lib/thumb/v7e-m/nofp\libg.a(libc_a-closer.o) (errno)
D:/GNU_Arm_Embedded_GCC/xpack-arm-none-eabi-gcc-13.2.1-1.1/bin/../lib/gcc/arm-none-eabi/13.2.1/../../../../arm-none-eabi/lib/thumb/v7e-m/nofp\libg.a(libc_a-impure.o)
                              D:/GNU_Arm_Embedded_GCC/xpack-arm-none-eabi-gcc-13.2.1-1.1/bin/../lib/gcc/arm-none-eabi/13.2.1/../../../../arm-none-eabi/lib/thumb/v7e-m/nofp\libg.a(libc_a-reent.o) (_impure_ptr)
D:/GNU_Arm_Embedded_GCC/xpack-arm-none-eabi-gcc-13.2.1-1.1/bin/../lib/gcc/arm-none-eabi/13.2.1/../../../../arm-none-eabi/lib/thumb/v7e-m/nofp\libg.a(libc_a-lseekr.o)
                              D:/GNU_Arm_Embedded_GCC/xpack-arm-none-eabi-gcc-13.2.1-1.1/bin/../lib/gcc/arm-none-eabi/13.2.1/../../../../arm-none-eabi/lib/thumb/v7e-m/nofp\libg.a(libc_a-stdio.o) (_lseek_r)
D:/GNU_Arm_Embedded_GCC/xpack-arm-none-eabi-gcc-13.2.1-1.1/bin/../lib/gcc/arm-none-eabi/13.2.1/../../../../arm-none-eabi/lib/thumb/v7e-m/nofp\libg.a(libc_a-readr.o)
[...]
Memory Configuration

Name             Origin             Length             Attributes
RAM              0x20000000         0x00020000         xrw
FLASH            0x08000000         0x00080000         xr
*default*        0x00000000         0xffffffff

Linker script and memory map

LOAD D:/GNU_Arm_Embedded_GCC/xpack-arm-none-eabi-gcc-13.2.1-1.1/bin/../lib/gcc/arm-none-eabi/13.2.1/thumb/v7e-m/nofp/crti.o
LOAD D:/GNU_Arm_Embedded_GCC/xpack-arm-none-eabi-gcc-13.2.1-1.1/bin/../lib/gcc/arm-none-eabi/13.2.1/thumb/v7e-m/nofp/crtbegin.o
LOAD D:/GNU_Arm_Embedded_GCC/xpack-arm-none-eabi-gcc-13.2.1-1.1/bin/../lib/gcc/arm-none-eabi/13.2.1/../../../../arm-none-eabi/lib/thumb/v7e-m/nofp/crt0.o
LOAD CMakeFiles/PEC_2024.elf.dir/Core/Src/dma.c.obj
LOAD CMakeFiles/PEC_2024.elf.dir/Core/Src/fdcan.c.obj
LOAD CMakeFiles/PEC_2024.elf.dir/Core/Src/gpio.c.obj
LOAD CMakeFiles/PEC_2024.elf.dir/Core/Src/main.c.obj
LOAD CMakeFiles/PEC_2024.elf.dir/Core/Src/stm32g4xx_hal_msp.c.obj
LOAD CMakeFiles/PEC_2024.elf.dir/Core/Src/stm32g4xx_it.c.obj
LOAD CMakeFiles/PEC_2024.elf.dir/Core/Src/syscalls.c.obj
LOAD CMakeFiles/PEC_2024.elf.dir/Core/Src/sysmem.c.obj
LOAD CMakeFiles/PEC_2024.elf.dir/Core/Src/system_stm32g4xx.c.obj
LOAD CMakeFiles/PEC_2024.elf.dir/Core/Src/usart.c.obj
LOAD CMakeFiles/PEC_2024.elf.dir/Core/Startup/startup_stm32g474vetx.s.obj
LOAD CMakeFiles/PEC_2024.elf.dir/Drivers/STM32G4xx_HAL_Driver/Src/stm32g4xx_hal.c.obj
LOAD CMakeFiles/PEC_2024.elf.dir/Drivers/STM32G4xx_HAL_Driver/Src/stm32g4xx_hal_cortex.c.obj
LOAD CMakeFiles/PEC_2024.elf.dir/Drivers/STM32G4xx_HAL_Driver/Src/stm32g4xx_hal_dma.c.obj
LOAD CMakeFiles/PEC_2024.elf.dir/Drivers/STM32G4xx_HAL_Driver/Src/stm32g4xx_hal_dma_ex.c.obj
LOAD CMakeFiles/PEC_2024.elf.dir/Drivers/STM32G4xx_HAL_Driver/Src/stm32g4xx_hal_exti.c.obj
LOAD CMakeFiles/PEC_2024.elf.dir/Drivers/STM32G4xx_HAL_Driver/Src/stm32g4xx_hal_fdcan.c.obj
LOAD CMakeFiles/PEC_2024.elf.dir/Drivers/STM32G4xx_HAL_Driver/Src/stm32g4xx_hal_flash.c.obj
LOAD CMakeFiles/PEC_2024.elf.dir/Drivers/STM32G4xx_HAL_Driver/Src/stm32g4xx_hal_flash_ex.c.obj
LOAD CMakeFiles/PEC_2024.elf.dir/Drivers/STM32G4xx_HAL_Driver/Src/stm32g4xx_hal_flash_ramfunc.c.obj
LOAD CMakeFiles/PEC_2024.elf.dir/Drivers/STM32G4xx_HAL_Driver/Src/stm32g4xx_hal_gpio.c.obj
LOAD CMakeFiles/PEC_2024.elf.dir/Drivers/STM32G4xx_HAL_Driver/Src/stm32g4xx_hal_pwr.c.obj
LOAD CMakeFiles/PEC_2024.elf.dir/Drivers/STM32G4xx_HAL_Driver/Src/stm32g4xx_hal_pwr_ex.c.obj
LOAD CMakeFiles/PEC_2024.elf.dir/Drivers/STM32G4xx_HAL_Driver/Src/stm32g4xx_hal_rcc.c.obj
LOAD CMakeFiles/PEC_2024.elf.dir/Drivers/STM32G4xx_HAL_Driver/Src/stm32g4xx_hal_rcc_ex.c.obj
LOAD CMakeFiles/PEC_2024.elf.dir/Drivers/STM32G4xx_HAL_Driver/Src/stm32g4xx_hal_tim.c.obj
LOAD CMakeFiles/PEC_2024.elf.dir/Drivers/STM32G4xx_HAL_Driver/Src/stm32g4xx_hal_tim_ex.c.obj
LOAD CMakeFiles/PEC_2024.elf.dir/Drivers/STM32G4xx_HAL_Driver/Src/stm32g4xx_hal_uart.c.obj
LOAD CMakeFiles/PEC_2024.elf.dir/Drivers/STM32G4xx_HAL_Driver/Src/stm32g4xx_hal_uart_ex.c.obj
LOAD CMakeFiles/PEC_2024.elf.dir/User/BSP/MyCan.c.obj
LOAD CMakeFiles/PEC_2024.elf.dir/User/BSP/VisionUnpack.c.obj
LOAD CMakeFiles/PEC_2024.elf.dir/User/Device/M2006.c.obj
LOAD CMakeFiles/PEC_2024.elf.dir/User/Device/Vision.c.obj
LOAD CMakeFiles/PEC_2024.elf.dir/User/FSM/Place.c.obj
LOAD CMakeFiles/PEC_2024.elf.dir/User/FSM/Reset.c.obj
LOAD CMakeFiles/PEC_2024.elf.dir/User/Task/fsm_main.c.obj
START GROUP
LOAD D:/GNU_Arm_Embedded_GCC/xpack-arm-none-eabi-gcc-13.2.1-1.1/bin/../lib/gcc/arm-none-eabi/13.2.1/thumb/v7e-m/nofp\libgcc.a
LOAD D:/GNU_Arm_Embedded_GCC/xpack-arm-none-eabi-gcc-13.2.1-1.1/bin/../lib/gcc/arm-none-eabi/13.2.1/../../../../arm-none-eabi/lib/thumb/v7e-m/nofp\libg.a
LOAD D:/GNU_Arm_Embedded_GCC/xpack-arm-none-eabi-gcc-13.2.1-1.1/bin/../lib/gcc/arm-none-eabi/13.2.1/../../../../arm-none-eabi/lib/thumb/v7e-m/nofp\libc.a
END GROUP
LOAD D:/GNU_Arm_Embedded_GCC/xpack-arm-none-eabi-gcc-13.2.1-1.1/bin/../lib/gcc/arm-none-eabi/13.2.1/thumb/v7e-m/nofp/crtend.o
LOAD D:/GNU_Arm_Embedded_GCC/xpack-arm-none-eabi-gcc-13.2.1-1.1/bin/../lib/gcc/arm-none-eabi/13.2.1/thumb/v7e-m/nofp/crtn.o
                0x20020000                        _estack = (ORIGIN (RAM) + LENGTH (RAM))
                0x00000200                        _Min_Heap_Size = 0x200
                0x00000400                        _Min_Stack_Size = 0x400

.isr_vector     0x08000000      0x1d8
                0x08000000                        . = ALIGN (0x4)
 *(.isr_vector)
 .isr_vector    0x08000000      0x1d8 CMakeFiles/PEC_2024.elf.dir/Core/Startup/startup_stm32g474vetx.s.obj
                0x08000000                g_pfnVectors
                0x080001d8                        . = ALIGN (0x4)

.text           0x080001d8     0x2dec
                0x080001d8                        . = ALIGN (0x4)
 *(.text)
 .text          0x080001d8       0x30 D:/GNU_Arm_Embedded_GCC/xpack-arm-none-eabi-gcc-13.2.1-1.1/bin/../lib/gcc/arm-none-eabi/13.2.1/thumb/v7e-m/nofp\libgcc.a(_aeabi_uldivmod.o)
                0x080001d8                __aeabi_uldivmod
 .text          0x08000208        0x4 D:/GNU_Arm_Embedded_GCC/xpack-arm-none-eabi-gcc-13.2.1-1.1/bin/../lib/gcc/arm-none-eabi/13.2.1/thumb/v7e-m/nofp\libgcc.a(_dvmd_tls.o)
                0x08000208                __aeabi_idiv0
                0x08000208                __aeabi_ldiv0
 *(.text*)
 .text.__do_global_dtors_aux
                0x0800020c       0x24 D:/GNU_Arm_Embedded_GCC/xpack-arm-none-eabi-gcc-13.2.1-1.1/bin/../lib/gcc/arm-none-eabi/13.2.1/thumb/v7e-m/nofp/crtbegin.o
 .text.frame_dummy
                0x08000230       0x1c D:/GNU_Arm_Embedded_GCC/xpack-arm-none-eabi-gcc-13.2.1-1.1/bin/../lib/gcc/arm-none-eabi/13.2.1/thumb/v7e-m/nofp/crtbegin.o
 .text.MX_DMA_Init
                0x0800024c       0x54 CMakeFiles/PEC_2024.elf.dir/Core/Src/dma.c.obj
                0x0800024c                MX_DMA_Init
 .text.MX_FDCAN1_Init
                0x080002a0       0x48 CMakeFiles/PEC_2024.elf.dir/Core/Src/fdcan.c.obj
                0x080002a0                MX_FDCAN1_Init
 .text.HAL_FDCAN_MspInit
                0x080002e8       0x90 CMakeFiles/PEC_2024.elf.dir/Core/Src/fdcan.c.obj
                0x080002e8                HAL_FDCAN_MspInit
 .text.MX_GPIO_Init
                0x08000378       0x44 CMakeFiles/PEC_2024.elf.dir/Core/Src/gpio.c.obj
                0x08000378                MX_GPIO_Init
 .text.Error_Handler
                0x080003bc        0x4 CMakeFiles/PEC_2024.elf.dir/Core/Src/main.c.obj
                0x080003bc                Error_Handler
 .text.SystemClock_Config
                0x080003c0       0x70 CMakeFiles/PEC_2024.elf.dir/Core/Src/main.c.obj
                0x080003c0                SystemClock_Config
 .text.main     0x08000430       0x34 CMakeFiles/PEC_2024.elf.dir/Core/Src/main.c.obj
                0x08000430                main
 .text.HAL_MspInit
                0x08000464       0x38 CMakeFiles/PEC_2024.elf.dir/Core/Src/stm32g4xx_hal_msp.c.obj
                0x08000464                HAL_MspInit
 .text.NMI_Handler
                0x0800049c        0x2 CMakeFiles/PEC_2024.elf.dir/Core/Src/stm32g4xx_it.c.obj
                0x0800049c                NMI_Handler
 .text.HardFault_Handler
                0x0800049e        0x2 CMakeFiles/PEC_2024.elf.dir/Core/Src/stm32g4xx_it.c.obj
                0x0800049e                HardFault_Handler
 .text.MemManage_Handler
                0x080004a0        0x2 CMakeFiles/PEC_2024.elf.dir/Core/Src/stm32g4xx_it.c.obj
                0x080004a0                MemManage_Handler
 .text.BusFault_Handler
                0x080004a2        0x2 CMakeFiles/PEC_2024.elf.dir/Core/Src/stm32g4xx_it.c.obj
                0x080004a2                BusFault_Handler
 .text.UsageFault_Handler
                0x080004a4        0x2 CMakeFiles/PEC_2024.elf.dir/Core/Src/stm32g4xx_it.c.obj
                0x080004a4                UsageFault_Handler
 .text.SVC_Handler
                0x080004a6        0x2 CMakeFiles/PEC_2024.elf.dir/Core/Src/stm32g4xx_it.c.obj
                0x080004a6                SVC_Handler
 .text.DebugMon_Handler
                0x080004a8        0x2 CMakeFiles/PEC_2024.elf.dir/Core/Src/stm32g4xx_it.c.obj
                0x080004a8                DebugMon_Handler
 .text.PendSV_Handler
                0x080004aa        0x2 CMakeFiles/PEC_2024.elf.dir/Core/Src/stm32g4xx_it.c.obj
                0x080004aa                PendSV_Handler
 .text.SysTick_Handler
                0x080004ac        0x8 CMakeFiles/PEC_2024.elf.dir/Core/Src/stm32g4xx_it.c.obj
                0x080004ac                SysTick_Handler
 .text.DMA1_Channel1_IRQHandler
                0x080004b4       0x10 CMakeFiles/PEC_2024.elf.dir/Core/Src/stm32g4xx_it.c.obj
                0x080004b4                DMA1_Channel1_IRQHandler
 .text.DMA1_Channel2_IRQHandler
                0x080004c4       0x10 CMakeFiles/PEC_2024.elf.dir/Core/Src/stm32g4xx_it.c.obj
                0x080004c4                DMA1_Channel2_IRQHandler
 .text.USART2_IRQHandler
                0x080004d4       0x10 CMakeFiles/PEC_2024.elf.dir/Core/Src/stm32g4xx_it.c.obj
                0x080004d4                USART2_IRQHandler
 .text.SystemInit
                0x080004e4        0x2 CMakeFiles/PEC_2024.elf.dir/Core/Src/system_stm32g4xx.c.obj
                0x080004e4                SystemInit
 *fill*         0x080004e6        0x2 
 .text.MX_USART1_UART_Init
                0x080004e8       0x68 CMakeFiles/PEC_2024.elf.dir/Core/Src/usart.c.obj
                0x080004e8                MX_USART1_UART_Init
 .text.MX_USART2_UART_Init
                0x08000550       0x68 CMakeFiles/PEC_2024.elf.dir/Core/Src/usart.c.obj
                0x08000550                MX_USART2_UART_Init
 .text.HAL_UART_MspInit
                0x080005b8      0x168 CMakeFiles/PEC_2024.elf.dir/Core/Src/usart.c.obj
                0x080005b8                HAL_UART_MspInit
 .text.Reset_Handler
                0x08000720       0x50 CMakeFiles/PEC_2024.elf.dir/Core/Startup/startup_stm32g474vetx.s.obj
                0x08000720                Reset_Handler
 .text.Default_Handler
                0x08000770        0x2 CMakeFiles/PEC_2024.elf.dir/Core/Startup/startup_stm32g474vetx.s.obj
                0x08000770                RTC_Alarm_IRQHandler
                0x08000770                EXTI2_IRQHandler
                0x08000770                TIM8_TRG_COM_IRQHandler
                0x08000770                TIM8_CC_IRQHandler
                0x08000770                HRTIM1_Master_IRQHandler
                0x08000770                SPI4_IRQHandler
                0x08000770                FDCAN3_IT0_IRQHandler
                0x08000770                TIM1_CC_IRQHandler
                0x08000770                HRTIM1_FLT_IRQHandler
                0x08000770                HRTIM1_TIMF_IRQHandler
                0x08000770                USB_HP_IRQHandler
                0x08000770                CORDIC_IRQHandler
                0x08000770                HRTIM1_TIMD_IRQHandler
                0x08000770                DMA2_Channel8_IRQHandler
                0x08000770                EXTI3_IRQHandler
                0x08000770                I2C3_ER_IRQHandler
                0x08000770                EXTI0_IRQHandler
                0x08000770                I2C2_EV_IRQHandler
                0x08000770                FPU_IRQHandler
                0x08000770                FDCAN1_IT1_IRQHandler
                0x08000770                TIM1_UP_TIM16_IRQHandler
                0x08000770                ADC1_2_IRQHandler
                0x08000770                HRTIM1_TIME_IRQHandler
                0x08000770                SPI1_IRQHandler
                0x08000770                TIM6_DAC_IRQHandler
                0x08000770                HRTIM1_TIMC_IRQHandler
                0x08000770                TIM8_UP_IRQHandler
                0x08000770                DMA2_Channel2_IRQHandler
                0x08000770                DMA1_Channel4_IRQHandler
                0x08000770                TIM20_TRG_COM_IRQHandler
                0x08000770                USART3_IRQHandler
                0x08000770                DMA1_Channel7_IRQHandler
                0x08000770                UART5_IRQHandler
                0x08000770                ADC3_IRQHandler
                0x08000770                TIM4_IRQHandler
                0x08000770                DMA2_Channel1_IRQHandler
                0x08000770                QUADSPI_IRQHandler
                0x08000770                I2C1_EV_IRQHandler
                0x08000770                DMA1_Channel6_IRQHandler
                0x08000770                UART4_IRQHandler
                0x08000770                DMA2_Channel4_IRQHandler
                0x08000770                TIM3_IRQHandler
                0x08000770                RCC_IRQHandler
                0x08000770                TIM20_UP_IRQHandler
                0x08000770                Default_Handler
                0x08000770                DMA2_Channel7_IRQHandler
                0x08000770                RTC_TAMP_LSECSS_IRQHandler
                0x08000770                FMAC_IRQHandler
                0x08000770                EXTI15_10_IRQHandler
                0x08000770                DMA1_Channel8_IRQHandler
                0x08000770                HRTIM1_TIMA_IRQHandler
                0x08000770                TIM7_DAC_IRQHandler
                0x08000770                FDCAN3_IT1_IRQHandler
                0x08000770                TIM5_IRQHandler
                0x08000770                UCPD1_IRQHandler
                0x08000770                I2C3_EV_IRQHandler
                0x08000770                EXTI9_5_IRQHandler
                0x08000770                RTC_WKUP_IRQHandler
                0x08000770                PVD_PVM_IRQHandler
                0x08000770                SPI2_IRQHandler
                0x08000770                ADC5_IRQHandler
                0x08000770                DMA2_Channel5_IRQHandler
                0x08000770                CRS_IRQHandler
                0x08000770                DMA1_Channel5_IRQHandler
                0x08000770                USB_LP_IRQHandler
                0x08000770                EXTI4_IRQHandler
                0x08000770                RNG_IRQHandler
                0x08000770                HRTIM1_TIMB_IRQHandler
                0x08000770                TIM1_TRG_COM_TIM17_IRQHandler
                0x08000770                FDCAN2_IT1_IRQHandler
                0x08000770                DMA1_Channel3_IRQHandler
                0x08000770                ADC4_IRQHandler
                0x08000770                WWDG_IRQHandler
                0x08000770                I2C4_EV_IRQHandler
                0x08000770                FDCAN2_IT0_IRQHandler
                0x08000770                LPUART1_IRQHandler
                0x08000770                DMA2_Channel6_IRQHandler
                0x08000770                FDCAN1_IT0_IRQHandler
                0x08000770                TIM2_IRQHandler
                0x08000770                COMP7_IRQHandler
                0x08000770                COMP1_2_3_IRQHandler
                0x08000770                EXTI1_IRQHandler
                0x08000770                COMP4_5_6_IRQHandler
                0x08000770                TIM20_BRK_IRQHandler
                0x08000770                I2C2_ER_IRQHandler
                0x08000770                TIM8_BRK_IRQHandler
                0x08000770                FLASH_IRQHandler
                0x08000770                TIM20_CC_IRQHandler
                0x08000770                USART1_IRQHandler
                0x08000770                SPI3_IRQHandler
                0x08000770                I2C1_ER_IRQHandler
                0x08000770                FMC_IRQHandler
                0x08000770                LPTIM1_IRQHandler
                0x08000770                DMAMUX_OVR_IRQHandler
                0x08000770                I2C4_ER_IRQHandler
                0x08000770                USBWakeUp_IRQHandler
                0x08000770                SAI1_IRQHandler
                0x08000770                DMA2_Channel3_IRQHandler
                0x08000770                TIM1_BRK_TIM15_IRQHandler
 *fill*         0x08000772        0x2 
 .text.HAL_InitTick
                0x08000774       0x50 CMakeFiles/PEC_2024.elf.dir/Drivers/STM32G4xx_HAL_Driver/Src/stm32g4xx_hal.c.obj
                0x08000774                HAL_InitTick
 .text.HAL_Init
                0x080007c4       0x1e CMakeFiles/PEC_2024.elf.dir/Drivers/STM32G4xx_HAL_Driver/Src/stm32g4xx_hal.c.obj
                0x080007c4                HAL_Init
 *fill*         0x080007e2        0x2 
 .text.HAL_IncTick
                0x080007e4       0x18 CMakeFiles/PEC_2024.elf.dir/Drivers/STM32G4xx_HAL_Driver/Src/stm32g4xx_hal.c.obj
                0x080007e4                HAL_IncTick
 .text.HAL_GetTick
                0x080007fc        0xc CMakeFiles/PEC_2024.elf.dir/Drivers/STM32G4xx_HAL_Driver/Src/stm32g4xx_hal.c.obj
                0x080007fc                HAL_GetTick
 .text.__NVIC_EnableIRQ
                0x08000808       0x1c CMakeFiles/PEC_2024.elf.dir/Drivers/STM32G4xx_HAL_Driver/Src/stm32g4xx_hal_cortex.c.obj
 .text.__NVIC_SetPriority
                0x08000824       0x28 CMakeFiles/PEC_2024.elf.dir/Drivers/STM32G4xx_HAL_Driver/Src/stm32g4xx_hal_cortex.c.obj
 .text.NVIC_EncodePriority
                0x0800084c       0x3e CMakeFiles/PEC_2024.elf.dir/Drivers/STM32G4xx_HAL_Driver/Src/stm32g4xx_hal_cortex.c.obj
 *fill*         0x0800088a        0x2 
 .text.HAL_NVIC_SetPriorityGrouping
                0x0800088c       0x24 CMakeFiles/PEC_2024.elf.dir/Drivers/STM32G4xx_HAL_Driver/Src/stm32g4xx_hal_cortex.c.obj
                0x0800088c                HAL_NVIC_SetPriorityGrouping
 .text.HAL_NVIC_SetPriority
                0x080008b0       0x20 CMakeFiles/PEC_2024.elf.dir/Drivers/STM32G4xx_HAL_Driver/Src/stm32g4xx_hal_cortex.c.obj
                0x080008b0                HAL_NVIC_SetPriority
 .text.HAL_NVIC_EnableIRQ
                0x080008d0        0x8 CMakeFiles/PEC_2024.elf.dir/Drivers/STM32G4xx_HAL_Driver/Src/stm32g4xx_hal_cortex.c.obj
                0x080008d0                HAL_NVIC_EnableIRQ
 .text.HAL_SYSTICK_Config
                0x080008d8       0x28 CMakeFiles/PEC_2024.elf.dir/Drivers/STM32G4xx_HAL_Driver/Src/stm32g4xx_hal_cortex.c.obj
                0x080008d8                HAL_SYSTICK_Config
 .text.DMA_SetConfig
                0x08000900       0x4e CMakeFiles/PEC_2024.elf.dir/Drivers/STM32G4xx_HAL_Driver/Src/stm32g4xx_hal_dma.c.obj
 *fill*         0x0800094e        0x2 
 .text.DMA_CalcDMAMUXChannelBaseAndMask
                0x08000950       0x48 CMakeFiles/PEC_2024.elf.dir/Drivers/STM32G4xx_HAL_Driver/Src/stm32g4xx_hal_dma.c.obj
 .text.DMA_CalcDMAMUXRequestGenBaseAndMask
                0x08000998       0x28 CMakeFiles/PEC_2024.elf.dir/Drivers/STM32G4xx_HAL_Driver/Src/stm32g4xx_hal_dma.c.obj
 .text.HAL_DMA_Init
                0x080009c0       0xd4 CMakeFiles/PEC_2024.elf.dir/Drivers/STM32G4xx_HAL_Driver/Src/stm32g4xx_hal_dma.c.obj
                0x080009c0                HAL_DMA_Init
 .text.HAL_DMA_Start_IT
                0x08000a94       0x94 CMakeFiles/PEC_2024.elf.dir/Drivers/STM32G4xx_HAL_Driver/Src/stm32g4xx_hal_dma.c.obj
                0x08000a94                HAL_DMA_Start_IT
 .text.HAL_DMA_Abort
                0x08000b28       0x6c CMakeFiles/PEC_2024.elf.dir/Drivers/STM32G4xx_HAL_Driver/Src/stm32g4xx_hal_dma.c.obj
                0x08000b28                HAL_DMA_Abort
 .text.HAL_DMA_Abort_IT
                0x08000b94       0x7e CMakeFiles/PEC_2024.elf.dir/Drivers/STM32G4xx_HAL_Driver/Src/stm32g4xx_hal_dma.c.obj
                0x08000b94                HAL_DMA_Abort_IT
 .text.HAL_DMA_IRQHandler
                0x08000c12       0xc4 CMakeFiles/PEC_2024.elf.dir/Drivers/STM32G4xx_HAL_Driver/Src/stm32g4xx_hal_dma.c.obj
                0x08000c12                HAL_DMA_IRQHandler
 *fill*         0x08000cd6        0x2 
 .text.FDCAN_CalcultateRamBlockAddresses
                0x08000cd8       0x88 CMakeFiles/PEC_2024.elf.dir/Drivers/STM32G4xx_HAL_Driver/Src/stm32g4xx_hal_fdcan.c.obj
 .text.HAL_FDCAN_Init
                0x08000d60      0x1d4 CMakeFiles/PEC_2024.elf.dir/Drivers/STM32G4xx_HAL_Driver/Src/stm32g4xx_hal_fdcan.c.obj
                0x08000d60                HAL_FDCAN_Init
 .text.HAL_GPIO_Init
                0x08000f34      0x1dc CMakeFiles/PEC_2024.elf.dir/Drivers/STM32G4xx_HAL_Driver/Src/stm32g4xx_hal_gpio.c.obj
                0x08000f34                HAL_GPIO_Init
 .text.HAL_PWREx_ControlVoltageScaling
                0x08001110      0x10c CMakeFiles/PEC_2024.elf.dir/Drivers/STM32G4xx_HAL_Driver/Src/stm32g4xx_hal_pwr_ex.c.obj
                0x08001110                HAL_PWREx_ControlVoltageScaling
 .text.HAL_PWREx_DisableUCPDDeadBattery
                0x0800121c       0x10 CMakeFiles/PEC_2024.elf.dir/Drivers/STM32G4xx_HAL_Driver/Src/stm32g4xx_hal_pwr_ex.c.obj
                0x0800121c                HAL_PWREx_DisableUCPDDeadBattery
 .text.RCC_GetSysClockFreqFromPLLSource
                0x0800122c       0x58 CMakeFiles/PEC_2024.elf.dir/Drivers/STM32G4xx_HAL_Driver/Src/stm32g4xx_hal_rcc.c.obj
 .text.HAL_RCC_OscConfig
                0x08001284      0x4e4 CMakeFiles/PEC_2024.elf.dir/Drivers/STM32G4xx_HAL_Driver/Src/stm32g4xx_hal_rcc.c.obj
                0x08001284                HAL_RCC_OscConfig
 .text.HAL_RCC_GetSysClockFreq
                0x08001768       0x88 CMakeFiles/PEC_2024.elf.dir/Drivers/STM32G4xx_HAL_Driver/Src/stm32g4xx_hal_rcc.c.obj
                0x08001768                HAL_RCC_GetSysClockFreq
 .text.HAL_RCC_ClockConfig
                0x080017f0      0x1f8 CMakeFiles/PEC_2024.elf.dir/Drivers/STM32G4xx_HAL_Driver/Src/stm32g4xx_hal_rcc.c.obj
                0x080017f0                HAL_RCC_ClockConfig
 .text.HAL_RCC_GetHCLKFreq
                0x080019e8        0xc CMakeFiles/PEC_2024.elf.dir/Drivers/STM32G4xx_HAL_Driver/Src/stm32g4xx_hal_rcc.c.obj
                0x080019e8                HAL_RCC_GetHCLKFreq
 .text.HAL_RCC_GetPCLK1Freq
                0x080019f4       0x24 CMakeFiles/PEC_2024.elf.dir/Drivers/STM32G4xx_HAL_Driver/Src/stm32g4xx_hal_rcc.c.obj
                0x080019f4                HAL_RCC_GetPCLK1Freq
 .text.HAL_RCC_GetPCLK2Freq
                0x08001a18       0x24 CMakeFiles/PEC_2024.elf.dir/Drivers/STM32G4xx_HAL_Driver/Src/stm32g4xx_hal_rcc.c.obj
                0x08001a18                HAL_RCC_GetPCLK2Freq
 .text.HAL_RCCEx_PeriphCLKConfig
                0x08001a3c      0x378 CMakeFiles/PEC_2024.elf.dir/Drivers/STM32G4xx_HAL_Driver/Src/stm32g4xx_hal_rcc_ex.c.obj
                0x08001a3c                HAL_RCCEx_PeriphCLKConfig
 .text.UART_EndTxTransfer
                0x08001db4       0x32 CMakeFiles/PEC_2024.elf.dir/Drivers/STM32G4xx_HAL_Driver/Src/stm32g4xx_hal_uart.c.obj
 .text.UART_EndRxTransfer
                0x08001de6       0x56 CMakeFiles/PEC_2024.elf.dir/Drivers/STM32G4xx_HAL_Driver/Src/stm32g4xx_hal_uart.c.obj
 .text.HAL_UART_TxCpltCallback
                0x08001e3c        0x2 CMakeFiles/PEC_2024.elf.dir/Drivers/STM32G4xx_HAL_Driver/Src/stm32g4xx_hal_uart.c.obj
                0x08001e3c                HAL_UART_TxCpltCallback
 .text.UART_EndTransmit_IT
                0x08001e3e       0x24 CMakeFiles/PEC_2024.elf.dir/Drivers/STM32G4xx_HAL_Driver/Src/stm32g4xx_hal_uart.c.obj
 .text.HAL_UART_RxCpltCallback
                0x08001e62        0x2 CMakeFiles/PEC_2024.elf.dir/Drivers/STM32G4xx_HAL_Driver/Src/stm32g4xx_hal_uart.c.obj
                0x08001e62                HAL_UART_RxCpltCallback
 .text.HAL_UART_RxHalfCpltCallback
                0x08001e64        0x2 CMakeFiles/PEC_2024.elf.dir/Drivers/STM32G4xx_HAL_Driver/Src/stm32g4xx_hal_uart.c.obj
                0x08001e64                HAL_UART_RxHalfCpltCallback
 .text.HAL_UART_ErrorCallback
                0x08001e66        0x2 CMakeFiles/PEC_2024.elf.dir/Drivers/STM32G4xx_HAL_Driver/Src/stm32g4xx_hal_uart.c.obj
                0x08001e66                HAL_UART_ErrorCallback
 .text.UART_DMAError
                0x08001e68       0x58 CMakeFiles/PEC_2024.elf.dir/Drivers/STM32G4xx_HAL_Driver/Src/stm32g4xx_hal_uart.c.obj
 .text.UART_DMAAbortOnError
                0x08001ec0       0x14 CMakeFiles/PEC_2024.elf.dir/Drivers/STM32G4xx_HAL_Driver/Src/stm32g4xx_hal_uart.c.obj
 .text.HAL_UARTEx_RxEventCallback
                0x08001ed4        0x2 CMakeFiles/PEC_2024.elf.dir/Drivers/STM32G4xx_HAL_Driver/Src/stm32g4xx_hal_uart.c.obj
                0x08001ed4                HAL_UARTEx_RxEventCallback
 *fill*         0x08001ed6        0x2 
 .text.HAL_UART_IRQHandler
                0x08001ed8      0x360 CMakeFiles/PEC_2024.elf.dir/Drivers/STM32G4xx_HAL_Driver/Src/stm32g4xx_hal_uart.c.obj
                0x08001ed8                HAL_UART_IRQHandler
 .text.UART_DMARxHalfCplt
                0x08002238       0x20 CMakeFiles/PEC_2024.elf.dir/Drivers/STM32G4xx_HAL_Driver/Src/stm32g4xx_hal_uart.c.obj
 .text.UART_DMAReceiveCplt
                0x08002258       0x92 CMakeFiles/PEC_2024.elf.dir/Drivers/STM32G4xx_HAL_Driver/Src/stm32g4xx_hal_uart.c.obj
 *fill*         0x080022ea        0x2 
 .text.UART_SetConfig
                0x080022ec      0x388 CMakeFiles/PEC_2024.elf.dir/Drivers/STM32G4xx_HAL_Driver/Src/stm32g4xx_hal_uart.c.obj
                0x080022ec                UART_SetConfig
 .text.UART_AdvFeatureConfig
                0x08002674       0xca CMakeFiles/PEC_2024.elf.dir/Drivers/STM32G4xx_HAL_Driver/Src/stm32g4xx_hal_uart.c.obj
                0x08002674                UART_AdvFeatureConfig
 .text.UART_WaitOnFlagUntilTimeout
                0x0800273e       0x9e CMakeFiles/PEC_2024.elf.dir/Drivers/STM32G4xx_HAL_Driver/Src/stm32g4xx_hal_uart.c.obj
                0x0800273e                UART_WaitOnFlagUntilTimeout
 .text.UART_CheckIdleState
                0x080027dc       0xca CMakeFiles/PEC_2024.elf.dir/Drivers/STM32G4xx_HAL_Driver/Src/stm32g4xx_hal_uart.c.obj
                0x080027dc                UART_CheckIdleState
 .text.HAL_UART_Init
                0x080028a6       0x66 CMakeFiles/PEC_2024.elf.dir/Drivers/STM32G4xx_HAL_Driver/Src/stm32g4xx_hal_uart.c.obj
                0x080028a6                HAL_UART_Init
 .text.UART_Start_Receive_DMA
                0x0800290c       0xb0 CMakeFiles/PEC_2024.elf.dir/Drivers/STM32G4xx_HAL_Driver/Src/stm32g4xx_hal_uart.c.obj
                0x0800290c                UART_Start_Receive_DMA
 .text.HAL_UART_Receive_DMA
                0x080029bc       0x4c CMakeFiles/PEC_2024.elf.dir/Drivers/STM32G4xx_HAL_Driver/Src/stm32g4xx_hal_uart.c.obj
                0x080029bc                HAL_UART_Receive_DMA
 .text.UARTEx_SetNbDataToProcess
                0x08002a08       0x4c CMakeFiles/PEC_2024.elf.dir/Drivers/STM32G4xx_HAL_Driver/Src/stm32g4xx_hal_uart_ex.c.obj
 .text.HAL_UARTEx_WakeupCallback
                0x08002a54        0x2 CMakeFiles/PEC_2024.elf.dir/Drivers/STM32G4xx_HAL_Driver/Src/stm32g4xx_hal_uart_ex.c.obj
                0x08002a54                HAL_UARTEx_WakeupCallback
 .text.HAL_UARTEx_RxFifoFullCallback
                0x08002a56        0x2 CMakeFiles/PEC_2024.elf.dir/Drivers/STM32G4xx_HAL_Driver/Src/stm32g4xx_hal_uart_ex.c.obj
                0x08002a56                HAL_UARTEx_RxFifoFullCallback
 .text.HAL_UARTEx_TxFifoEmptyCallback
                0x08002a58        0x2 CMakeFiles/PEC_2024.elf.dir/Drivers/STM32G4xx_HAL_Driver/Src/stm32g4xx_hal_uart_ex.c.obj
                0x08002a58                HAL_UARTEx_TxFifoEmptyCallback
 .text.HAL_UARTEx_DisableFifoMode
                0x08002a5a       0x3e CMakeFiles/PEC_2024.elf.dir/Drivers/STM32G4xx_HAL_Driver/Src/stm32g4xx_hal_uart_ex.c.obj
                0x08002a5a                HAL_UARTEx_DisableFifoMode
 .text.HAL_UARTEx_SetTxFifoThreshold
                0x08002a98       0x4a CMakeFiles/PEC_2024.elf.dir/Drivers/STM32G4xx_HAL_Driver/Src/stm32g4xx_hal_uart_ex.c.obj
                0x08002a98                HAL_UARTEx_SetTxFifoThreshold
 .text.HAL_UARTEx_SetRxFifoThreshold
                0x08002ae2       0x4a CMakeFiles/PEC_2024.elf.dir/Drivers/STM32G4xx_HAL_Driver/Src/stm32g4xx_hal_uart_ex.c.obj
                0x08002ae2                HAL_UARTEx_SetRxFifoThreshold
 .text.__udivmoddi4
                0x08002b2c      0x2bc D:/GNU_Arm_Embedded_GCC/xpack-arm-none-eabi-gcc-13.2.1-1.1/bin/../lib/gcc/arm-none-eabi/13.2.1/thumb/v7e-m/nofp\libgcc.a(_udivmoddi4.o)
                0x08002b2c                __udivmoddi4
 .text.atexit   0x08002de8        0xc D:/GNU_Arm_Embedded_GCC/xpack-arm-none-eabi-gcc-13.2.1-1.1/bin/../lib/gcc/arm-none-eabi/13.2.1/../../../../arm-none-eabi/lib/thumb/v7e-m/nofp\libg.a(libc_a-atexit.o)
                0x08002de8                atexit
 .text.memset   0x08002df4       0xa4 D:/GNU_Arm_Embedded_GCC/xpack-arm-none-eabi-gcc-13.2.1-1.1/bin/../lib/gcc/arm-none-eabi/13.2.1/../../../../arm-none-eabi/lib/thumb/v7e-m/nofp\libg.a(libc_a-memset.o)
                0x08002df4                memset
 .text.__libc_init_array
                0x08002e98       0x50 D:/GNU_Arm_Embedded_GCC/xpack-arm-none-eabi-gcc-13.2.1-1.1/bin/../lib/gcc/arm-none-eabi/13.2.1/../../../../arm-none-eabi/lib/thumb/v7e-m/nofp\libg.a(libc_a-init.o)
                0x08002e98                __libc_init_array
 .text.__libc_fini_array
                0x08002ee8       0x28 D:/GNU_Arm_Embedded_GCC/xpack-arm-none-eabi-gcc-13.2.1-1.1/bin/../lib/gcc/arm-none-eabi/13.2.1/../../../../arm-none-eabi/lib/thumb/v7e-m/nofp\libg.a(libc_a-fini.o)
                0x08002ee8                __libc_fini_array
 .text.__retarget_lock_acquire_recursive
                0x08002f10        0x4 D:/GNU_Arm_Embedded_GCC/xpack-arm-none-eabi-gcc-13.2.1-1.1/bin/../lib/gcc/arm-none-eabi/13.2.1/../../../../arm-none-eabi/lib/thumb/v7e-m/nofp\libg.a(libc_a-lock.o)
                0x08002f10                __retarget_lock_acquire_recursive
 .text.__retarget_lock_release_recursive
                0x08002f14        0x4 D:/GNU_Arm_Embedded_GCC/xpack-arm-none-eabi-gcc-13.2.1-1.1/bin/../lib/gcc/arm-none-eabi/13.2.1/../../../../arm-none-eabi/lib/thumb/v7e-m/nofp\libg.a(libc_a-lock.o)
                0x08002f14                __retarget_lock_release_recursive
 .text.__register_exitproc
                0x08002f18       0x80 D:/GNU_Arm_Embedded_GCC/xpack-arm-none-eabi-gcc-13.2.1-1.1/bin/../lib/gcc/arm-none-eabi/13.2.1/../../../../arm-none-eabi/lib/thumb/v7e-m/nofp\libg.a(libc_a-__atexit.o)
                0x08002f18                __register_exitproc
 .text.startup.register_fini
                0x08002f98       0x14 D:/GNU_Arm_Embedded_GCC/xpack-arm-none-eabi-gcc-13.2.1-1.1/bin/../lib/gcc/arm-none-eabi/13.2.1/../../../../arm-none-eabi/lib/thumb/v7e-m/nofp\libg.a(libc_a-__call_atexit.o)
 *(.glue_7)
 .glue_7        0x08002fac        0x0 linker stubs
 *(.glue_7t)
 .glue_7t       0x08002fac        0x0 linker stubs
 *(.eh_frame)
 .eh_frame      0x08002fac        0x0 D:/GNU_Arm_Embedded_GCC/xpack-arm-none-eabi-gcc-13.2.1-1.1/bin/../lib/gcc/arm-none-eabi/13.2.1/thumb/v7e-m/nofp/crtbegin.o
 *(.init)
 .init          0x08002fac        0x4 D:/GNU_Arm_Embedded_GCC/xpack-arm-none-eabi-gcc-13.2.1-1.1/bin/../lib/gcc/arm-none-eabi/13.2.1/thumb/v7e-m/nofp/crti.o
                0x08002fac                _init
 .init          0x08002fb0        0x8 D:/GNU_Arm_Embedded_GCC/xpack-arm-none-eabi-gcc-13.2.1-1.1/bin/../lib/gcc/arm-none-eabi/13.2.1/thumb/v7e-m/nofp/crtn.o
 *(.fini)
 .fini          0x08002fb8        0x4 D:/GNU_Arm_Embedded_GCC/xpack-arm-none-eabi-gcc-13.2.1-1.1/bin/../lib/gcc/arm-none-eabi/13.2.1/thumb/v7e-m/nofp/crti.o
                0x08002fb8                _fini
 .fini          0x08002fbc        0x8 D:/GNU_Arm_Embedded_GCC/xpack-arm-none-eabi-gcc-13.2.1-1.1/bin/../lib/gcc/arm-none-eabi/13.2.1/thumb/v7e-m/nofp/crtn.o
                0x08002fc4                        . = ALIGN (0x4)
                0x08002fc4                        _etext = .

.vfp11_veneer   0x08002fc4        0x0
 .vfp11_veneer  0x08002fc4        0x0 linker stubs

.v4_bx          0x08002fc4        0x0
 .v4_bx         0x08002fc4        0x0 linker stubs

.iplt           0x08002fc4        0x0
 .iplt          0x08002fc4        0x0 D:/GNU_Arm_Embedded_GCC/xpack-arm-none-eabi-gcc-13.2.1-1.1/bin/../lib/gcc/arm-none-eabi/13.2.1/thumb/v7e-m/nofp/crtbegin.o

.rodata         0x08002fc4       0x40
                0x08002fc4                        . = ALIGN (0x4)
 *(.rodata)
 *(.rodata*)
 .rodata.APBPrescTable
                0x08002fc4        0x8 CMakeFiles/PEC_2024.elf.dir/Core/Src/system_stm32g4xx.c.obj
                0x08002fc4                APBPrescTable
 .rodata.AHBPrescTable
                0x08002fcc       0x10 CMakeFiles/PEC_2024.elf.dir/Core/Src/system_stm32g4xx.c.obj
                0x08002fcc                AHBPrescTable
 .rodata.UARTPrescTable
                0x08002fdc       0x18 CMakeFiles/PEC_2024.elf.dir/Drivers/STM32G4xx_HAL_Driver/Src/stm32g4xx_hal_uart.c.obj
                0x08002fdc                UARTPrescTable
 .rodata.denominator.0
                0x08002ff4        0x8 CMakeFiles/PEC_2024.elf.dir/Drivers/STM32G4xx_HAL_Driver/Src/stm32g4xx_hal_uart_ex.c.obj
 .rodata.numerator.1
                0x08002ffc        0x8 CMakeFiles/PEC_2024.elf.dir/Drivers/STM32G4xx_HAL_Driver/Src/stm32g4xx_hal_uart_ex.c.obj
                0x08003004                        . = ALIGN (0x4)

.ARM.extab      0x08003004        0x0
                0x08003004                        . = ALIGN (0x4)
 *(.ARM.extab* .gnu.linkonce.armextab.*)
                0x08003004                        . = ALIGN (0x4)

.ARM            0x08003004        0x8
                0x08003004                        . = ALIGN (0x4)
                0x08003004                        __exidx_start = .
 *(.ARM.exidx*)
 .ARM.exidx.text.__udivmoddi4
                0x08003004        0x8 D:/GNU_Arm_Embedded_GCC/xpack-arm-none-eabi-gcc-13.2.1-1.1/bin/../lib/gcc/arm-none-eabi/13.2.1/thumb/v7e-m/nofp\libgcc.a(_udivmoddi4.o)
                0x0800300c                        __exidx_end = .
                0x0800300c                        . = ALIGN (0x4)

.preinit_array  0x0800300c        0x0
                0x0800300c                        . = ALIGN (0x4)
                0x0800300c                        PROVIDE (__preinit_array_start = .)
 *(.preinit_array*)
                0x0800300c                        PROVIDE (__preinit_array_end = .)
                0x0800300c                        . = ALIGN (0x4)

.init_array     0x0800300c        0x8
                0x0800300c                        . = ALIGN (0x4)
                0x0800300c                        PROVIDE (__init_array_start = .)
 *(SORT_BY_NAME(.init_array.*))
 .init_array.00000
                0x0800300c        0x4 D:/GNU_Arm_Embedded_GCC/xpack-arm-none-eabi-gcc-13.2.1-1.1/bin/../lib/gcc/arm-none-eabi/13.2.1/../../../../arm-none-eabi/lib/thumb/v7e-m/nofp\libg.a(libc_a-__call_atexit.o)
 *(.init_array*)
 .init_array    0x08003010        0x4 D:/GNU_Arm_Embedded_GCC/xpack-arm-none-eabi-gcc-13.2.1-1.1/bin/../lib/gcc/arm-none-eabi/13.2.1/thumb/v7e-m/nofp/crtbegin.o
                0x08003014                        PROVIDE (__init_array_end = .)
                0x08003014                        . = ALIGN (0x4)

.fini_array     0x08003014        0x4
                0x08003014                        . = ALIGN (0x4)
                0x08003014                        PROVIDE (__fini_array_start = .)
 *(SORT_BY_NAME(.fini_array.*))
 *(.fini_array*)
 .fini_array    0x08003014        0x4 D:/GNU_Arm_Embedded_GCC/xpack-arm-none-eabi-gcc-13.2.1-1.1/bin/../lib/gcc/arm-none-eabi/13.2.1/thumb/v7e-m/nofp/crtbegin.o
                0x08003018                        PROVIDE (__fini_array_end = .)
                0x08003018                        . = ALIGN (0x4)
                0x08003018                        _sidata = LOADADDR (.data)

.rel.dyn        0x08003018        0x0
 .rel.iplt      0x08003018        0x0 D:/GNU_Arm_Embedded_GCC/xpack-arm-none-eabi-gcc-13.2.1-1.1/bin/../lib/gcc/arm-none-eabi/13.2.1/thumb/v7e-m/nofp/crtbegin.o

.data           0x20000000       0x10 load address 0x08003018
                0x20000000                        . = ALIGN (0x4)
                0x20000000                        _sdata = .
 *(.data)
 *(.data*)
 .data.SystemCoreClock
                0x20000000        0x4 CMakeFiles/PEC_2024.elf.dir/Core/Src/system_stm32g4xx.c.obj
                0x20000000                SystemCoreClock
 .data.uwTickFreq
                0x20000004        0x4 CMakeFiles/PEC_2024.elf.dir/Drivers/STM32G4xx_HAL_Driver/Src/stm32g4xx_hal.c.obj
                0x20000004                uwTickFreq
 .data.uwTickPrio
                0x20000008        0x4 CMakeFiles/PEC_2024.elf.dir/Drivers/STM32G4xx_HAL_Driver/Src/stm32g4xx_hal.c.obj
                0x20000008                uwTickPrio
 .data.__atexit_recursive_mutex
                0x2000000c        0x4 D:/GNU_Arm_Embedded_GCC/xpack-arm-none-eabi-gcc-13.2.1-1.1/bin/../lib/gcc/arm-none-eabi/13.2.1/../../../../arm-none-eabi/lib/thumb/v7e-m/nofp\libg.a(libc_a-__call_atexit.o)
                0x2000000c                __atexit_recursive_mutex
 *(.RamFunc)
 *(.RamFunc*)
                0x20000010                        . = ALIGN (0x4)
                0x20000010                        _edata = .

.igot.plt       0x20000010        0x0 load address 0x08003028
 .igot.plt      0x20000010        0x0 D:/GNU_Arm_Embedded_GCC/xpack-arm-none-eabi-gcc-13.2.1-1.1/bin/../lib/gcc/arm-none-eabi/13.2.1/thumb/v7e-m/nofp/crtbegin.o
                0x20000010                        . = ALIGN (0x4)

.bss            0x20000010      0x410 load address 0x08003028
                0x20000010                        _sbss = .
                0x20000010                        __bss_start__ = _sbss
 *(.bss)
 *(.bss*)
 .bss.completed.1
                0x20000010        0x1 D:/GNU_Arm_Embedded_GCC/xpack-arm-none-eabi-gcc-13.2.1-1.1/bin/../lib/gcc/arm-none-eabi/13.2.1/thumb/v7e-m/nofp/crtbegin.o
 *fill*         0x20000011        0x3 
 .bss.object.0  0x20000014       0x18 D:/GNU_Arm_Embedded_GCC/xpack-arm-none-eabi-gcc-13.2.1-1.1/bin/../lib/gcc/arm-none-eabi/13.2.1/thumb/v7e-m/nofp/crtbegin.o
 .bss.hfdcan1   0x2000002c       0x64 CMakeFiles/PEC_2024.elf.dir/Core/Src/fdcan.c.obj
                0x2000002c                hfdcan1
 .bss.hdma_usart2_tx
                0x20000090       0x60 CMakeFiles/PEC_2024.elf.dir/Core/Src/usart.c.obj
                0x20000090                hdma_usart2_tx
 .bss.hdma_usart2_rx
                0x200000f0       0x60 CMakeFiles/PEC_2024.elf.dir/Core/Src/usart.c.obj
                0x200000f0                hdma_usart2_rx
 .bss.huart2    0x20000150       0x94 CMakeFiles/PEC_2024.elf.dir/Core/Src/usart.c.obj
                0x20000150                huart2
 .bss.huart1    0x200001e4       0x94 CMakeFiles/PEC_2024.elf.dir/Core/Src/usart.c.obj
                0x200001e4                huart1
 .bss.uwTick    0x20000278        0x4 CMakeFiles/PEC_2024.elf.dir/Drivers/STM32G4xx_HAL_Driver/Src/stm32g4xx_hal.c.obj
                0x20000278                uwTick
 .bss.vision_buffer
                0x2000027c        0xa CMakeFiles/PEC_2024.elf.dir/User/Device/Vision.c.obj
                0x2000027c                vision_buffer
 *fill*         0x20000286        0x2 
 .bss.__lock___atexit_recursive_mutex
                0x20000288        0x1 D:/GNU_Arm_Embedded_GCC/xpack-arm-none-eabi-gcc-13.2.1-1.1/bin/../lib/gcc/arm-none-eabi/13.2.1/../../../../arm-none-eabi/lib/thumb/v7e-m/nofp\libg.a(libc_a-lock.o)
                0x20000288                __lock___atexit_recursive_mutex
 *fill*         0x20000289        0x3 
 .bss.__atexit0
                0x2000028c      0x190 D:/GNU_Arm_Embedded_GCC/xpack-arm-none-eabi-gcc-13.2.1-1.1/bin/../lib/gcc/arm-none-eabi/13.2.1/../../../../arm-none-eabi/lib/thumb/v7e-m/nofp\libg.a(libc_a-__atexit.o)
                0x2000028c                __atexit0
 .bss.__atexit  0x2000041c        0x4 D:/GNU_Arm_Embedded_GCC/xpack-arm-none-eabi-gcc-13.2.1-1.1/bin/../lib/gcc/arm-none-eabi/13.2.1/../../../../arm-none-eabi/lib/thumb/v7e-m/nofp\libg.a(libc_a-__call_atexit.o)
                0x2000041c                __atexit
 *(COMMON)
                0x20000420                        . = ALIGN (0x4)
                0x20000420                        _ebss = .
                0x20000420                        __bss_end__ = _ebss

._user_heap_stack
                0x20000420      0x600 load address 0x08003028
                0x20000420                        . = ALIGN (0x8)
                [!provide]                        PROVIDE (end = .)
                0x20000420                        PROVIDE (_end = .)
                0x20000620                        . = (. + _Min_Heap_Size)
 *fill*         0x20000420      0x200 
                0x20000a20                        . = (. + _Min_Stack_Size)
 *fill*         0x20000620      0x400 
                0x20000a20                        . = ALIGN (0x8)

/DISCARD/
 libc.a(*)
 libm.a(*)
 libgcc.a(*)

.ARM.attributes
                0x00000000       0x2a
 *(.ARM.attributes)
 .ARM.attributes
                0x00000000       0x1e D:/GNU_Arm_Embedded_GCC/xpack-arm-none-eabi-gcc-13.2.1-1.1/bin/../lib/gcc/arm-none-eabi/13.2.1/thumb/v7e-m/nofp/crti.o
 .ARM.attributes
                0x0000001e       0x2e D:/GNU_Arm_Embedded_GCC/xpack-arm-none-eabi-gcc-13.2.1-1.1/bin/../lib/gcc/arm-none-eabi/13.2.1/thumb/v7e-m/nofp/crtbegin.o
 .ARM.attributes
                0x0000004c       0x2e CMakeFiles/PEC_2024.elf.dir/Core/Src/dma.c.obj
 .ARM.attributes
                0x0000007a       0x2e CMakeFiles/PEC_2024.elf.dir/Core/Src/fdcan.c.obj
 .ARM.attributes
                0x000000a8       0x2e CMakeFiles/PEC_2024.elf.dir/Core/Src/gpio.c.obj
 .ARM.attributes
                0x000000d6       0x2e CMakeFiles/PEC_2024.elf.dir/Core/Src/main.c.obj
 .ARM.attributes
                0x00000104       0x2e CMakeFiles/PEC_2024.elf.dir/Core/Src/stm32g4xx_hal_msp.c.obj
 .ARM.attributes
                0x00000132       0x2e CMakeFiles/PEC_2024.elf.dir/Core/Src/stm32g4xx_it.c.obj
 .ARM.attributes
                0x00000160       0x2e CMakeFiles/PEC_2024.elf.dir/Core/Src/system_stm32g4xx.c.obj
 .ARM.attributes
                0x0000018e       0x2e CMakeFiles/PEC_2024.elf.dir/Core/Src/usart.c.obj
 .ARM.attributes
                0x000001bc       0x21 CMakeFiles/PEC_2024.elf.dir/Core/Startup/startup_stm32g474vetx.s.obj
 .ARM.attributes
                0x000001dd       0x2e CMakeFiles/PEC_2024.elf.dir/Drivers/STM32G4xx_HAL_Driver/Src/stm32g4xx_hal.c.obj
 .ARM.attributes
                0x0000020b       0x2e CMakeFiles/PEC_2024.elf.dir/Drivers/STM32G4xx_HAL_Driver/Src/stm32g4xx_hal_cortex.c.obj
 .ARM.attributes
                0x00000239       0x2e CMakeFiles/PEC_2024.elf.dir/Drivers/STM32G4xx_HAL_Driver/Src/stm32g4xx_hal_dma.c.obj
 .ARM.attributes
                0x00000267       0x2e CMakeFiles/PEC_2024.elf.dir/Drivers/STM32G4xx_HAL_Driver/Src/stm32g4xx_hal_fdcan.c.obj
 .ARM.attributes
                0x00000295       0x2e CMakeFiles/PEC_2024.elf.dir/Drivers/STM32G4xx_HAL_Driver/Src/stm32g4xx_hal_gpio.c.obj
 .ARM.attributes
                0x000002c3       0x2e CMakeFiles/PEC_2024.elf.dir/Drivers/STM32G4xx_HAL_Driver/Src/stm32g4xx_hal_pwr_ex.c.obj
 .ARM.attributes
                0x000002f1       0x2e CMakeFiles/PEC_2024.elf.dir/Drivers/STM32G4xx_HAL_Driver/Src/stm32g4xx_hal_rcc.c.obj
 .ARM.attributes
                0x0000031f       0x2e CMakeFiles/PEC_2024.elf.dir/Drivers/STM32G4xx_HAL_Driver/Src/stm32g4xx_hal_rcc_ex.c.obj
 .ARM.attributes
                0x0000034d       0x2e CMakeFiles/PEC_2024.elf.dir/Drivers/STM32G4xx_HAL_Driver/Src/stm32g4xx_hal_uart.c.obj
 .ARM.attributes
                0x0000037b       0x2e CMakeFiles/PEC_2024.elf.dir/Drivers/STM32G4xx_HAL_Driver/Src/stm32g4xx_hal_uart_ex.c.obj
 .ARM.attributes
                0x000003a9       0x2e CMakeFiles/PEC_2024.elf.dir/User/Device/Vision.c.obj
 .ARM.attributes
                0x000003d7       0x1e D:/GNU_Arm_Embedded_GCC/xpack-arm-none-eabi-gcc-13.2.1-1.1/bin/../lib/gcc/arm-none-eabi/13.2.1/thumb/v7e-m/nofp\libgcc.a(_aeabi_uldivmod.o)
 .ARM.attributes
                0x000003f5       0x2e D:/GNU_Arm_Embedded_GCC/xpack-arm-none-eabi-gcc-13.2.1-1.1/bin/../lib/gcc/arm-none-eabi/13.2.1/thumb/v7e-m/nofp\libgcc.a(_udivmoddi4.o)
 .ARM.attributes
                0x00000423       0x1e D:/GNU_Arm_Embedded_GCC/xpack-arm-none-eabi-gcc-13.2.1-1.1/bin/../lib/gcc/arm-none-eabi/13.2.1/thumb/v7e-m/nofp\libgcc.a(_dvmd_tls.o)
 .ARM.attributes
                0x00000441       0x2e D:/GNU_Arm_Embedded_GCC/xpack-arm-none-eabi-gcc-13.2.1-1.1/bin/../lib/gcc/arm-none-eabi/13.2.1/../../../../arm-none-eabi/lib/thumb/v7e-m/nofp\libg.a(libc_a-atexit.o)
 .ARM.attributes
                0x0000046f       0x2e D:/GNU_Arm_Embedded_GCC/xpack-arm-none-eabi-gcc-13.2.1-1.1/bin/../lib/gcc/arm-none-eabi/13.2.1/../../../../arm-none-eabi/lib/thumb/v7e-m/nofp\libg.a(libc_a-memset.o)
 .ARM.attributes
                0x0000049d       0x2e D:/GNU_Arm_Embedded_GCC/xpack-arm-none-eabi-gcc-13.2.1-1.1/bin/../lib/gcc/arm-none-eabi/13.2.1/../../../../arm-none-eabi/lib/thumb/v7e-m/nofp\libg.a(libc_a-init.o)
 .ARM.attributes
                0x000004cb       0x2e D:/GNU_Arm_Embedded_GCC/xpack-arm-none-eabi-gcc-13.2.1-1.1/bin/../lib/gcc/arm-none-eabi/13.2.1/../../../../arm-none-eabi/lib/thumb/v7e-m/nofp\libg.a(libc_a-fini.o)
 .ARM.attributes
                0x000004f9       0x2e D:/GNU_Arm_Embedded_GCC/xpack-arm-none-eabi-gcc-13.2.1-1.1/bin/../lib/gcc/arm-none-eabi/13.2.1/../../../../arm-none-eabi/lib/thumb/v7e-m/nofp\libg.a(libc_a-lock.o)
 .ARM.attributes
                0x00000527       0x2e D:/GNU_Arm_Embedded_GCC/xpack-arm-none-eabi-gcc-13.2.1-1.1/bin/../lib/gcc/arm-none-eabi/13.2.1/../../../../arm-none-eabi/lib/thumb/v7e-m/nofp\libg.a(libc_a-__atexit.o)
 .ARM.attributes
                0x00000555       0x2e D:/GNU_Arm_Embedded_GCC/xpack-arm-none-eabi-gcc-13.2.1-1.1/bin/../lib/gcc/arm-none-eabi/13.2.1/../../../../arm-none-eabi/lib/thumb/v7e-m/nofp\libg.a(libc_a-__call_atexit.o)
 .ARM.attributes
                0x00000583       0x1e D:/GNU_Arm_Embedded_GCC/xpack-arm-none-eabi-gcc-13.2.1-1.1/bin/../lib/gcc/arm-none-eabi/13.2.1/thumb/v7e-m/nofp/crtn.o
OUTPUT(PEC_2024.elf elf32-littlearm)
LOAD linker stubs
LOAD D:/GNU_Arm_Embedded_GCC/xpack-arm-none-eabi-gcc-13.2.1-1.1/bin/../lib/gcc/arm-none-eabi/13.2.1/../../../../arm-none-eabi/lib/thumb/v7e-m/nofp\libc.a
LOAD D:/GNU_Arm_Embedded_GCC/xpack-arm-none-eabi-gcc-13.2.1-1.1/bin/../lib/gcc/arm-none-eabi/13.2.1/../../../../arm-none-eabi/lib/thumb/v7e-m/nofp\libm.a
LOAD D:/GNU_Arm_Embedded_GCC/xpack-arm-none-eabi-gcc-13.2.1-1.1/bin/../lib/gcc/arm-none-eabi/13.2.1/thumb/v7e-m/nofp\libgcc.a

.comment        0x00000000       0x39
 .comment       0x00000000       0x39 D:/GNU_Arm_Embedded_GCC/xpack-arm-none-eabi-gcc-13.2.1-1.1/bin/../lib/gcc/arm-none-eabi/13.2.1/thumb/v7e-m/nofp/crtbegin.o
                                 0x3a (size before relaxing)
 .comment       0x00000039       0x3a CMakeFiles/PEC_2024.elf.dir/Core/Src/dma.c.obj
 .comment       0x00000039       0x3a CMakeFiles/PEC_2024.elf.dir/Core/Src/fdcan.c.obj
 .comment       0x00000039       0x3a CMakeFiles/PEC_2024.elf.dir/Core/Src/gpio.c.obj
 .comment       0x00000039       0x3a CMakeFiles/PEC_2024.elf.dir/Core/Src/main.c.obj
 .comment       0x00000039       0x3a CMakeFiles/PEC_2024.elf.dir/Core/Src/stm32g4xx_hal_msp.c.obj
 .comment       0x00000039       0x3a CMakeFiles/PEC_2024.elf.dir/Core/Src/stm32g4xx_it.c.obj
 .comment       0x00000039       0x3a CMakeFiles/PEC_2024.elf.dir/Core/Src/system_stm32g4xx.c.obj
 .comment       0x00000039       0x3a CMakeFiles/PEC_2024.elf.dir/Core/Src/usart.c.obj
 .comment       0x00000039       0x3a CMakeFiles/PEC_2024.elf.dir/Drivers/STM32G4xx_HAL_Driver/Src/stm32g4xx_hal.c.obj
 .comment       0x00000039       0x3a CMakeFiles/PEC_2024.elf.dir/Drivers/STM32G4xx_HAL_Driver/Src/stm32g4xx_hal_cortex.c.obj
 .comment       0x00000039       0x3a CMakeFiles/PEC_2024.elf.dir/Drivers/STM32G4xx_HAL_Driver/Src/stm32g4xx_hal_dma.c.obj
 .comment       0x00000039       0x3a CMakeFiles/PEC_2024.elf.dir/Drivers/STM32G4xx_HAL_Driver/Src/stm32g4xx_hal_fdcan.c.obj
 .comment       0x00000039       0x3a CMakeFiles/PEC_2024.elf.dir/Drivers/STM32G4xx_HAL_Driver/Src/stm32g4xx_hal_gpio.c.obj
 .comment       0x00000039       0x3a CMakeFiles/PEC_2024.elf.dir/Drivers/STM32G4xx_HAL_Driver/Src/stm32g4xx_hal_pwr_ex.c.obj
 .comment       0x00000039       0x3a CMakeFiles/PEC_2024.elf.dir/Drivers/STM32G4xx_HAL_Driver/Src/stm32g4xx_hal_rcc.c.obj
 .comment       0x00000039       0x3a CMakeFiles/PEC_2024.elf.dir/Drivers/STM32G4xx_HAL_Driver/Src/stm32g4xx_hal_rcc_ex.c.obj
 .comment       0x00000039       0x3a CMakeFiles/PEC_2024.elf.dir/Drivers/STM32G4xx_HAL_Driver/Src/stm32g4xx_hal_uart.c.obj
 .comment       0x00000039       0x3a CMakeFiles/PEC_2024.elf.dir/Drivers/STM32G4xx_HAL_Driver/Src/stm32g4xx_hal_uart_ex.c.obj
 .comment       0x00000039       0x3a CMakeFiles/PEC_2024.elf.dir/User/Device/Vision.c.obj
 .comment       0x00000039       0x3a D:/GNU_Arm_Embedded_GCC/xpack-arm-none-eabi-gcc-13.2.1-1.1/bin/../lib/gcc/arm-none-eabi/13.2.1/thumb/v7e-m/nofp\libgcc.a(_udivmoddi4.o)
 .comment       0x00000039       0x3a D:/GNU_Arm_Embedded_GCC/xpack-arm-none-eabi-gcc-13.2.1-1.1/bin/../lib/gcc/arm-none-eabi/13.2.1/../../../../arm-none-eabi/lib/thumb/v7e-m/nofp\libg.a(libc_a-atexit.o)
 .comment       0x00000039       0x3a D:/GNU_Arm_Embedded_GCC/xpack-arm-none-eabi-gcc-13.2.1-1.1/bin/../lib/gcc/arm-none-eabi/13.2.1/../../../../arm-none-eabi/lib/thumb/v7e-m/nofp\libg.a(libc_a-memset.o)
 .comment       0x00000039       0x3a D:/GNU_Arm_Embedded_GCC/xpack-arm-none-eabi-gcc-13.2.1-1.1/bin/../lib/gcc/arm-none-eabi/13.2.1/../../../../arm-none-eabi/lib/thumb/v7e-m/nofp\libg.a(libc_a-init.o)
 .comment       0x00000039       0x3a D:/GNU_Arm_Embedded_GCC/xpack-arm-none-eabi-gcc-13.2.1-1.1/bin/../lib/gcc/arm-none-eabi/13.2.1/../../../../arm-none-eabi/lib/thumb/v7e-m/nofp\libg.a(libc_a-fini.o)
 .comment       0x00000039       0x3a D:/GNU_Arm_Embedded_GCC/xpack-arm-none-eabi-gcc-13.2.1-1.1/bin/../lib/gcc/arm-none-eabi/13.2.1/../../../../arm-none-eabi/lib/thumb/v7e-m/nofp\libg.a(libc_a-lock.o)
 .comment       0x00000039       0x3a D:/GNU_Arm_Embedded_GCC/xpack-arm-none-eabi-gcc-13.2.1-1.1/bin/../lib/gcc/arm-none-eabi/13.2.1/../../../../arm-none-eabi/lib/thumb/v7e-m/nofp\libg.a(libc_a-__atexit.o)
 .comment       0x00000039       0x3a D:/GNU_Arm_Embedded_GCC/xpack-arm-none-eabi-gcc-13.2.1-1.1/bin/../lib/gcc/arm-none-eabi/13.2.1/../../../../arm-none-eabi/lib/thumb/v7e-m/nofp\libg.a(libc_a-__call_atexit.o)

.debug_info     0x00000000    0x13097
 .debug_info    0x00000000      0x608 CMakeFiles/PEC_2024.elf.dir/Core/Src/dma.c.obj
 .debug_info    0x00000608      0xc08 CMakeFiles/PEC_2024.elf.dir/Core/Src/fdcan.c.obj
 .debug_info    0x00001210      0x2e8 CMakeFiles/PEC_2024.elf.dir/Core/Src/gpio.c.obj
 .debug_info    0x000014f8      0xb07 CMakeFiles/PEC_2024.elf.dir/Core/Src/main.c.obj
 .debug_info    0x00001fff      0x2e3 CMakeFiles/PEC_2024.elf.dir/Core/Src/stm32g4xx_hal_msp.c.obj
 .debug_info    0x000022e2      0x8c8 CMakeFiles/PEC_2024.elf.dir/Core/Src/stm32g4xx_it.c.obj
 .debug_info    0x00002baa      0x39c CMakeFiles/PEC_2024.elf.dir/Core/Src/system_stm32g4xx.c.obj
 .debug_info    0x00002f46     0x13d3 CMakeFiles/PEC_2024.elf.dir/Core/Src/usart.c.obj
 .debug_info    0x00004319       0x30 CMakeFiles/PEC_2024.elf.dir/Core/Startup/startup_stm32g474vetx.s.obj
 .debug_info    0x00004349      0xc4e CMakeFiles/PEC_2024.elf.dir/Drivers/STM32G4xx_HAL_Driver/Src/stm32g4xx_hal.c.obj
 .debug_info    0x00004f97     0x1062 CMakeFiles/PEC_2024.elf.dir/Drivers/STM32G4xx_HAL_Driver/Src/stm32g4xx_hal_cortex.c.obj
 .debug_info    0x00005ff9      0x9e0 CMakeFiles/PEC_2024.elf.dir/Drivers/STM32G4xx_HAL_Driver/Src/stm32g4xx_hal_dma.c.obj
 .debug_info    0x000069d9     0x1c3b CMakeFiles/PEC_2024.elf.dir/Drivers/STM32G4xx_HAL_Driver/Src/stm32g4xx_hal_fdcan.c.obj
 .debug_info    0x00008614      0x795 CMakeFiles/PEC_2024.elf.dir/Drivers/STM32G4xx_HAL_Driver/Src/stm32g4xx_hal_gpio.c.obj
 .debug_info    0x00008da9      0x9bd CMakeFiles/PEC_2024.elf.dir/Drivers/STM32G4xx_HAL_Driver/Src/stm32g4xx_hal_pwr_ex.c.obj
 .debug_info    0x00009766      0xe3f CMakeFiles/PEC_2024.elf.dir/Drivers/STM32G4xx_HAL_Driver/Src/stm32g4xx_hal_rcc.c.obj
 .debug_info    0x0000a5a5      0xe5a CMakeFiles/PEC_2024.elf.dir/Drivers/STM32G4xx_HAL_Driver/Src/stm32g4xx_hal_rcc_ex.c.obj
 .debug_info    0x0000b3ff     0x620a CMakeFiles/PEC_2024.elf.dir/Drivers/STM32G4xx_HAL_Driver/Src/stm32g4xx_hal_uart.c.obj
 .debug_info    0x00011609     0x1249 CMakeFiles/PEC_2024.elf.dir/Drivers/STM32G4xx_HAL_Driver/Src/stm32g4xx_hal_uart_ex.c.obj
 .debug_info    0x00012852       0xe2 CMakeFiles/PEC_2024.elf.dir/User/Device/Vision.c.obj
 .debug_info    0x00012934       0x24 D:/GNU_Arm_Embedded_GCC/xpack-arm-none-eabi-gcc-13.2.1-1.1/bin/../lib/gcc/arm-none-eabi/13.2.1/thumb/v7e-m/nofp\libgcc.a(_aeabi_uldivmod.o)
 .debug_info    0x00012958      0x703 D:/GNU_Arm_Embedded_GCC/xpack-arm-none-eabi-gcc-13.2.1-1.1/bin/../lib/gcc/arm-none-eabi/13.2.1/thumb/v7e-m/nofp\libgcc.a(_udivmoddi4.o)
 .debug_info    0x0001305b       0x3c D:/GNU_Arm_Embedded_GCC/xpack-arm-none-eabi-gcc-13.2.1-1.1/bin/../lib/gcc/arm-none-eabi/13.2.1/thumb/v7e-m/nofp\libgcc.a(_dvmd_tls.o)

.debug_abbrev   0x00000000     0x27d7
 .debug_abbrev  0x00000000      0x11b CMakeFiles/PEC_2024.elf.dir/Core/Src/dma.c.obj
 .debug_abbrev  0x0000011b      0x1e2 CMakeFiles/PEC_2024.elf.dir/Core/Src/fdcan.c.obj
 .debug_abbrev  0x000002fd       0xc4 CMakeFiles/PEC_2024.elf.dir/Core/Src/gpio.c.obj
 .debug_abbrev  0x000003c1      0x21f CMakeFiles/PEC_2024.elf.dir/Core/Src/main.c.obj
 .debug_abbrev  0x000005e0       0xd7 CMakeFiles/PEC_2024.elf.dir/Core/Src/stm32g4xx_hal_msp.c.obj
 .debug_abbrev  0x000006b7      0x17b CMakeFiles/PEC_2024.elf.dir/Core/Src/stm32g4xx_it.c.obj
 .debug_abbrev  0x00000832      0x120 CMakeFiles/PEC_2024.elf.dir/Core/Src/system_stm32g4xx.c.obj
 .debug_abbrev  0x00000952      0x242 CMakeFiles/PEC_2024.elf.dir/Core/Src/usart.c.obj
 .debug_abbrev  0x00000b94       0x24 CMakeFiles/PEC_2024.elf.dir/Core/Startup/startup_stm32g474vetx.s.obj
 .debug_abbrev  0x00000bb8      0x27d CMakeFiles/PEC_2024.elf.dir/Drivers/STM32G4xx_HAL_Driver/Src/stm32g4xx_hal.c.obj
 .debug_abbrev  0x00000e35      0x390 CMakeFiles/PEC_2024.elf.dir/Drivers/STM32G4xx_HAL_Driver/Src/stm32g4xx_hal_cortex.c.obj
 .debug_abbrev  0x000011c5      0x215 CMakeFiles/PEC_2024.elf.dir/Drivers/STM32G4xx_HAL_Driver/Src/stm32g4xx_hal_dma.c.obj
 .debug_abbrev  0x000013da      0x1e8 CMakeFiles/PEC_2024.elf.dir/Drivers/STM32G4xx_HAL_Driver/Src/stm32g4xx_hal_fdcan.c.obj
 .debug_abbrev  0x000015c2      0x1f9 CMakeFiles/PEC_2024.elf.dir/Drivers/STM32G4xx_HAL_Driver/Src/stm32g4xx_hal_gpio.c.obj
 .debug_abbrev  0x000017bb      0x249 CMakeFiles/PEC_2024.elf.dir/Drivers/STM32G4xx_HAL_Driver/Src/stm32g4xx_hal_pwr_ex.c.obj
 .debug_abbrev  0x00001a04      0x2ab CMakeFiles/PEC_2024.elf.dir/Drivers/STM32G4xx_HAL_Driver/Src/stm32g4xx_hal_rcc.c.obj
 .debug_abbrev  0x00001caf      0x27f CMakeFiles/PEC_2024.elf.dir/Drivers/STM32G4xx_HAL_Driver/Src/stm32g4xx_hal_rcc_ex.c.obj
 .debug_abbrev  0x00001f2e      0x32e CMakeFiles/PEC_2024.elf.dir/Drivers/STM32G4xx_HAL_Driver/Src/stm32g4xx_hal_uart.c.obj
 .debug_abbrev  0x0000225c      0x343 CMakeFiles/PEC_2024.elf.dir/Drivers/STM32G4xx_HAL_Driver/Src/stm32g4xx_hal_uart_ex.c.obj
 .debug_abbrev  0x0000259f       0x94 CMakeFiles/PEC_2024.elf.dir/User/Device/Vision.c.obj
 .debug_abbrev  0x00002633       0x14 D:/GNU_Arm_Embedded_GCC/xpack-arm-none-eabi-gcc-13.2.1-1.1/bin/../lib/gcc/arm-none-eabi/13.2.1/thumb/v7e-m/nofp\libgcc.a(_aeabi_uldivmod.o)
 .debug_abbrev  0x00002647      0x16a D:/GNU_Arm_Embedded_GCC/xpack-arm-none-eabi-gcc-13.2.1-1.1/bin/../lib/gcc/arm-none-eabi/13.2.1/thumb/v7e-m/nofp\libgcc.a(_udivmoddi4.o)
 .debug_abbrev  0x000027b1       0x26 D:/GNU_Arm_Embedded_GCC/xpack-arm-none-eabi-gcc-13.2.1-1.1/bin/../lib/gcc/arm-none-eabi/13.2.1/thumb/v7e-m/nofp\libgcc.a(_dvmd_tls.o)

.debug_aranges  0x00000000      0xce0
 .debug_aranges
                0x00000000       0x20 CMakeFiles/PEC_2024.elf.dir/Core/Src/dma.c.obj
 .debug_aranges
                0x00000020       0x30 CMakeFiles/PEC_2024.elf.dir/Core/Src/fdcan.c.obj
 .debug_aranges
                0x00000050       0x20 CMakeFiles/PEC_2024.elf.dir/Core/Src/gpio.c.obj
 .debug_aranges
                0x00000070       0x30 CMakeFiles/PEC_2024.elf.dir/Core/Src/main.c.obj
 .debug_aranges
                0x000000a0       0x20 CMakeFiles/PEC_2024.elf.dir/Core/Src/stm32g4xx_hal_msp.c.obj
 .debug_aranges
                0x000000c0       0x78 CMakeFiles/PEC_2024.elf.dir/Core/Src/stm32g4xx_it.c.obj
 .debug_aranges
                0x00000138       0x28 CMakeFiles/PEC_2024.elf.dir/Core/Src/system_stm32g4xx.c.obj
 .debug_aranges
                0x00000160       0x38 CMakeFiles/PEC_2024.elf.dir/Core/Src/usart.c.obj
 .debug_aranges
                0x00000198       0x28 CMakeFiles/PEC_2024.elf.dir/Core/Startup/startup_stm32g474vetx.s.obj
 .debug_aranges
                0x000001c0      0x148 CMakeFiles/PEC_2024.elf.dir/Drivers/STM32G4xx_HAL_Driver/Src/stm32g4xx_hal.c.obj
 .debug_aranges
                0x00000308       0xf0 CMakeFiles/PEC_2024.elf.dir/Drivers/STM32G4xx_HAL_Driver/Src/stm32g4xx_hal_cortex.c.obj
 .debug_aranges
                0x000003f8       0x90 CMakeFiles/PEC_2024.elf.dir/Drivers/STM32G4xx_HAL_Driver/Src/stm32g4xx_hal_dma.c.obj
 .debug_aranges
                0x00000488      0x208 CMakeFiles/PEC_2024.elf.dir/Drivers/STM32G4xx_HAL_Driver/Src/stm32g4xx_hal_fdcan.c.obj
 .debug_aranges
                0x00000690       0x58 CMakeFiles/PEC_2024.elf.dir/Drivers/STM32G4xx_HAL_Driver/Src/stm32g4xx_hal_gpio.c.obj
 .debug_aranges
                0x000006e8      0x140 CMakeFiles/PEC_2024.elf.dir/Drivers/STM32G4xx_HAL_Driver/Src/stm32g4xx_hal_pwr_ex.c.obj
 .debug_aranges
                0x00000828       0x98 CMakeFiles/PEC_2024.elf.dir/Drivers/STM32G4xx_HAL_Driver/Src/stm32g4xx_hal_rcc.c.obj
 .debug_aranges
                0x000008c0       0xb0 CMakeFiles/PEC_2024.elf.dir/Drivers/STM32G4xx_HAL_Driver/Src/stm32g4xx_hal_rcc_ex.c.obj
 .debug_aranges
                0x00000970      0x248 CMakeFiles/PEC_2024.elf.dir/Drivers/STM32G4xx_HAL_Driver/Src/stm32g4xx_hal_uart.c.obj
 .debug_aranges
                0x00000bb8       0xa8 CMakeFiles/PEC_2024.elf.dir/Drivers/STM32G4xx_HAL_Driver/Src/stm32g4xx_hal_uart_ex.c.obj
 .debug_aranges
                0x00000c60       0x20 CMakeFiles/PEC_2024.elf.dir/User/Device/Vision.c.obj
 .debug_aranges
                0x00000c80       0x20 D:/GNU_Arm_Embedded_GCC/xpack-arm-none-eabi-gcc-13.2.1-1.1/bin/../lib/gcc/arm-none-eabi/13.2.1/thumb/v7e-m/nofp\libgcc.a(_aeabi_uldivmod.o)
 .debug_aranges
                0x00000ca0       0x20 D:/GNU_Arm_Embedded_GCC/xpack-arm-none-eabi-gcc-13.2.1-1.1/bin/../lib/gcc/arm-none-eabi/13.2.1/thumb/v7e-m/nofp\libgcc.a(_udivmoddi4.o)
 .debug_aranges
                0x00000cc0       0x20 D:/GNU_Arm_Embedded_GCC/xpack-arm-none-eabi-gcc-13.2.1-1.1/bin/../lib/gcc/arm-none-eabi/13.2.1/thumb/v7e-m/nofp\libgcc.a(_dvmd_tls.o)

.debug_rnglists
                0x00000000      0x9fe
 .debug_rnglists
                0x00000000       0x13 CMakeFiles/PEC_2024.elf.dir/Core/Src/dma.c.obj
 .debug_rnglists
                0x00000013       0x20 CMakeFiles/PEC_2024.elf.dir/Core/Src/fdcan.c.obj
 .debug_rnglists
                0x00000033       0x13 CMakeFiles/PEC_2024.elf.dir/Core/Src/gpio.c.obj
 .debug_rnglists
                0x00000046       0x1f CMakeFiles/PEC_2024.elf.dir/Core/Src/main.c.obj
 .debug_rnglists
                0x00000065       0x13 CMakeFiles/PEC_2024.elf.dir/Core/Src/stm32g4xx_hal_msp.c.obj
 .debug_rnglists
                0x00000078       0x55 CMakeFiles/PEC_2024.elf.dir/Core/Src/stm32g4xx_it.c.obj
 .debug_rnglists
                0x000000cd       0x1a CMakeFiles/PEC_2024.elf.dir/Core/Src/system_stm32g4xx.c.obj
 .debug_rnglists
                0x000000e7       0x26 CMakeFiles/PEC_2024.elf.dir/Core/Src/usart.c.obj
 .debug_rnglists
                0x0000010d       0x19 CMakeFiles/PEC_2024.elf.dir/Core/Startup/startup_stm32g474vetx.s.obj
 .debug_rnglists
                0x00000126       0xf1 CMakeFiles/PEC_2024.elf.dir/Drivers/STM32G4xx_HAL_Driver/Src/stm32g4xx_hal.c.obj
 .debug_rnglists
                0x00000217       0xaf CMakeFiles/PEC_2024.elf.dir/Drivers/STM32G4xx_HAL_Driver/Src/stm32g4xx_hal_cortex.c.obj
 .debug_rnglists
                0x000002c6       0x6c CMakeFiles/PEC_2024.elf.dir/Drivers/STM32G4xx_HAL_Driver/Src/stm32g4xx_hal_dma.c.obj
 .debug_rnglists
                0x00000332      0x18a CMakeFiles/PEC_2024.elf.dir/Drivers/STM32G4xx_HAL_Driver/Src/stm32g4xx_hal_fdcan.c.obj
 .debug_rnglists
                0x000004bc       0x3f CMakeFiles/PEC_2024.elf.dir/Drivers/STM32G4xx_HAL_Driver/Src/stm32g4xx_hal_gpio.c.obj
 .debug_rnglists
                0x000004fb       0xf1 CMakeFiles/PEC_2024.elf.dir/Drivers/STM32G4xx_HAL_Driver/Src/stm32g4xx_hal_pwr_ex.c.obj
 .debug_rnglists
                0x000005ec       0x81 CMakeFiles/PEC_2024.elf.dir/Drivers/STM32G4xx_HAL_Driver/Src/stm32g4xx_hal_rcc.c.obj
 .debug_rnglists
                0x0000066d       0x92 CMakeFiles/PEC_2024.elf.dir/Drivers/STM32G4xx_HAL_Driver/Src/stm32g4xx_hal_rcc_ex.c.obj
 .debug_rnglists
                0x000006ff      0x1cb CMakeFiles/PEC_2024.elf.dir/Drivers/STM32G4xx_HAL_Driver/Src/stm32g4xx_hal_uart.c.obj
 .debug_rnglists
                0x000008ca       0x88 CMakeFiles/PEC_2024.elf.dir/Drivers/STM32G4xx_HAL_Driver/Src/stm32g4xx_hal_uart_ex.c.obj
 .debug_rnglists
                0x00000952       0x13 CMakeFiles/PEC_2024.elf.dir/User/Device/Vision.c.obj
 .debug_rnglists
                0x00000965       0x99 D:/GNU_Arm_Embedded_GCC/xpack-arm-none-eabi-gcc-13.2.1-1.1/bin/../lib/gcc/arm-none-eabi/13.2.1/thumb/v7e-m/nofp\libgcc.a(_udivmoddi4.o)

.debug_line     0x00000000     0xe405
 .debug_line    0x00000000      0x1da CMakeFiles/PEC_2024.elf.dir/Core/Src/dma.c.obj
 .debug_line    0x000001da      0x3d3 CMakeFiles/PEC_2024.elf.dir/Core/Src/fdcan.c.obj
 .debug_line    0x000005ad      0x18d CMakeFiles/PEC_2024.elf.dir/Core/Src/gpio.c.obj
 .debug_line    0x0000073a      0x3c6 CMakeFiles/PEC_2024.elf.dir/Core/Src/main.c.obj
 .debug_line    0x00000b00      0x1e6 CMakeFiles/PEC_2024.elf.dir/Core/Src/stm32g4xx_hal_msp.c.obj
 .debug_line    0x00000ce6      0x317 CMakeFiles/PEC_2024.elf.dir/Core/Src/stm32g4xx_it.c.obj
 .debug_line    0x00000ffd      0x250 CMakeFiles/PEC_2024.elf.dir/Core/Src/system_stm32g4xx.c.obj
 .debug_line    0x0000124d      0x5ed CMakeFiles/PEC_2024.elf.dir/Core/Src/usart.c.obj
 .debug_line    0x0000183a       0x7b CMakeFiles/PEC_2024.elf.dir/Core/Startup/startup_stm32g474vetx.s.obj
 .debug_line    0x000018b5      0x739 CMakeFiles/PEC_2024.elf.dir/Drivers/STM32G4xx_HAL_Driver/Src/stm32g4xx_hal.c.obj
 .debug_line    0x00001fee      0x867 CMakeFiles/PEC_2024.elf.dir/Drivers/STM32G4xx_HAL_Driver/Src/stm32g4xx_hal_cortex.c.obj
 .debug_line    0x00002855      0xc8d CMakeFiles/PEC_2024.elf.dir/Drivers/STM32G4xx_HAL_Driver/Src/stm32g4xx_hal_dma.c.obj
 .debug_line    0x000034e2     0x1a85 CMakeFiles/PEC_2024.elf.dir/Drivers/STM32G4xx_HAL_Driver/Src/stm32g4xx_hal_fdcan.c.obj
 .debug_line    0x00004f67      0x6ff CMakeFiles/PEC_2024.elf.dir/Drivers/STM32G4xx_HAL_Driver/Src/stm32g4xx_hal_gpio.c.obj
 .debug_line    0x00005666      0xaa5 CMakeFiles/PEC_2024.elf.dir/Drivers/STM32G4xx_HAL_Driver/Src/stm32g4xx_hal_pwr_ex.c.obj
 .debug_line    0x0000610b      0xee4 CMakeFiles/PEC_2024.elf.dir/Drivers/STM32G4xx_HAL_Driver/Src/stm32g4xx_hal_rcc.c.obj
 .debug_line    0x00006fef     0x1274 CMakeFiles/PEC_2024.elf.dir/Drivers/STM32G4xx_HAL_Driver/Src/stm32g4xx_hal_rcc_ex.c.obj
 .debug_line    0x00008263     0x4f12 CMakeFiles/PEC_2024.elf.dir/Drivers/STM32G4xx_HAL_Driver/Src/stm32g4xx_hal_uart.c.obj
 .debug_line    0x0000d175      0xb12 CMakeFiles/PEC_2024.elf.dir/Drivers/STM32G4xx_HAL_Driver/Src/stm32g4xx_hal_uart_ex.c.obj
 .debug_line    0x0000dc87      0x133 CMakeFiles/PEC_2024.elf.dir/User/Device/Vision.c.obj
 .debug_line    0x0000ddba       0x4e D:/GNU_Arm_Embedded_GCC/xpack-arm-none-eabi-gcc-13.2.1-1.1/bin/../lib/gcc/arm-none-eabi/13.2.1/thumb/v7e-m/nofp\libgcc.a(_aeabi_uldivmod.o)
 .debug_line    0x0000de08      0x5b3 D:/GNU_Arm_Embedded_GCC/xpack-arm-none-eabi-gcc-13.2.1-1.1/bin/../lib/gcc/arm-none-eabi/13.2.1/thumb/v7e-m/nofp\libgcc.a(_udivmoddi4.o)
 .debug_line    0x0000e3bb       0x4a D:/GNU_Arm_Embedded_GCC/xpack-arm-none-eabi-gcc-13.2.1-1.1/bin/../lib/gcc/arm-none-eabi/13.2.1/thumb/v7e-m/nofp\libgcc.a(_dvmd_tls.o)

.debug_str      0x00000000     0x510a
 .debug_str     0x00000000     0x510a CMakeFiles/PEC_2024.elf.dir/Core/Src/dma.c.obj
                                0x969 (size before relaxing)
 .debug_str     0x0000510a      0x97d CMakeFiles/PEC_2024.elf.dir/Core/Src/fdcan.c.obj
 .debug_str     0x0000510a      0x311 CMakeFiles/PEC_2024.elf.dir/Core/Src/gpio.c.obj
 .debug_str     0x0000510a      0x981 CMakeFiles/PEC_2024.elf.dir/Core/Src/main.c.obj
 .debug_str     0x0000510a      0x33e CMakeFiles/PEC_2024.elf.dir/Core/Src/stm32g4xx_hal_msp.c.obj
 .debug_str     0x0000510a      0x84a CMakeFiles/PEC_2024.elf.dir/Core/Src/stm32g4xx_it.c.obj
 .debug_str     0x0000510a      0x383 CMakeFiles/PEC_2024.elf.dir/Core/Src/system_stm32g4xx.c.obj
 .debug_str     0x0000510a     0x12a5 CMakeFiles/PEC_2024.elf.dir/Core/Src/usart.c.obj
 .debug_str     0x0000510a       0x7d CMakeFiles/PEC_2024.elf.dir/Core/Startup/startup_stm32g474vetx.s.obj
 .debug_str     0x0000510a      0xe4f CMakeFiles/PEC_2024.elf.dir/Drivers/STM32G4xx_HAL_Driver/Src/stm32g4xx_hal.c.obj
 .debug_str     0x0000510a      0xda5 CMakeFiles/PEC_2024.elf.dir/Drivers/STM32G4xx_HAL_Driver/Src/stm32g4xx_hal_cortex.c.obj
 .debug_str     0x0000510a      0x7b1 CMakeFiles/PEC_2024.elf.dir/Drivers/STM32G4xx_HAL_Driver/Src/stm32g4xx_hal_dma.c.obj
 .debug_str     0x0000510a     0x123d CMakeFiles/PEC_2024.elf.dir/Drivers/STM32G4xx_HAL_Driver/Src/stm32g4xx_hal_fdcan.c.obj
 .debug_str     0x0000510a      0x550 CMakeFiles/PEC_2024.elf.dir/Drivers/STM32G4xx_HAL_Driver/Src/stm32g4xx_hal_gpio.c.obj
 .debug_str     0x0000510a      0x7f2 CMakeFiles/PEC_2024.elf.dir/Drivers/STM32G4xx_HAL_Driver/Src/stm32g4xx_hal_pwr_ex.c.obj
 .debug_str     0x0000510a      0x865 CMakeFiles/PEC_2024.elf.dir/Drivers/STM32G4xx_HAL_Driver/Src/stm32g4xx_hal_rcc.c.obj
 .debug_str     0x0000510a      0xa75 CMakeFiles/PEC_2024.elf.dir/Drivers/STM32G4xx_HAL_Driver/Src/stm32g4xx_hal_rcc_ex.c.obj
 .debug_str     0x0000510a     0x123a CMakeFiles/PEC_2024.elf.dir/Drivers/STM32G4xx_HAL_Driver/Src/stm32g4xx_hal_uart.c.obj
 .debug_str     0x0000510a      0xb6e CMakeFiles/PEC_2024.elf.dir/Drivers/STM32G4xx_HAL_Driver/Src/stm32g4xx_hal_uart_ex.c.obj
 .debug_str     0x0000510a      0x1d6 CMakeFiles/PEC_2024.elf.dir/User/Device/Vision.c.obj
 .debug_str     0x0000510a      0x11d D:/GNU_Arm_Embedded_GCC/xpack-arm-none-eabi-gcc-13.2.1-1.1/bin/../lib/gcc/arm-none-eabi/13.2.1/thumb/v7e-m/nofp\libgcc.a(_aeabi_uldivmod.o)
 .debug_str     0x0000510a      0x733 D:/GNU_Arm_Embedded_GCC/xpack-arm-none-eabi-gcc-13.2.1-1.1/bin/../lib/gcc/arm-none-eabi/13.2.1/thumb/v7e-m/nofp\libgcc.a(_udivmoddi4.o)
 .debug_str     0x0000510a      0x13d D:/GNU_Arm_Embedded_GCC/xpack-arm-none-eabi-gcc-13.2.1-1.1/bin/../lib/gcc/arm-none-eabi/13.2.1/thumb/v7e-m/nofp\libgcc.a(_dvmd_tls.o)

.debug_frame    0x00000000     0x1cd0
 .debug_frame   0x00000000       0x2c CMakeFiles/PEC_2024.elf.dir/Core/Src/dma.c.obj
 .debug_frame   0x0000002c       0x60 CMakeFiles/PEC_2024.elf.dir/Core/Src/fdcan.c.obj
 .debug_frame   0x0000008c       0x28 CMakeFiles/PEC_2024.elf.dir/Core/Src/gpio.c.obj
 .debug_frame   0x000000b4       0x58 CMakeFiles/PEC_2024.elf.dir/Core/Src/main.c.obj
 .debug_frame   0x0000010c       0x2c CMakeFiles/PEC_2024.elf.dir/Core/Src/stm32g4xx_hal_msp.c.obj
 .debug_frame   0x00000138       0xf0 CMakeFiles/PEC_2024.elf.dir/Core/Src/stm32g4xx_it.c.obj
 .debug_frame   0x00000228       0x30 CMakeFiles/PEC_2024.elf.dir/Core/Src/system_stm32g4xx.c.obj
 .debug_frame   0x00000258       0x7c CMakeFiles/PEC_2024.elf.dir/Core/Src/usart.c.obj
 .debug_frame   0x000002d4      0x2a4 CMakeFiles/PEC_2024.elf.dir/Drivers/STM32G4xx_HAL_Driver/Src/stm32g4xx_hal.c.obj
 .debug_frame   0x00000578      0x204 CMakeFiles/PEC_2024.elf.dir/Drivers/STM32G4xx_HAL_Driver/Src/stm32g4xx_hal_cortex.c.obj
 .debug_frame   0x0000077c      0x16c CMakeFiles/PEC_2024.elf.dir/Drivers/STM32G4xx_HAL_Driver/Src/stm32g4xx_hal_dma.c.obj
 .debug_frame   0x000008e8      0x4a4 CMakeFiles/PEC_2024.elf.dir/Drivers/STM32G4xx_HAL_Driver/Src/stm32g4xx_hal_fdcan.c.obj
 .debug_frame   0x00000d8c       0xd0 CMakeFiles/PEC_2024.elf.dir/Drivers/STM32G4xx_HAL_Driver/Src/stm32g4xx_hal_gpio.c.obj
 .debug_frame   0x00000e5c      0x268 CMakeFiles/PEC_2024.elf.dir/Drivers/STM32G4xx_HAL_Driver/Src/stm32g4xx_hal_pwr_ex.c.obj
 .debug_frame   0x000010c4      0x198 CMakeFiles/PEC_2024.elf.dir/Drivers/STM32G4xx_HAL_Driver/Src/stm32g4xx_hal_rcc.c.obj
 .debug_frame   0x0000125c      0x1a0 CMakeFiles/PEC_2024.elf.dir/Drivers/STM32G4xx_HAL_Driver/Src/stm32g4xx_hal_rcc_ex.c.obj
 .debug_frame   0x000013fc      0x67c CMakeFiles/PEC_2024.elf.dir/Drivers/STM32G4xx_HAL_Driver/Src/stm32g4xx_hal_uart.c.obj
 .debug_frame   0x00001a78      0x1d8 CMakeFiles/PEC_2024.elf.dir/Drivers/STM32G4xx_HAL_Driver/Src/stm32g4xx_hal_uart_ex.c.obj
 .debug_frame   0x00001c50       0x20 CMakeFiles/PEC_2024.elf.dir/User/Device/Vision.c.obj
 .debug_frame   0x00001c70       0x2c D:/GNU_Arm_Embedded_GCC/xpack-arm-none-eabi-gcc-13.2.1-1.1/bin/../lib/gcc/arm-none-eabi/13.2.1/thumb/v7e-m/nofp\libgcc.a(_aeabi_uldivmod.o)
 .debug_frame   0x00001c9c       0x34 D:/GNU_Arm_Embedded_GCC/xpack-arm-none-eabi-gcc-13.2.1-1.1/bin/../lib/gcc/arm-none-eabi/13.2.1/thumb/v7e-m/nofp\libgcc.a(_udivmoddi4.o)

.debug_loclists
                0x00000000     0x86e3
 .debug_loclists
                0x00000000       0x55 CMakeFiles/PEC_2024.elf.dir/Core/Src/fdcan.c.obj
 .debug_loclists
                0x00000055       0x65 CMakeFiles/PEC_2024.elf.dir/Core/Src/system_stm32g4xx.c.obj
 .debug_loclists
                0x000000ba       0x63 CMakeFiles/PEC_2024.elf.dir/Core/Src/usart.c.obj
 .debug_loclists
                0x0000011d      0x14d CMakeFiles/PEC_2024.elf.dir/Drivers/STM32G4xx_HAL_Driver/Src/stm32g4xx_hal.c.obj
 .debug_loclists
                0x0000026a      0x545 CMakeFiles/PEC_2024.elf.dir/Drivers/STM32G4xx_HAL_Driver/Src/stm32g4xx_hal_cortex.c.obj
 .debug_loclists
                0x000007af      0x5ff CMakeFiles/PEC_2024.elf.dir/Drivers/STM32G4xx_HAL_Driver/Src/stm32g4xx_hal_dma.c.obj
 .debug_loclists
                0x00000dae      0xfc9 CMakeFiles/PEC_2024.elf.dir/Drivers/STM32G4xx_HAL_Driver/Src/stm32g4xx_hal_fdcan.c.obj
 .debug_loclists
                0x00001d77      0x291 CMakeFiles/PEC_2024.elf.dir/Drivers/STM32G4xx_HAL_Driver/Src/stm32g4xx_hal_gpio.c.obj
 .debug_loclists
                0x00002008      0x714 CMakeFiles/PEC_2024.elf.dir/Drivers/STM32G4xx_HAL_Driver/Src/stm32g4xx_hal_pwr_ex.c.obj
 .debug_loclists
                0x0000271c      0x5aa CMakeFiles/PEC_2024.elf.dir/Drivers/STM32G4xx_HAL_Driver/Src/stm32g4xx_hal_rcc.c.obj
 .debug_loclists
                0x00002cc6     0x1080 CMakeFiles/PEC_2024.elf.dir/Drivers/STM32G4xx_HAL_Driver/Src/stm32g4xx_hal_rcc_ex.c.obj
 .debug_loclists
                0x00003d46     0x3733 CMakeFiles/PEC_2024.elf.dir/Drivers/STM32G4xx_HAL_Driver/Src/stm32g4xx_hal_uart.c.obj
 .debug_loclists
                0x00007479      0x835 CMakeFiles/PEC_2024.elf.dir/Drivers/STM32G4xx_HAL_Driver/Src/stm32g4xx_hal_uart_ex.c.obj
 .debug_loclists
                0x00007cae       0x20 CMakeFiles/PEC_2024.elf.dir/User/Device/Vision.c.obj
 .debug_loclists
                0x00007cce      0xa15 D:/GNU_Arm_Embedded_GCC/xpack-arm-none-eabi-gcc-13.2.1-1.1/bin/../lib/gcc/arm-none-eabi/13.2.1/thumb/v7e-m/nofp\libgcc.a(_udivmoddi4.o)

.debug_line_str
                0x00000000      0x17c
 .debug_line_str
                0x00000000      0x17c CMakeFiles/PEC_2024.elf.dir/Core/Startup/startup_stm32g474vetx.s.obj
                                 0x61 (size before relaxing)
 .debug_line_str
                0x0000017c      0x10f D:/GNU_Arm_Embedded_GCC/xpack-arm-none-eabi-gcc-13.2.1-1.1/bin/../lib/gcc/arm-none-eabi/13.2.1/thumb/v7e-m/nofp\libgcc.a(_aeabi_uldivmod.o)
 .debug_line_str
                0x0000017c      0x113 D:/GNU_Arm_Embedded_GCC/xpack-arm-none-eabi-gcc-13.2.1-1.1/bin/../lib/gcc/arm-none-eabi/13.2.1/thumb/v7e-m/nofp\libgcc.a(_dvmd_tls.o)
